Archive member included to satisfy reference by file (symbol)

c:/st/stm32cubeide_1.0.2/stm32cubeide/plugins/com.st.stm32cube.ide.mcu.externaltools.gnu-tools-for-stm32.7-2018-q2-update.win32_1.0.0.201904181610/tools/bin/../lib/gcc/arm-none-eabi/7.3.1/../../../../arm-none-eabi/lib/thumb/v7e-m/fpv4-sp/hard\libc_nano.a(lib_a-errno.o)
                              Core/Src/syscalls.o (__errno)
c:/st/stm32cubeide_1.0.2/stm32cubeide/plugins/com.st.stm32cube.ide.mcu.externaltools.gnu-tools-for-stm32.7-2018-q2-update.win32_1.0.0.201904181610/tools/bin/../lib/gcc/arm-none-eabi/7.3.1/../../../../arm-none-eabi/lib/thumb/v7e-m/fpv4-sp/hard\libc_nano.a(lib_a-exit.o)
                              c:/st/stm32cubeide_1.0.2/stm32cubeide/plugins/com.st.stm32cube.ide.mcu.externaltools.gnu-tools-for-stm32.7-2018-q2-update.win32_1.0.0.201904181610/tools/bin/../lib/gcc/arm-none-eabi/7.3.1/../../../../arm-none-eabi/lib/thumb/v7e-m/fpv4-sp/hard/crt0.o (exit)
c:/st/stm32cubeide_1.0.2/stm32cubeide/plugins/com.st.stm32cube.ide.mcu.externaltools.gnu-tools-for-stm32.7-2018-q2-update.win32_1.0.0.201904181610/tools/bin/../lib/gcc/arm-none-eabi/7.3.1/../../../../arm-none-eabi/lib/thumb/v7e-m/fpv4-sp/hard\libc_nano.a(lib_a-impure.o)
                              c:/st/stm32cubeide_1.0.2/stm32cubeide/plugins/com.st.stm32cube.ide.mcu.externaltools.gnu-tools-for-stm32.7-2018-q2-update.win32_1.0.0.201904181610/tools/bin/../lib/gcc/arm-none-eabi/7.3.1/../../../../arm-none-eabi/lib/thumb/v7e-m/fpv4-sp/hard\libc_nano.a(lib_a-exit.o) (_global_impure_ptr)
c:/st/stm32cubeide_1.0.2/stm32cubeide/plugins/com.st.stm32cube.ide.mcu.externaltools.gnu-tools-for-stm32.7-2018-q2-update.win32_1.0.0.201904181610/tools/bin/../lib/gcc/arm-none-eabi/7.3.1/../../../../arm-none-eabi/lib/thumb/v7e-m/fpv4-sp/hard\libc_nano.a(lib_a-init.o)
                              c:/st/stm32cubeide_1.0.2/stm32cubeide/plugins/com.st.stm32cube.ide.mcu.externaltools.gnu-tools-for-stm32.7-2018-q2-update.win32_1.0.0.201904181610/tools/bin/../lib/gcc/arm-none-eabi/7.3.1/../../../../arm-none-eabi/lib/thumb/v7e-m/fpv4-sp/hard/crt0.o (__libc_init_array)
c:/st/stm32cubeide_1.0.2/stm32cubeide/plugins/com.st.stm32cube.ide.mcu.externaltools.gnu-tools-for-stm32.7-2018-q2-update.win32_1.0.0.201904181610/tools/bin/../lib/gcc/arm-none-eabi/7.3.1/../../../../arm-none-eabi/lib/thumb/v7e-m/fpv4-sp/hard\libc_nano.a(lib_a-memcpy-stub.o)
                              Middlewares/Third_Party/FreeRTOS/Source/CMSIS_RTOS_V2/cmsis_os2.o (memcpy)
c:/st/stm32cubeide_1.0.2/stm32cubeide/plugins/com.st.stm32cube.ide.mcu.externaltools.gnu-tools-for-stm32.7-2018-q2-update.win32_1.0.0.201904181610/tools/bin/../lib/gcc/arm-none-eabi/7.3.1/../../../../arm-none-eabi/lib/thumb/v7e-m/fpv4-sp/hard\libc_nano.a(lib_a-memset.o)
                              c:/st/stm32cubeide_1.0.2/stm32cubeide/plugins/com.st.stm32cube.ide.mcu.externaltools.gnu-tools-for-stm32.7-2018-q2-update.win32_1.0.0.201904181610/tools/bin/../lib/gcc/arm-none-eabi/7.3.1/../../../../arm-none-eabi/lib/thumb/v7e-m/fpv4-sp/hard/crt0.o (memset)
c:/st/stm32cubeide_1.0.2/stm32cubeide/plugins/com.st.stm32cube.ide.mcu.externaltools.gnu-tools-for-stm32.7-2018-q2-update.win32_1.0.0.201904181610/tools/bin/../lib/gcc/arm-none-eabi/7.3.1/../../../../arm-none-eabi/lib/thumb/v7e-m/fpv4-sp/hard\libc_nano.a(lib_a-strlen.o)
                              Core/Src/main.o (strlen)
c:/st/stm32cubeide_1.0.2/stm32cubeide/plugins/com.st.stm32cube.ide.mcu.externaltools.gnu-tools-for-stm32.7-2018-q2-update.win32_1.0.0.201904181610/tools/bin/../lib/gcc/arm-none-eabi/7.3.1/thumb/v7e-m/fpv4-sp/hard\libgcc.a(_aeabi_uldivmod.o)
                              Drivers/STM32F7xx_HAL_Driver/Src/stm32f7xx_hal_rcc.o (__aeabi_uldivmod)
c:/st/stm32cubeide_1.0.2/stm32cubeide/plugins/com.st.stm32cube.ide.mcu.externaltools.gnu-tools-for-stm32.7-2018-q2-update.win32_1.0.0.201904181610/tools/bin/../lib/gcc/arm-none-eabi/7.3.1/thumb/v7e-m/fpv4-sp/hard\libgcc.a(_udivmoddi4.o)
                              c:/st/stm32cubeide_1.0.2/stm32cubeide/plugins/com.st.stm32cube.ide.mcu.externaltools.gnu-tools-for-stm32.7-2018-q2-update.win32_1.0.0.201904181610/tools/bin/../lib/gcc/arm-none-eabi/7.3.1/thumb/v7e-m/fpv4-sp/hard\libgcc.a(_aeabi_uldivmod.o) (__udivmoddi4)
c:/st/stm32cubeide_1.0.2/stm32cubeide/plugins/com.st.stm32cube.ide.mcu.externaltools.gnu-tools-for-stm32.7-2018-q2-update.win32_1.0.0.201904181610/tools/bin/../lib/gcc/arm-none-eabi/7.3.1/thumb/v7e-m/fpv4-sp/hard\libgcc.a(_dvmd_tls.o)
                              c:/st/stm32cubeide_1.0.2/stm32cubeide/plugins/com.st.stm32cube.ide.mcu.externaltools.gnu-tools-for-stm32.7-2018-q2-update.win32_1.0.0.201904181610/tools/bin/../lib/gcc/arm-none-eabi/7.3.1/thumb/v7e-m/fpv4-sp/hard\libgcc.a(_aeabi_uldivmod.o) (__aeabi_ldiv0)

Allocating common symbols
Common symbol       size              file

defaultTaskHandle   0x4               Core/Src/freertos.o
usart_rx_dma_queue_idHandle
                    0x4               Core/Src/freertos.o
[...]
Memory Configuration

Name             Origin             Length             Attributes
RAM              0x0000000020000000 0x0000000000050000 xrw
FLASH            0x0000000008000000 0x0000000000100000 xr
*default*        0x0000000000000000 0xffffffffffffffff

Linker script and memory map

LOAD c:/st/stm32cubeide_1.0.2/stm32cubeide/plugins/com.st.stm32cube.ide.mcu.externaltools.gnu-tools-for-stm32.7-2018-q2-update.win32_1.0.0.201904181610/tools/bin/../lib/gcc/arm-none-eabi/7.3.1/thumb/v7e-m/fpv4-sp/hard/crti.o
LOAD c:/st/stm32cubeide_1.0.2/stm32cubeide/plugins/com.st.stm32cube.ide.mcu.externaltools.gnu-tools-for-stm32.7-2018-q2-update.win32_1.0.0.201904181610/tools/bin/../lib/gcc/arm-none-eabi/7.3.1/thumb/v7e-m/fpv4-sp/hard/crtbegin.o
LOAD c:/st/stm32cubeide_1.0.2/stm32cubeide/plugins/com.st.stm32cube.ide.mcu.externaltools.gnu-tools-for-stm32.7-2018-q2-update.win32_1.0.0.201904181610/tools/bin/../lib/gcc/arm-none-eabi/7.3.1/../../../../arm-none-eabi/lib/thumb/v7e-m/fpv4-sp/hard/crt0.o
LOAD Core/Src/dma.o
LOAD Core/Src/freertos.o
LOAD Core/Src/gpio.o
LOAD Core/Src/main.o
LOAD Core/Src/stm32f7xx_hal_msp.o
LOAD Core/Src/stm32f7xx_hal_timebase_tim.o
LOAD Core/Src/stm32f7xx_it.o
LOAD Core/Src/syscalls.o
LOAD Core/Src/sysmem.o
LOAD Core/Src/system_stm32f7xx.o
LOAD Core/Src/usart.o
LOAD Core/Startup/startup_stm32f746zgtx.o
LOAD Drivers/STM32F7xx_HAL_Driver/Src/stm32f7xx_hal.o
LOAD Drivers/STM32F7xx_HAL_Driver/Src/stm32f7xx_hal_cortex.o
LOAD Drivers/STM32F7xx_HAL_Driver/Src/stm32f7xx_hal_dma.o
LOAD Drivers/STM32F7xx_HAL_Driver/Src/stm32f7xx_hal_dma_ex.o
LOAD Drivers/STM32F7xx_HAL_Driver/Src/stm32f7xx_hal_exti.o
LOAD Drivers/STM32F7xx_HAL_Driver/Src/stm32f7xx_hal_flash.o
LOAD Drivers/STM32F7xx_HAL_Driver/Src/stm32f7xx_hal_flash_ex.o
LOAD Drivers/STM32F7xx_HAL_Driver/Src/stm32f7xx_hal_gpio.o
LOAD Drivers/STM32F7xx_HAL_Driver/Src/stm32f7xx_hal_i2c.o
LOAD Drivers/STM32F7xx_HAL_Driver/Src/stm32f7xx_hal_i2c_ex.o
LOAD Drivers/STM32F7xx_HAL_Driver/Src/stm32f7xx_hal_pwr.o
LOAD Drivers/STM32F7xx_HAL_Driver/Src/stm32f7xx_hal_pwr_ex.o
LOAD Drivers/STM32F7xx_HAL_Driver/Src/stm32f7xx_hal_rcc.o
LOAD Drivers/STM32F7xx_HAL_Driver/Src/stm32f7xx_hal_rcc_ex.o
LOAD Drivers/STM32F7xx_HAL_Driver/Src/stm32f7xx_hal_tim.o
LOAD Drivers/STM32F7xx_HAL_Driver/Src/stm32f7xx_hal_tim_ex.o
LOAD Drivers/STM32F7xx_HAL_Driver/Src/stm32f7xx_hal_uart.o
LOAD Drivers/STM32F7xx_HAL_Driver/Src/stm32f7xx_hal_uart_ex.o
LOAD Drivers/STM32F7xx_HAL_Driver/Src/stm32f7xx_ll_dma.o
LOAD Drivers/STM32F7xx_HAL_Driver/Src/stm32f7xx_ll_exti.o
LOAD Drivers/STM32F7xx_HAL_Driver/Src/stm32f7xx_ll_gpio.o
LOAD Drivers/STM32F7xx_HAL_Driver/Src/stm32f7xx_ll_rcc.o
LOAD Drivers/STM32F7xx_HAL_Driver/Src/stm32f7xx_ll_usart.o
LOAD Drivers/STM32F7xx_HAL_Driver/Src/stm32f7xx_ll_utils.o
LOAD Middlewares/Third_Party/FreeRTOS/Source/CMSIS_RTOS_V2/cmsis_os2.o
LOAD Middlewares/Third_Party/FreeRTOS/Source/croutine.o
LOAD Middlewares/Third_Party/FreeRTOS/Source/event_groups.o
LOAD Middlewares/Third_Party/FreeRTOS/Source/list.o
LOAD Middlewares/Third_Party/FreeRTOS/Source/queue.o
LOAD Middlewares/Third_Party/FreeRTOS/Source/stream_buffer.o
LOAD Middlewares/Third_Party/FreeRTOS/Source/tasks.o
LOAD Middlewares/Third_Party/FreeRTOS/Source/timers.o
LOAD Middlewares/Third_Party/FreeRTOS/Source/portable/GCC/ARM_CM7/r0p1/port.o
LOAD Middlewares/Third_Party/FreeRTOS/Source/portable/MemMang/heap_4.o
START GROUP
LOAD c:/st/stm32cubeide_1.0.2/stm32cubeide/plugins/com.st.stm32cube.ide.mcu.externaltools.gnu-tools-for-stm32.7-2018-q2-update.win32_1.0.0.201904181610/tools/bin/../lib/gcc/arm-none-eabi/7.3.1/../../../../arm-none-eabi/lib/thumb/v7e-m/fpv4-sp/hard\libc_nano.a
LOAD c:/st/stm32cubeide_1.0.2/stm32cubeide/plugins/com.st.stm32cube.ide.mcu.externaltools.gnu-tools-for-stm32.7-2018-q2-update.win32_1.0.0.201904181610/tools/bin/../lib/gcc/arm-none-eabi/7.3.1/../../../../arm-none-eabi/lib/thumb/v7e-m/fpv4-sp/hard\libm.a
END GROUP
START GROUP
LOAD c:/st/stm32cubeide_1.0.2/stm32cubeide/plugins/com.st.stm32cube.ide.mcu.externaltools.gnu-tools-for-stm32.7-2018-q2-update.win32_1.0.0.201904181610/tools/bin/../lib/gcc/arm-none-eabi/7.3.1/thumb/v7e-m/fpv4-sp/hard\libgcc.a
LOAD c:/st/stm32cubeide_1.0.2/stm32cubeide/plugins/com.st.stm32cube.ide.mcu.externaltools.gnu-tools-for-stm32.7-2018-q2-update.win32_1.0.0.201904181610/tools/bin/../lib/gcc/arm-none-eabi/7.3.1/../../../../arm-none-eabi/lib/thumb/v7e-m/fpv4-sp/hard\libc_nano.a
END GROUP
START GROUP
LOAD c:/st/stm32cubeide_1.0.2/stm32cubeide/plugins/com.st.stm32cube.ide.mcu.externaltools.gnu-tools-for-stm32.7-2018-q2-update.win32_1.0.0.201904181610/tools/bin/../lib/gcc/arm-none-eabi/7.3.1/thumb/v7e-m/fpv4-sp/hard\libgcc.a
LOAD c:/st/stm32cubeide_1.0.2/stm32cubeide/plugins/com.st.stm32cube.ide.mcu.externaltools.gnu-tools-for-stm32.7-2018-q2-update.win32_1.0.0.201904181610/tools/bin/../lib/gcc/arm-none-eabi/7.3.1/../../../../arm-none-eabi/lib/thumb/v7e-m/fpv4-sp/hard\libc_nano.a
LOAD c:/st/stm32cubeide_1.0.2/stm32cubeide/plugins/com.st.stm32cube.ide.mcu.externaltools.gnu-tools-for-stm32.7-2018-q2-update.win32_1.0.0.201904181610/tools/bin/../lib/gcc/arm-none-eabi/7.3.1/../../../../arm-none-eabi/lib/thumb/v7e-m/fpv4-sp/hard\libnosys.a
END GROUP
START GROUP
LOAD c:/st/stm32cubeide_1.0.2/stm32cubeide/plugins/com.st.stm32cube.ide.mcu.externaltools.gnu-tools-for-stm32.7-2018-q2-update.win32_1.0.0.201904181610/tools/bin/../lib/gcc/arm-none-eabi/7.3.1/thumb/v7e-m/fpv4-sp/hard\libgcc.a
LOAD c:/st/stm32cubeide_1.0.2/stm32cubeide/plugins/com.st.stm32cube.ide.mcu.externaltools.gnu-tools-for-stm32.7-2018-q2-update.win32_1.0.0.201904181610/tools/bin/../lib/gcc/arm-none-eabi/7.3.1/../../../../arm-none-eabi/lib/thumb/v7e-m/fpv4-sp/hard\libc_nano.a
LOAD c:/st/stm32cubeide_1.0.2/stm32cubeide/plugins/com.st.stm32cube.ide.mcu.externaltools.gnu-tools-for-stm32.7-2018-q2-update.win32_1.0.0.201904181610/tools/bin/../lib/gcc/arm-none-eabi/7.3.1/../../../../arm-none-eabi/lib/thumb/v7e-m/fpv4-sp/hard\libnosys.a
END GROUP
LOAD c:/st/stm32cubeide_1.0.2/stm32cubeide/plugins/com.st.stm32cube.ide.mcu.externaltools.gnu-tools-for-stm32.7-2018-q2-update.win32_1.0.0.201904181610/tools/bin/../lib/gcc/arm-none-eabi/7.3.1/thumb/v7e-m/fpv4-sp/hard/crtend.o
LOAD c:/st/stm32cubeide_1.0.2/stm32cubeide/plugins/com.st.stm32cube.ide.mcu.externaltools.gnu-tools-for-stm32.7-2018-q2-update.win32_1.0.0.201904181610/tools/bin/../lib/gcc/arm-none-eabi/7.3.1/thumb/v7e-m/fpv4-sp/hard/crtn.o
                0x0000000020050000                _estack = (ORIGIN (RAM) + LENGTH (RAM))
                0x0000000000000200                _Min_Heap_Size = 0x200
                0x0000000000000400                _Min_Stack_Size = 0x400

.isr_vector     0x0000000008000000      0x1c8
                0x0000000008000000                . = ALIGN (0x4)
 *(.isr_vector)
 .isr_vector    0x0000000008000000      0x1c8 Core/Startup/startup_stm32f746zgtx.o
                0x0000000008000000                g_pfnVectors
                0x00000000080001c8                . = ALIGN (0x4)

.text           0x00000000080001d0     0x79e4
                0x00000000080001d0                . = ALIGN (0x4)
 *(.text)
 .text          0x00000000080001d0       0x40 c:/st/stm32cubeide_1.0.2/stm32cubeide/plugins/com.st.stm32cube.ide.mcu.externaltools.gnu-tools-for-stm32.7-2018-q2-update.win32_1.0.0.201904181610/tools/bin/../lib/gcc/arm-none-eabi/7.3.1/thumb/v7e-m/fpv4-sp/hard/crtbegin.o
 .text          0x0000000008000210       0x10 c:/st/stm32cubeide_1.0.2/stm32cubeide/plugins/com.st.stm32cube.ide.mcu.externaltools.gnu-tools-for-stm32.7-2018-q2-update.win32_1.0.0.201904181610/tools/bin/../lib/gcc/arm-none-eabi/7.3.1/../../../../arm-none-eabi/lib/thumb/v7e-m/fpv4-sp/hard\libc_nano.a(lib_a-strlen.o)
                0x0000000008000210                strlen
 .text          0x0000000008000220       0x30 c:/st/stm32cubeide_1.0.2/stm32cubeide/plugins/com.st.stm32cube.ide.mcu.externaltools.gnu-tools-for-stm32.7-2018-q2-update.win32_1.0.0.201904181610/tools/bin/../lib/gcc/arm-none-eabi/7.3.1/thumb/v7e-m/fpv4-sp/hard\libgcc.a(_aeabi_uldivmod.o)
                0x0000000008000220                __aeabi_uldivmod
 .text          0x0000000008000250      0x2cc c:/st/stm32cubeide_1.0.2/stm32cubeide/plugins/com.st.stm32cube.ide.mcu.externaltools.gnu-tools-for-stm32.7-2018-q2-update.win32_1.0.0.201904181610/tools/bin/../lib/gcc/arm-none-eabi/7.3.1/thumb/v7e-m/fpv4-sp/hard\libgcc.a(_udivmoddi4.o)
                0x0000000008000250                __udivmoddi4
 .text          0x000000000800051c        0x4 c:/st/stm32cubeide_1.0.2/stm32cubeide/plugins/com.st.stm32cube.ide.mcu.externaltools.gnu-tools-for-stm32.7-2018-q2-update.win32_1.0.0.201904181610/tools/bin/../lib/gcc/arm-none-eabi/7.3.1/thumb/v7e-m/fpv4-sp/hard\libgcc.a(_dvmd_tls.o)
                0x000000000800051c                __aeabi_idiv0
                0x000000000800051c                __aeabi_ldiv0
 *(.text*)
 .text.__NVIC_GetPriorityGrouping
                0x0000000008000520       0x1c Core/Src/dma.o
 .text.__NVIC_EnableIRQ
                0x000000000800053c       0x3c Core/Src/dma.o
 .text.__NVIC_SetPriority
                0x0000000008000578       0x54 Core/Src/dma.o
 .text.NVIC_EncodePriority
                0x00000000080005cc       0x66 Core/Src/dma.o
 *fill*         0x0000000008000632        0x2 
 .text.MX_DMA_Init
                0x0000000008000634       0x4c Core/Src/dma.o
                0x0000000008000634                MX_DMA_Init
 .text.MX_FREERTOS_Init
                0x0000000008000680       0x58 Core/Src/freertos.o
                0x0000000008000680                MX_FREERTOS_Init
 .text.StartDefaultTask
                0x00000000080006d8       0x12 Core/Src/freertos.o
                0x00000000080006d8                StartDefaultTask
 *fill*         0x00000000080006ea        0x2 
 .text.StartTask02
                0x00000000080006ec       0x1c Core/Src/freertos.o
                0x00000000080006ec                StartTask02
 .text.MX_GPIO_Init
                0x0000000008000708      0x230 Core/Src/gpio.o
                0x0000000008000708                MX_GPIO_Init
 .text.LL_USART_IsActiveFlag_IDLE
                0x0000000008000938       0x26 Core/Src/main.o
 .text.LL_USART_IsActiveFlag_TC
                0x000000000800095e       0x26 Core/Src/main.o
 .text.LL_USART_IsActiveFlag_TXE
                0x0000000008000984       0x26 Core/Src/main.o
 .text.LL_USART_ClearFlag_IDLE
                0x00000000080009aa       0x1a Core/Src/main.o
 .text.LL_USART_EnableIT_IDLE
                0x00000000080009c4       0x20 Core/Src/main.o
 .text.LL_USART_IsEnabledIT_IDLE
                0x00000000080009e4       0x26 Core/Src/main.o
 .text.LL_USART_EnableDMAReq_RX
                0x0000000008000a0a       0x20 Core/Src/main.o
 .text.LL_USART_TransmitData8
                0x0000000008000a2a       0x1e Core/Src/main.o
 .text.LL_DMA_EnableStream
                0x0000000008000a48       0x40 Core/Src/main.o
 .text.LL_DMA_SetDataLength
                0x0000000008000a88       0x4c Core/Src/main.o
 .text.LL_DMA_GetDataLength
                0x0000000008000ad4       0x2c Core/Src/main.o
 .text.LL_DMA_SetMemoryAddress
                0x0000000008000b00       0x30 Core/Src/main.o
 .text.LL_DMA_SetPeriphAddress
                0x0000000008000b30       0x30 Core/Src/main.o
 .text.LL_DMA_IsActiveFlag_HT5
                0x0000000008000b60       0x28 Core/Src/main.o
 .text.LL_DMA_IsActiveFlag_TC5
                0x0000000008000b88       0x28 Core/Src/main.o
 .text.LL_DMA_ClearFlag_HT5
                0x0000000008000bb0       0x1c Core/Src/main.o
 .text.LL_DMA_ClearFlag_TC5
                0x0000000008000bcc       0x1c Core/Src/main.o
 .text.LL_DMA_EnableIT_HT
                0x0000000008000be8       0x40 Core/Src/main.o
 .text.LL_DMA_EnableIT_TC
                0x0000000008000c28       0x40 Core/Src/main.o
 .text.LL_DMA_IsEnabledIT_HT
                0x0000000008000c68       0x38 Core/Src/main.o
 .text.LL_DMA_IsEnabledIT_TC
                0x0000000008000ca0       0x38 Core/Src/main.o
 .text.main     0x0000000008000cd8       0x8c Core/Src/main.o
                0x0000000008000cd8                main
 .text.SystemClock_Config
                0x0000000008000d64      0x11c Core/Src/main.o
                0x0000000008000d64                SystemClock_Config
 .text.DMA1_Stream5_IRQHandlerX
                0x0000000008000e80       0x78 Core/Src/main.o
                0x0000000008000e80                DMA1_Stream5_IRQHandlerX
 .text.USART2_IRQHandlerX
                0x0000000008000ef8       0x48 Core/Src/main.o
                0x0000000008000ef8                USART2_IRQHandlerX
 .text.usart_send_string
                0x0000000008000f40       0x20 Core/Src/main.o
                0x0000000008000f40                usart_send_string
 .text.usart_process_data
                0x0000000008000f60       0x58 Core/Src/main.o
                0x0000000008000f60                usart_process_data
 .text.usart_rx_check
                0x0000000008000fb8       0x90 Core/Src/main.o
                0x0000000008000fb8                usart_rx_check
 .text.usart_rx_dma_thread
                0x0000000008001048       0x38 Core/Src/main.o
                0x0000000008001048                usart_rx_dma_thread
 .text.HAL_TIM_PeriodElapsedCallback
                0x0000000008001080       0x24 Core/Src/main.o
                0x0000000008001080                HAL_TIM_PeriodElapsedCallback
 .text.Error_Handler
                0x00000000080010a4        0xe Core/Src/main.o
                0x00000000080010a4                Error_Handler
 *fill*         0x00000000080010b2        0x2 
 .text.HAL_MspInit
                0x00000000080010b4       0x50 Core/Src/stm32f7xx_hal_msp.o
                0x00000000080010b4                HAL_MspInit
 .text.HAL_InitTick
                0x0000000008001104       0xb0 Core/Src/stm32f7xx_hal_timebase_tim.o
                0x0000000008001104                HAL_InitTick
 .text.NMI_Handler
                0x00000000080011b4        0xe Core/Src/stm32f7xx_it.o
                0x00000000080011b4                NMI_Handler
 .text.HardFault_Handler
                0x00000000080011c2        0x6 Core/Src/stm32f7xx_it.o
                0x00000000080011c2                HardFault_Handler
 .text.MemManage_Handler
                0x00000000080011c8        0x6 Core/Src/stm32f7xx_it.o
                0x00000000080011c8                MemManage_Handler
 .text.BusFault_Handler
                0x00000000080011ce        0x6 Core/Src/stm32f7xx_it.o
                0x00000000080011ce                BusFault_Handler
 .text.UsageFault_Handler
                0x00000000080011d4        0x6 Core/Src/stm32f7xx_it.o
                0x00000000080011d4                UsageFault_Handler
 .text.DebugMon_Handler
                0x00000000080011da        0xe Core/Src/stm32f7xx_it.o
                0x00000000080011da                DebugMon_Handler
 .text.DMA1_Stream5_IRQHandler
                0x00000000080011e8        0xc Core/Src/stm32f7xx_it.o
                0x00000000080011e8                DMA1_Stream5_IRQHandler
 .text.USART2_IRQHandler
                0x00000000080011f4        0xc Core/Src/stm32f7xx_it.o
                0x00000000080011f4                USART2_IRQHandler
 .text.UART4_IRQHandler
                0x0000000008001200       0x14 Core/Src/stm32f7xx_it.o
                0x0000000008001200                UART4_IRQHandler
 .text.TIM6_DAC_IRQHandler
                0x0000000008001214       0x14 Core/Src/stm32f7xx_it.o
                0x0000000008001214                TIM6_DAC_IRQHandler
 .text.SystemInit
                0x0000000008001228       0x6c Core/Src/system_stm32f7xx.o
                0x0000000008001228                SystemInit
 .text.__NVIC_GetPriorityGrouping
                0x0000000008001294       0x1c Core/Src/usart.o
 .text.__NVIC_EnableIRQ
                0x00000000080012b0       0x3c Core/Src/usart.o
 .text.__NVIC_SetPriority
                0x00000000080012ec       0x54 Core/Src/usart.o
 .text.NVIC_EncodePriority
                0x0000000008001340       0x66 Core/Src/usart.o
 .text.LL_USART_Enable
                0x00000000080013a6       0x20 Core/Src/usart.o
 .text.LL_USART_ConfigAsyncMode
                0x00000000080013c6       0x2c Core/Src/usart.o
 *fill*         0x00000000080013f2        0x2 
 .text.LL_AHB1_GRP1_EnableClock
                0x00000000080013f4       0x30 Core/Src/usart.o
 .text.LL_APB1_GRP1_EnableClock
                0x0000000008001424       0x30 Core/Src/usart.o
 .text.LL_DMA_SetDataTransferDirection
                0x0000000008001454       0x48 Core/Src/usart.o
 .text.LL_DMA_SetMode
                0x000000000800149c       0x48 Core/Src/usart.o
 .text.LL_DMA_SetPeriphIncMode
                0x00000000080014e4       0x48 Core/Src/usart.o
 .text.LL_DMA_SetMemoryIncMode
                0x000000000800152c       0x48 Core/Src/usart.o
 .text.LL_DMA_SetPeriphSize
                0x0000000008001574       0x48 Core/Src/usart.o
 .text.LL_DMA_SetMemorySize
                0x00000000080015bc       0x48 Core/Src/usart.o
 .text.LL_DMA_SetStreamPriorityLevel
                0x0000000008001604       0x48 Core/Src/usart.o
 .text.LL_DMA_SetChannelSelection
                0x000000000800164c       0x48 Core/Src/usart.o
 .text.LL_DMA_DisableFifoMode
                0x0000000008001694       0x40 Core/Src/usart.o
 .text.MX_UART4_Init
                0x00000000080016d4       0x60 Core/Src/usart.o
                0x00000000080016d4                MX_UART4_Init
 .text.MX_USART2_UART_Init
                0x0000000008001734      0x148 Core/Src/usart.o
                0x0000000008001734                MX_USART2_UART_Init
 .text.HAL_UART_MspInit
                0x000000000800187c       0x98 Core/Src/usart.o
                0x000000000800187c                HAL_UART_MspInit
 .text.Reset_Handler
                0x0000000008001914       0x50 Core/Startup/startup_stm32f746zgtx.o
                0x0000000008001914                Reset_Handler
 .text.Default_Handler
                0x0000000008001964        0x2 Core/Startup/startup_stm32f746zgtx.o
                0x0000000008001964                RTC_Alarm_IRQHandler
                0x0000000008001964                EXTI2_IRQHandler
                0x0000000008001964                TIM8_CC_IRQHandler
                0x0000000008001964                UART8_IRQHandler
                0x0000000008001964                SPI4_IRQHandler
                0x0000000008001964                TIM1_CC_IRQHandler
                0x0000000008001964                DMA2_Stream5_IRQHandler
                0x0000000008001964                PVD_IRQHandler
                0x0000000008001964                TAMP_STAMP_IRQHandler
                0x0000000008001964                CAN2_RX1_IRQHandler
                0x0000000008001964                EXTI3_IRQHandler
                0x0000000008001964                TIM8_TRG_COM_TIM14_IRQHandler
                0x0000000008001964                TIM1_UP_TIM10_IRQHandler
                0x0000000008001964                TIM8_UP_TIM13_IRQHandler
                0x0000000008001964                I2C3_ER_IRQHandler
                0x0000000008001964                EXTI0_IRQHandler
                0x0000000008001964                I2C2_EV_IRQHandler
                0x0000000008001964                DMA1_Stream2_IRQHandler
                0x0000000008001964                CAN1_RX0_IRQHandler
                0x0000000008001964                FPU_IRQHandler
                0x0000000008001964                OTG_HS_WKUP_IRQHandler
                0x0000000008001964                LTDC_ER_IRQHandler
                0x0000000008001964                CAN2_SCE_IRQHandler
                0x0000000008001964                DMA2_Stream2_IRQHandler
                0x0000000008001964                SPI1_IRQHandler
                0x0000000008001964                TIM1_BRK_TIM9_IRQHandler
                0x0000000008001964                DCMI_IRQHandler
                0x0000000008001964                CAN2_RX0_IRQHandler
                0x0000000008001964                DMA2_Stream3_IRQHandler
                0x0000000008001964                SAI2_IRQHandler
                0x0000000008001964                USART6_IRQHandler
                0x0000000008001964                USART3_IRQHandler
                0x0000000008001964                CAN1_RX1_IRQHandler
                0x0000000008001964                UART5_IRQHandler
                0x0000000008001964                DMA2_Stream0_IRQHandler
                0x0000000008001964                TIM4_IRQHandler
                0x0000000008001964                QUADSPI_IRQHandler
                0x0000000008001964                I2C1_EV_IRQHandler
                0x0000000008001964                DMA1_Stream6_IRQHandler
                0x0000000008001964                DMA1_Stream1_IRQHandler
                0x0000000008001964                TIM3_IRQHandler
                0x0000000008001964                RCC_IRQHandler
                0x0000000008001964                TIM8_BRK_TIM12_IRQHandler
                0x0000000008001964                Default_Handler
                0x0000000008001964                CEC_IRQHandler
                0x0000000008001964                EXTI15_10_IRQHandler
                0x0000000008001964                ADC_IRQHandler
                0x0000000008001964                DMA1_Stream7_IRQHandler
                0x0000000008001964                SPI5_IRQHandler
                0x0000000008001964                TIM7_IRQHandler
                0x0000000008001964                SDMMC1_IRQHandler
                0x0000000008001964                CAN2_TX_IRQHandler
                0x0000000008001964                TIM5_IRQHandler
                0x0000000008001964                DMA2_Stream7_IRQHandler
                0x0000000008001964                I2C3_EV_IRQHandler
                0x0000000008001964                EXTI9_5_IRQHandler
                0x0000000008001964                RTC_WKUP_IRQHandler
                0x0000000008001964                LTDC_IRQHandler
                0x0000000008001964                ETH_WKUP_IRQHandler
                0x0000000008001964                SPDIF_RX_IRQHandler
                0x0000000008001964                SPI2_IRQHandler
                0x0000000008001964                OTG_HS_EP1_IN_IRQHandler
                0x0000000008001964                DMA1_Stream0_IRQHandler
                0x0000000008001964                CAN1_TX_IRQHandler
                0x0000000008001964                EXTI4_IRQHandler
                0x0000000008001964                RNG_IRQHandler
                0x0000000008001964                ETH_IRQHandler
                0x0000000008001964                OTG_HS_EP1_OUT_IRQHandler
                0x0000000008001964                WWDG_IRQHandler
                0x0000000008001964                SPI6_IRQHandler
                0x0000000008001964                I2C4_EV_IRQHandler
                0x0000000008001964                TIM2_IRQHandler
                0x0000000008001964                OTG_FS_WKUP_IRQHandler
                0x0000000008001964                TIM1_TRG_COM_TIM11_IRQHandler
                0x0000000008001964                OTG_HS_IRQHandler
                0x0000000008001964                DMA2D_IRQHandler
                0x0000000008001964                EXTI1_IRQHandler
                0x0000000008001964                UART7_IRQHandler
                0x0000000008001964                I2C2_ER_IRQHandler
                0x0000000008001964                DMA2_Stream1_IRQHandler
                0x0000000008001964                CAN1_SCE_IRQHandler
                0x0000000008001964                FLASH_IRQHandler
                0x0000000008001964                DMA2_Stream4_IRQHandler
                0x0000000008001964                USART1_IRQHandler
                0x0000000008001964                OTG_FS_IRQHandler
                0x0000000008001964                SPI3_IRQHandler
                0x0000000008001964                DMA1_Stream4_IRQHandler
                0x0000000008001964                I2C1_ER_IRQHandler
                0x0000000008001964                FMC_IRQHandler
                0x0000000008001964                LPTIM1_IRQHandler
                0x0000000008001964                I2C4_ER_IRQHandler
                0x0000000008001964                DMA2_Stream6_IRQHandler
                0x0000000008001964                SAI1_IRQHandler
                0x0000000008001964                DMA1_Stream3_IRQHandler
 .text.HAL_Init
                0x0000000008001966       0x1a Drivers/STM32F7xx_HAL_Driver/Src/stm32f7xx_hal.o
                0x0000000008001966                HAL_Init
 .text.HAL_IncTick
                0x0000000008001980       0x28 Drivers/STM32F7xx_HAL_Driver/Src/stm32f7xx_hal.o
                0x0000000008001980                HAL_IncTick
 .text.HAL_GetTick
                0x00000000080019a8       0x18 Drivers/STM32F7xx_HAL_Driver/Src/stm32f7xx_hal.o
                0x00000000080019a8                HAL_GetTick
 .text.__NVIC_SetPriorityGrouping
                0x00000000080019c0       0x48 Drivers/STM32F7xx_HAL_Driver/Src/stm32f7xx_hal_cortex.o
 .text.__NVIC_GetPriorityGrouping
                0x0000000008001a08       0x1c Drivers/STM32F7xx_HAL_Driver/Src/stm32f7xx_hal_cortex.o
 .text.__NVIC_EnableIRQ
                0x0000000008001a24       0x3c Drivers/STM32F7xx_HAL_Driver/Src/stm32f7xx_hal_cortex.o
 .text.__NVIC_SetPriority
                0x0000000008001a60       0x54 Drivers/STM32F7xx_HAL_Driver/Src/stm32f7xx_hal_cortex.o
 .text.NVIC_EncodePriority
                0x0000000008001ab4       0x66 Drivers/STM32F7xx_HAL_Driver/Src/stm32f7xx_hal_cortex.o
 .text.HAL_NVIC_SetPriorityGrouping
                0x0000000008001b1a       0x16 Drivers/STM32F7xx_HAL_Driver/Src/stm32f7xx_hal_cortex.o
                0x0000000008001b1a                HAL_NVIC_SetPriorityGrouping
 .text.HAL_NVIC_SetPriority
                0x0000000008001b30       0x38 Drivers/STM32F7xx_HAL_Driver/Src/stm32f7xx_hal_cortex.o
                0x0000000008001b30                HAL_NVIC_SetPriority
 .text.HAL_NVIC_EnableIRQ
                0x0000000008001b68       0x1c Drivers/STM32F7xx_HAL_Driver/Src/stm32f7xx_hal_cortex.o
                0x0000000008001b68                HAL_NVIC_EnableIRQ
 .text.HAL_DMA_Abort_IT
                0x0000000008001b84       0x44 Drivers/STM32F7xx_HAL_Driver/Src/stm32f7xx_hal_dma.o
                0x0000000008001b84                HAL_DMA_Abort_IT
 .text.HAL_GPIO_Init
                0x0000000008001bc8      0x354 Drivers/STM32F7xx_HAL_Driver/Src/stm32f7xx_hal_gpio.o
                0x0000000008001bc8                HAL_GPIO_Init
 .text.HAL_GPIO_WritePin
                0x0000000008001f1c       0x32 Drivers/STM32F7xx_HAL_Driver/Src/stm32f7xx_hal_gpio.o
                0x0000000008001f1c                HAL_GPIO_WritePin
 .text.HAL_GPIO_TogglePin
                0x0000000008001f4e       0x36 Drivers/STM32F7xx_HAL_Driver/Src/stm32f7xx_hal_gpio.o
                0x0000000008001f4e                HAL_GPIO_TogglePin
 .text.HAL_PWR_EnableBkUpAccess
                0x0000000008001f84       0x20 Drivers/STM32F7xx_HAL_Driver/Src/stm32f7xx_hal_pwr.o
                0x0000000008001f84                HAL_PWR_EnableBkUpAccess
 .text.HAL_RCC_OscConfig
                0x0000000008001fa4      0x4e0 Drivers/STM32F7xx_HAL_Driver/Src/stm32f7xx_hal_rcc.o
                0x0000000008001fa4                HAL_RCC_OscConfig
 .text.HAL_RCC_ClockConfig
                0x0000000008002484      0x1d0 Drivers/STM32F7xx_HAL_Driver/Src/stm32f7xx_hal_rcc.o
                0x0000000008002484                HAL_RCC_ClockConfig
 .text.HAL_RCC_GetSysClockFreq
                0x0000000008002654      0x1b0 Drivers/STM32F7xx_HAL_Driver/Src/stm32f7xx_hal_rcc.o
                0x0000000008002654                HAL_RCC_GetSysClockFreq
 .text.HAL_RCC_GetHCLKFreq
                0x0000000008002804       0x18 Drivers/STM32F7xx_HAL_Driver/Src/stm32f7xx_hal_rcc.o
                0x0000000008002804                HAL_RCC_GetHCLKFreq
 .text.HAL_RCC_GetPCLK1Freq
                0x000000000800281c       0x28 Drivers/STM32F7xx_HAL_Driver/Src/stm32f7xx_hal_rcc.o
                0x000000000800281c                HAL_RCC_GetPCLK1Freq
 .text.HAL_RCC_GetPCLK2Freq
                0x0000000008002844       0x28 Drivers/STM32F7xx_HAL_Driver/Src/stm32f7xx_hal_rcc.o
                0x0000000008002844                HAL_RCC_GetPCLK2Freq
 .text.HAL_RCC_GetClockConfig
                0x000000000800286c       0x64 Drivers/STM32F7xx_HAL_Driver/Src/stm32f7xx_hal_rcc.o
                0x000000000800286c                HAL_RCC_GetClockConfig
 .text.HAL_RCCEx_PeriphCLKConfig
                0x00000000080028d0      0x7dc Drivers/STM32F7xx_HAL_Driver/Src/stm32f7xx_hal_rcc_ex.o
                0x00000000080028d0                HAL_RCCEx_PeriphCLKConfig
 .text.HAL_TIM_Base_Init
                0x00000000080030ac       0x56 Drivers/STM32F7xx_HAL_Driver/Src/stm32f7xx_hal_tim.o
                0x00000000080030ac                HAL_TIM_Base_Init
 .text.HAL_TIM_Base_MspInit
                0x0000000008003102       0x14 Drivers/STM32F7xx_HAL_Driver/Src/stm32f7xx_hal_tim.o
                0x0000000008003102                HAL_TIM_Base_MspInit
 *fill*         0x0000000008003116        0x2 
 .text.HAL_TIM_Base_Start_IT
                0x0000000008003118       0x54 Drivers/STM32F7xx_HAL_Driver/Src/stm32f7xx_hal_tim.o
                0x0000000008003118                HAL_TIM_Base_Start_IT
 .text.HAL_TIM_IRQHandler
                0x000000000800316c      0x23e Drivers/STM32F7xx_HAL_Driver/Src/stm32f7xx_hal_tim.o
                0x000000000800316c                HAL_TIM_IRQHandler
 .text.HAL_TIM_OC_DelayElapsedCallback
                0x00000000080033aa       0x14 Drivers/STM32F7xx_HAL_Driver/Src/stm32f7xx_hal_tim.o
                0x00000000080033aa                HAL_TIM_OC_DelayElapsedCallback
 .text.HAL_TIM_IC_CaptureCallback
                0x00000000080033be       0x14 Drivers/STM32F7xx_HAL_Driver/Src/stm32f7xx_hal_tim.o
                0x00000000080033be                HAL_TIM_IC_CaptureCallback
 .text.HAL_TIM_PWM_PulseFinishedCallback
                0x00000000080033d2       0x14 Drivers/STM32F7xx_HAL_Driver/Src/stm32f7xx_hal_tim.o
                0x00000000080033d2                HAL_TIM_PWM_PulseFinishedCallback
 .text.HAL_TIM_TriggerCallback
                0x00000000080033e6       0x14 Drivers/STM32F7xx_HAL_Driver/Src/stm32f7xx_hal_tim.o
                0x00000000080033e6                HAL_TIM_TriggerCallback
 *fill*         0x00000000080033fa        0x2 
 .text.TIM_Base_SetConfig
                0x00000000080033fc      0x140 Drivers/STM32F7xx_HAL_Driver/Src/stm32f7xx_hal_tim.o
                0x00000000080033fc                TIM_Base_SetConfig
 .text.HAL_TIMEx_CommutCallback
                0x000000000800353c       0x14 Drivers/STM32F7xx_HAL_Driver/Src/stm32f7xx_hal_tim_ex.o
                0x000000000800353c                HAL_TIMEx_CommutCallback
 .text.HAL_TIMEx_BreakCallback
                0x0000000008003550       0x14 Drivers/STM32F7xx_HAL_Driver/Src/stm32f7xx_hal_tim_ex.o
                0x0000000008003550                HAL_TIMEx_BreakCallback
 .text.HAL_TIMEx_Break2Callback
                0x0000000008003564       0x14 Drivers/STM32F7xx_HAL_Driver/Src/stm32f7xx_hal_tim_ex.o
                0x0000000008003564                HAL_TIMEx_Break2Callback
 .text.HAL_UART_Init
                0x0000000008003578       0x9c Drivers/STM32F7xx_HAL_Driver/Src/stm32f7xx_hal_uart.o
                0x0000000008003578                HAL_UART_Init
 .text.HAL_UART_IRQHandler
                0x0000000008003614      0x238 Drivers/STM32F7xx_HAL_Driver/Src/stm32f7xx_hal_uart.o
                0x0000000008003614                HAL_UART_IRQHandler
 .text.HAL_UART_TxCpltCallback
                0x000000000800384c       0x14 Drivers/STM32F7xx_HAL_Driver/Src/stm32f7xx_hal_uart.o
                0x000000000800384c                HAL_UART_TxCpltCallback
 .text.HAL_UART_ErrorCallback
                0x0000000008003860       0x14 Drivers/STM32F7xx_HAL_Driver/Src/stm32f7xx_hal_uart.o
                0x0000000008003860                HAL_UART_ErrorCallback
 .text.UART_SetConfig
                0x0000000008003874      0x548 Drivers/STM32F7xx_HAL_Driver/Src/stm32f7xx_hal_uart.o
                0x0000000008003874                UART_SetConfig
 .text.UART_AdvFeatureConfig
                0x0000000008003dbc      0x144 Drivers/STM32F7xx_HAL_Driver/Src/stm32f7xx_hal_uart.o
                0x0000000008003dbc                UART_AdvFeatureConfig
 .text.UART_CheckIdleState
                0x0000000008003f00       0x5e Drivers/STM32F7xx_HAL_Driver/Src/stm32f7xx_hal_uart.o
                0x0000000008003f00                UART_CheckIdleState
 .text.UART_WaitOnFlagUntilTimeout
                0x0000000008003f5e       0x90 Drivers/STM32F7xx_HAL_Driver/Src/stm32f7xx_hal_uart.o
                0x0000000008003f5e                UART_WaitOnFlagUntilTimeout
 .text.UART_EndRxTransfer
                0x0000000008003fee       0x40 Drivers/STM32F7xx_HAL_Driver/Src/stm32f7xx_hal_uart.o
 .text.UART_DMAAbortOnError
                0x000000000800402e       0x2c Drivers/STM32F7xx_HAL_Driver/Src/stm32f7xx_hal_uart.o
 .text.UART_EndTransmit_IT
                0x000000000800405a       0x32 Drivers/STM32F7xx_HAL_Driver/Src/stm32f7xx_hal_uart.o
 .text.LL_GPIO_SetPinMode
                0x000000000800408c       0x5e Drivers/STM32F7xx_HAL_Driver/Src/stm32f7xx_ll_gpio.o
 .text.LL_GPIO_SetPinOutputType
                0x00000000080040ea       0x30 Drivers/STM32F7xx_HAL_Driver/Src/stm32f7xx_ll_gpio.o
 .text.LL_GPIO_SetPinSpeed
                0x000000000800411a       0x5e Drivers/STM32F7xx_HAL_Driver/Src/stm32f7xx_ll_gpio.o
 .text.LL_GPIO_SetPinPull
                0x0000000008004178       0x5e Drivers/STM32F7xx_HAL_Driver/Src/stm32f7xx_ll_gpio.o
 .text.LL_GPIO_SetAFPin_0_7
                0x00000000080041d6       0x5e Drivers/STM32F7xx_HAL_Driver/Src/stm32f7xx_ll_gpio.o
 .text.LL_GPIO_SetAFPin_8_15
                0x0000000008004234       0x62 Drivers/STM32F7xx_HAL_Driver/Src/stm32f7xx_ll_gpio.o
 .text.LL_GPIO_Init
                0x0000000008004296       0xf8 Drivers/STM32F7xx_HAL_Driver/Src/stm32f7xx_ll_gpio.o
                0x0000000008004296                LL_GPIO_Init
 *fill*         0x000000000800438e        0x2 
 .text.LL_RCC_HSI_IsReady
                0x0000000008004390       0x24 Drivers/STM32F7xx_HAL_Driver/Src/stm32f7xx_ll_rcc.o
 .text.LL_RCC_LSE_IsReady
                0x00000000080043b4       0x24 Drivers/STM32F7xx_HAL_Driver/Src/stm32f7xx_ll_rcc.o
 .text.LL_RCC_GetSysClkSource
                0x00000000080043d8       0x1c Drivers/STM32F7xx_HAL_Driver/Src/stm32f7xx_ll_rcc.o
 .text.LL_RCC_GetAHBPrescaler
                0x00000000080043f4       0x1c Drivers/STM32F7xx_HAL_Driver/Src/stm32f7xx_ll_rcc.o
 .text.LL_RCC_GetAPB1Prescaler
                0x0000000008004410       0x1c Drivers/STM32F7xx_HAL_Driver/Src/stm32f7xx_ll_rcc.o
 .text.LL_RCC_GetAPB2Prescaler
                0x000000000800442c       0x1c Drivers/STM32F7xx_HAL_Driver/Src/stm32f7xx_ll_rcc.o
 .text.LL_RCC_GetUSARTClockSource
                0x0000000008004448       0x28 Drivers/STM32F7xx_HAL_Driver/Src/stm32f7xx_ll_rcc.o
 .text.LL_RCC_GetUARTClockSource
                0x0000000008004470       0x28 Drivers/STM32F7xx_HAL_Driver/Src/stm32f7xx_ll_rcc.o
 .text.LL_RCC_PLL_GetMainSource
                0x0000000008004498       0x1c Drivers/STM32F7xx_HAL_Driver/Src/stm32f7xx_ll_rcc.o
 .text.LL_RCC_PLL_GetN
                0x00000000080044b4       0x1c Drivers/STM32F7xx_HAL_Driver/Src/stm32f7xx_ll_rcc.o
 .text.LL_RCC_PLL_GetP
                0x00000000080044d0       0x1c Drivers/STM32F7xx_HAL_Driver/Src/stm32f7xx_ll_rcc.o
 .text.LL_RCC_PLL_GetDivider
                0x00000000080044ec       0x1c Drivers/STM32F7xx_HAL_Driver/Src/stm32f7xx_ll_rcc.o
 .text.LL_RCC_GetUSARTClockFreq
                0x0000000008004508      0x1f4 Drivers/STM32F7xx_HAL_Driver/Src/stm32f7xx_ll_rcc.o
                0x0000000008004508                LL_RCC_GetUSARTClockFreq
 .text.LL_RCC_GetUARTClockFreq
                0x00000000080046fc      0x1f8 Drivers/STM32F7xx_HAL_Driver/Src/stm32f7xx_ll_rcc.o
                0x00000000080046fc                LL_RCC_GetUARTClockFreq
 .text.RCC_GetSystemClockFreq
                0x00000000080048f4       0x48 Drivers/STM32F7xx_HAL_Driver/Src/stm32f7xx_ll_rcc.o
                0x00000000080048f4                RCC_GetSystemClockFreq
 .text.RCC_GetHCLKClockFreq
                0x000000000800493c       0x2c Drivers/STM32F7xx_HAL_Driver/Src/stm32f7xx_ll_rcc.o
                0x000000000800493c                RCC_GetHCLKClockFreq
 .text.RCC_GetPCLK1ClockFreq
                0x0000000008004968       0x28 Drivers/STM32F7xx_HAL_Driver/Src/stm32f7xx_ll_rcc.o
                0x0000000008004968                RCC_GetPCLK1ClockFreq
 .text.RCC_GetPCLK2ClockFreq
                0x0000000008004990       0x28 Drivers/STM32F7xx_HAL_Driver/Src/stm32f7xx_ll_rcc.o
                0x0000000008004990                RCC_GetPCLK2ClockFreq
 .text.RCC_PLL_GetFreqDomain_SYS
                0x00000000080049b8       0x6c Drivers/STM32F7xx_HAL_Driver/Src/stm32f7xx_ll_rcc.o
                0x00000000080049b8                RCC_PLL_GetFreqDomain_SYS
 .text.LL_USART_IsEnabled
                0x0000000008004a24       0x26 Drivers/STM32F7xx_HAL_Driver/Src/stm32f7xx_ll_usart.o
 .text.LL_USART_SetStopBitsLength
                0x0000000008004a4a       0x26 Drivers/STM32F7xx_HAL_Driver/Src/stm32f7xx_ll_usart.o
 .text.LL_USART_SetHWFlowCtrl
                0x0000000008004a70       0x26 Drivers/STM32F7xx_HAL_Driver/Src/stm32f7xx_ll_usart.o
 .text.LL_USART_SetBaudRate
                0x0000000008004a96       0x60 Drivers/STM32F7xx_HAL_Driver/Src/stm32f7xx_ll_usart.o
 *fill*         0x0000000008004af6        0x2 
 .text.LL_USART_Init
                0x0000000008004af8      0x140 Drivers/STM32F7xx_HAL_Driver/Src/stm32f7xx_ll_usart.o
                0x0000000008004af8                LL_USART_Init
 .text.osKernelInitialize
                0x0000000008004c38       0x68 Middlewares/Third_Party/FreeRTOS/Source/CMSIS_RTOS_V2/cmsis_os2.o
                0x0000000008004c38                osKernelInitialize
 .text.osKernelStart
                0x0000000008004ca0       0x68 Middlewares/Third_Party/FreeRTOS/Source/CMSIS_RTOS_V2/cmsis_os2.o
                0x0000000008004ca0                osKernelStart
 .text.osThreadNew
                0x0000000008004d08      0x154 Middlewares/Third_Party/FreeRTOS/Source/CMSIS_RTOS_V2/cmsis_os2.o
                0x0000000008004d08                osThreadNew
 .text.osDelay  0x0000000008004e5c       0x5c Middlewares/Third_Party/FreeRTOS/Source/CMSIS_RTOS_V2/cmsis_os2.o
                0x0000000008004e5c                osDelay
 .text.osMessageQueueNew
                0x0000000008004eb8      0x10c Middlewares/Third_Party/FreeRTOS/Source/CMSIS_RTOS_V2/cmsis_os2.o
                0x0000000008004eb8                osMessageQueueNew
 .text.osMessageQueuePut
                0x0000000008004fc4       0xe8 Middlewares/Third_Party/FreeRTOS/Source/CMSIS_RTOS_V2/cmsis_os2.o
                0x0000000008004fc4                osMessageQueuePut
 .text.osMessageQueueGet
                0x00000000080050ac       0xe4 Middlewares/Third_Party/FreeRTOS/Source/CMSIS_RTOS_V2/cmsis_os2.o
                0x00000000080050ac                osMessageQueueGet
 .text.vApplicationGetIdleTaskMemory
                0x0000000008005190       0x34 Middlewares/Third_Party/FreeRTOS/Source/CMSIS_RTOS_V2/cmsis_os2.o
                0x0000000008005190                vApplicationGetIdleTaskMemory
 .text.vApplicationGetTimerTaskMemory
                0x00000000080051c4       0x34 Middlewares/Third_Party/FreeRTOS/Source/CMSIS_RTOS_V2/cmsis_os2.o
                0x00000000080051c4                vApplicationGetTimerTaskMemory
 .text.vListInitialise
                0x00000000080051f8       0x40 Middlewares/Third_Party/FreeRTOS/Source/list.o
                0x00000000080051f8                vListInitialise
 .text.vListInitialiseItem
                0x0000000008005238       0x1a Middlewares/Third_Party/FreeRTOS/Source/list.o
                0x0000000008005238                vListInitialiseItem
 .text.vListInsertEnd
                0x0000000008005252       0x48 Middlewares/Third_Party/FreeRTOS/Source/list.o
                0x0000000008005252                vListInsertEnd
 .text.vListInsert
                0x000000000800529a       0x72 Middlewares/Third_Party/FreeRTOS/Source/list.o
                0x000000000800529a                vListInsert
 .text.uxListRemove
                0x000000000800530c       0x54 Middlewares/Third_Party/FreeRTOS/Source/list.o
                0x000000000800530c                uxListRemove
 .text.xQueueGenericReset
                0x0000000008005360       0xd4 Middlewares/Third_Party/FreeRTOS/Source/queue.o
                0x0000000008005360                xQueueGenericReset
 .text.xQueueGenericCreateStatic
                0x0000000008005434       0xf8 Middlewares/Third_Party/FreeRTOS/Source/queue.o
                0x0000000008005434                xQueueGenericCreateStatic
 .text.xQueueGenericCreate
                0x000000000800552c       0x7e Middlewares/Third_Party/FreeRTOS/Source/queue.o
                0x000000000800552c                xQueueGenericCreate
 .text.prvInitialiseNewQueue
                0x00000000080055aa       0x46 Middlewares/Third_Party/FreeRTOS/Source/queue.o
 .text.xQueueGenericSend
                0x00000000080055f0      0x204 Middlewares/Third_Party/FreeRTOS/Source/queue.o
                0x00000000080055f0                xQueueGenericSend
 .text.xQueueGenericSendFromISR
                0x00000000080057f4      0x138 Middlewares/Third_Party/FreeRTOS/Source/queue.o
                0x00000000080057f4                xQueueGenericSendFromISR
 .text.xQueueReceive
                0x000000000800592c      0x1c4 Middlewares/Third_Party/FreeRTOS/Source/queue.o
                0x000000000800592c                xQueueReceive
 .text.xQueueReceiveFromISR
                0x0000000008005af0      0x106 Middlewares/Third_Party/FreeRTOS/Source/queue.o
                0x0000000008005af0                xQueueReceiveFromISR
 .text.prvCopyDataToQueue
                0x0000000008005bf6       0xd4 Middlewares/Third_Party/FreeRTOS/Source/queue.o
 .text.prvCopyDataFromQueue
                0x0000000008005cca       0x4c Middlewares/Third_Party/FreeRTOS/Source/queue.o
 .text.prvUnlockQueue
                0x0000000008005d16       0xa4 Middlewares/Third_Party/FreeRTOS/Source/queue.o
 .text.prvIsQueueEmpty
                0x0000000008005dba       0x2c Middlewares/Third_Party/FreeRTOS/Source/queue.o
 .text.prvIsQueueFull
                0x0000000008005de6       0x30 Middlewares/Third_Party/FreeRTOS/Source/queue.o
 *fill*         0x0000000008005e16        0x2 
 .text.vQueueAddToRegistry
                0x0000000008005e18       0x50 Middlewares/Third_Party/FreeRTOS/Source/queue.o
                0x0000000008005e18                vQueueAddToRegistry
 .text.vQueueWaitForMessageRestricted
                0x0000000008005e68       0x68 Middlewares/Third_Party/FreeRTOS/Source/queue.o
                0x0000000008005e68                vQueueWaitForMessageRestricted
 .text.xTaskCreateStatic
                0x0000000008005ed0       0xbe Middlewares/Third_Party/FreeRTOS/Source/tasks.o
                0x0000000008005ed0                xTaskCreateStatic
 .text.xTaskCreate
                0x0000000008005f8e       0x8a Middlewares/Third_Party/FreeRTOS/Source/tasks.o
                0x0000000008005f8e                xTaskCreate
 .text.prvInitialiseNewTask
                0x0000000008006018      0x110 Middlewares/Third_Party/FreeRTOS/Source/tasks.o
 .text.prvAddNewTaskToReadyList
                0x0000000008006128       0xe0 Middlewares/Third_Party/FreeRTOS/Source/tasks.o
 .text.vTaskDelay
                0x0000000008006208       0x6c Middlewares/Third_Party/FreeRTOS/Source/tasks.o
                0x0000000008006208                vTaskDelay
 .text.vTaskStartScheduler
                0x0000000008006274       0xd0 Middlewares/Third_Party/FreeRTOS/Source/tasks.o
                0x0000000008006274                vTaskStartScheduler
 .text.vTaskSuspendAll
                0x0000000008006344       0x1c Middlewares/Third_Party/FreeRTOS/Source/tasks.o
                0x0000000008006344                vTaskSuspendAll
 .text.xTaskResumeAll
                0x0000000008006360      0x13c Middlewares/Third_Party/FreeRTOS/Source/tasks.o
                0x0000000008006360                xTaskResumeAll
 .text.xTaskGetTickCount
                0x000000000800649c       0x20 Middlewares/Third_Party/FreeRTOS/Source/tasks.o
                0x000000000800649c                xTaskGetTickCount
 .text.xTaskIncrementTick
                0x00000000080064bc      0x180 Middlewares/Third_Party/FreeRTOS/Source/tasks.o
                0x00000000080064bc                xTaskIncrementTick
 .text.vTaskSwitchContext
                0x000000000800663c       0xbc Middlewares/Third_Party/FreeRTOS/Source/tasks.o
                0x000000000800663c                vTaskSwitchContext
 .text.vTaskPlaceOnEventList
                0x00000000080066f8       0x4c Middlewares/Third_Party/FreeRTOS/Source/tasks.o
                0x00000000080066f8                vTaskPlaceOnEventList
 .text.vTaskPlaceOnEventListRestricted
                0x0000000008006744       0x58 Middlewares/Third_Party/FreeRTOS/Source/tasks.o
                0x0000000008006744                vTaskPlaceOnEventListRestricted
 .text.xTaskRemoveFromEventList
                0x000000000800679c       0xc8 Middlewares/Third_Party/FreeRTOS/Source/tasks.o
                0x000000000800679c                xTaskRemoveFromEventList
 .text.vTaskInternalSetTimeOutState
                0x0000000008006864       0x2c Middlewares/Third_Party/FreeRTOS/Source/tasks.o
                0x0000000008006864                vTaskInternalSetTimeOutState
 .text.xTaskCheckForTimeOut
                0x0000000008006890       0xc8 Middlewares/Third_Party/FreeRTOS/Source/tasks.o
                0x0000000008006890                xTaskCheckForTimeOut
 .text.vTaskMissedYield
                0x0000000008006958       0x18 Middlewares/Third_Party/FreeRTOS/Source/tasks.o
                0x0000000008006958                vTaskMissedYield
 .text.prvIdleTask
                0x0000000008006970       0x30 Middlewares/Third_Party/FreeRTOS/Source/tasks.o
 .text.prvInitialiseTaskLists
                0x00000000080069a0       0x80 Middlewares/Third_Party/FreeRTOS/Source/tasks.o
 .text.prvCheckTasksWaitingTermination
                0x0000000008006a20       0x58 Middlewares/Third_Party/FreeRTOS/Source/tasks.o
 .text.prvDeleteTCB
                0x0000000008006a78       0x60 Middlewares/Third_Party/FreeRTOS/Source/tasks.o
 .text.prvResetNextTaskUnblockTime
                0x0000000008006ad8       0x4c Middlewares/Third_Party/FreeRTOS/Source/tasks.o
 .text.xTaskGetSchedulerState
                0x0000000008006b24       0x3c Middlewares/Third_Party/FreeRTOS/Source/tasks.o
                0x0000000008006b24                xTaskGetSchedulerState
 .text.xTaskPriorityDisinherit
                0x0000000008006b60       0xe0 Middlewares/Third_Party/FreeRTOS/Source/tasks.o
                0x0000000008006b60                xTaskPriorityDisinherit
 .text.prvAddCurrentTaskToDelayedList
                0x0000000008006c40       0xa8 Middlewares/Third_Party/FreeRTOS/Source/tasks.o
 .text.xTimerCreateTimerTask
                0x0000000008006ce8       0x94 Middlewares/Third_Party/FreeRTOS/Source/timers.o
                0x0000000008006ce8                xTimerCreateTimerTask
 .text.xTimerGenericCommand
                0x0000000008006d7c       0x9c Middlewares/Third_Party/FreeRTOS/Source/timers.o
                0x0000000008006d7c                xTimerGenericCommand
 .text.prvProcessExpiredTimer
                0x0000000008006e18       0x84 Middlewares/Third_Party/FreeRTOS/Source/timers.o
 .text.prvTimerTask
                0x0000000008006e9c       0x24 Middlewares/Third_Party/FreeRTOS/Source/timers.o
 .text.prvProcessTimerOrBlockTask
                0x0000000008006ec0       0x9c Middlewares/Third_Party/FreeRTOS/Source/timers.o
 .text.prvGetNextExpireTime
                0x0000000008006f5c       0x48 Middlewares/Third_Party/FreeRTOS/Source/timers.o
 .text.prvSampleTimeNow
                0x0000000008006fa4       0x40 Middlewares/Third_Party/FreeRTOS/Source/timers.o
 .text.prvInsertTimerInActiveList
                0x0000000008006fe4       0x84 Middlewares/Third_Party/FreeRTOS/Source/timers.o
 .text.prvProcessReceivedCommands
                0x0000000008007068      0x16c Middlewares/Third_Party/FreeRTOS/Source/timers.o
 .text.prvSwitchTimerLists
                0x00000000080071d4       0xc4 Middlewares/Third_Party/FreeRTOS/Source/timers.o
 .text.prvCheckForValidListAndQueue
                0x0000000008007298       0x80 Middlewares/Third_Party/FreeRTOS/Source/timers.o
 .text.pxPortInitialiseStack
                0x0000000008007318       0x68 Middlewares/Third_Party/FreeRTOS/Source/portable/GCC/ARM_CM7/r0p1/port.o
                0x0000000008007318                pxPortInitialiseStack
 .text.prvTaskExitError
                0x0000000008007380       0x5c Middlewares/Third_Party/FreeRTOS/Source/portable/GCC/ARM_CM7/r0p1/port.o
 *fill*         0x00000000080073dc        0x4 
 .text.SVC_Handler
                0x00000000080073e0       0x28 Middlewares/Third_Party/FreeRTOS/Source/portable/GCC/ARM_CM7/r0p1/port.o
                0x00000000080073e0                SVC_Handler
 .text.prvPortStartFirstTask
                0x0000000008007408       0x28 Middlewares/Third_Party/FreeRTOS/Source/portable/GCC/ARM_CM7/r0p1/port.o
 .text.xPortStartScheduler
                0x0000000008007430       0xf8 Middlewares/Third_Party/FreeRTOS/Source/portable/GCC/ARM_CM7/r0p1/port.o
                0x0000000008007430                xPortStartScheduler
 .text.vPortEnterCritical
                0x0000000008007528       0x64 Middlewares/Third_Party/FreeRTOS/Source/portable/GCC/ARM_CM7/r0p1/port.o
                0x0000000008007528                vPortEnterCritical
 .text.vPortExitCritical
                0x000000000800758c       0x54 Middlewares/Third_Party/FreeRTOS/Source/portable/GCC/ARM_CM7/r0p1/port.o
                0x000000000800758c                vPortExitCritical
 .text.PendSV_Handler
                0x00000000080075e0       0x68 Middlewares/Third_Party/FreeRTOS/Source/portable/GCC/ARM_CM7/r0p1/port.o
                0x00000000080075e0                PendSV_Handler
 .text.SysTick_Handler
                0x0000000008007648       0x44 Middlewares/Third_Party/FreeRTOS/Source/portable/GCC/ARM_CM7/r0p1/port.o
                0x0000000008007648                SysTick_Handler
 .text.vPortSetupTimerInterrupt
                0x000000000800768c       0x48 Middlewares/Third_Party/FreeRTOS/Source/portable/GCC/ARM_CM7/r0p1/port.o
                0x000000000800768c                vPortSetupTimerInterrupt
 .text.vPortEnableVFP
                0x00000000080076d4       0x14 Middlewares/Third_Party/FreeRTOS/Source/portable/GCC/ARM_CM7/r0p1/port.o
 .text.vPortValidateInterruptPriority
                0x00000000080076e8       0x84 Middlewares/Third_Party/FreeRTOS/Source/portable/GCC/ARM_CM7/r0p1/port.o
                0x00000000080076e8                vPortValidateInterruptPriority
 .text.pvPortMalloc
                0x000000000800776c      0x190 Middlewares/Third_Party/FreeRTOS/Source/portable/MemMang/heap_4.o
                0x000000000800776c                pvPortMalloc
 .text.vPortFree
                0x00000000080078fc       0xb8 Middlewares/Third_Party/FreeRTOS/Source/portable/MemMang/heap_4.o
                0x00000000080078fc                vPortFree
 .text.prvHeapInit
                0x00000000080079b4       0xc4 Middlewares/Third_Party/FreeRTOS/Source/portable/MemMang/heap_4.o
 .text.prvInsertBlockIntoFreeList
                0x0000000008007a78       0xb4 Middlewares/Third_Party/FreeRTOS/Source/portable/MemMang/heap_4.o
 .text.__libc_init_array
                0x0000000008007b2c       0x48 c:/st/stm32cubeide_1.0.2/stm32cubeide/plugins/com.st.stm32cube.ide.mcu.externaltools.gnu-tools-for-stm32.7-2018-q2-update.win32_1.0.0.201904181610/tools/bin/../lib/gcc/arm-none-eabi/7.3.1/../../../../arm-none-eabi/lib/thumb/v7e-m/fpv4-sp/hard\libc_nano.a(lib_a-init.o)
                0x0000000008007b2c                __libc_init_array
 .text.memcpy   0x0000000008007b74       0x16 c:/st/stm32cubeide_1.0.2/stm32cubeide/plugins/com.st.stm32cube.ide.mcu.externaltools.gnu-tools-for-stm32.7-2018-q2-update.win32_1.0.0.201904181610/tools/bin/../lib/gcc/arm-none-eabi/7.3.1/../../../../arm-none-eabi/lib/thumb/v7e-m/fpv4-sp/hard\libc_nano.a(lib_a-memcpy-stub.o)
                0x0000000008007b74                memcpy
 .text.memset   0x0000000008007b8a       0x10 c:/st/stm32cubeide_1.0.2/stm32cubeide/plugins/com.st.stm32cube.ide.mcu.externaltools.gnu-tools-for-stm32.7-2018-q2-update.win32_1.0.0.201904181610/tools/bin/../lib/gcc/arm-none-eabi/7.3.1/../../../../arm-none-eabi/lib/thumb/v7e-m/fpv4-sp/hard\libc_nano.a(lib_a-memset.o)
                0x0000000008007b8a                memset
 *(.glue_7)
 .glue_7        0x0000000008007b9a        0x0 linker stubs
 *(.glue_7t)
 .glue_7t       0x0000000008007b9a        0x0 linker stubs
 *(.eh_frame)
 *fill*         0x0000000008007b9a        0x2 
 .eh_frame      0x0000000008007b9c        0x0 c:/st/stm32cubeide_1.0.2/stm32cubeide/plugins/com.st.stm32cube.ide.mcu.externaltools.gnu-tools-for-stm32.7-2018-q2-update.win32_1.0.0.201904181610/tools/bin/../lib/gcc/arm-none-eabi/7.3.1/thumb/v7e-m/fpv4-sp/hard/crtbegin.o
 *(.init)
 .init          0x0000000008007b9c        0x4 c:/st/stm32cubeide_1.0.2/stm32cubeide/plugins/com.st.stm32cube.ide.mcu.externaltools.gnu-tools-for-stm32.7-2018-q2-update.win32_1.0.0.201904181610/tools/bin/../lib/gcc/arm-none-eabi/7.3.1/thumb/v7e-m/fpv4-sp/hard/crti.o
                0x0000000008007b9c                _init
 .init          0x0000000008007ba0        0x8 c:/st/stm32cubeide_1.0.2/stm32cubeide/plugins/com.st.stm32cube.ide.mcu.externaltools.gnu-tools-for-stm32.7-2018-q2-update.win32_1.0.0.201904181610/tools/bin/../lib/gcc/arm-none-eabi/7.3.1/thumb/v7e-m/fpv4-sp/hard/crtn.o
 *(.fini)
 .fini          0x0000000008007ba8        0x4 c:/st/stm32cubeide_1.0.2/stm32cubeide/plugins/com.st.stm32cube.ide.mcu.externaltools.gnu-tools-for-stm32.7-2018-q2-update.win32_1.0.0.201904181610/tools/bin/../lib/gcc/arm-none-eabi/7.3.1/thumb/v7e-m/fpv4-sp/hard/crti.o
                0x0000000008007ba8                _fini
 .fini          0x0000000008007bac        0x8 c:/st/stm32cubeide_1.0.2/stm32cubeide/plugins/com.st.stm32cube.ide.mcu.externaltools.gnu-tools-for-stm32.7-2018-q2-update.win32_1.0.0.201904181610/tools/bin/../lib/gcc/arm-none-eabi/7.3.1/thumb/v7e-m/fpv4-sp/hard/crtn.o
                0x0000000008007bb4                . = ALIGN (0x4)
                0x0000000008007bb4                _etext = .

.vfp11_veneer   0x0000000008007bb4        0x0
 .vfp11_veneer  0x0000000008007bb4        0x0 linker stubs

.v4_bx          0x0000000008007bb4        0x0
 .v4_bx         0x0000000008007bb4        0x0 linker stubs

.iplt           0x0000000008007bb4        0x0
 .iplt          0x0000000008007bb4        0x0 c:/st/stm32cubeide_1.0.2/stm32cubeide/plugins/com.st.stm32cube.ide.mcu.externaltools.gnu-tools-for-stm32.7-2018-q2-update.win32_1.0.0.201904181610/tools/bin/../lib/gcc/arm-none-eabi/7.3.1/thumb/v7e-m/fpv4-sp/hard/crtbegin.o

.rodata         0x0000000008007bb4      0x13c
                0x0000000008007bb4                . = ALIGN (0x4)
 *(.rodata)
 .rodata        0x0000000008007bb4       0x2e Core/Src/freertos.o
 *fill*         0x0000000008007be2        0x2 
 .rodata        0x0000000008007be4       0x6a Core/Src/main.o
 *fill*         0x0000000008007c4e        0x2 
 .rodata        0x0000000008007c50        0x5 Middlewares/Third_Party/FreeRTOS/Source/tasks.o
 *fill*         0x0000000008007c55        0x3 
 .rodata        0x0000000008007c58        0xd Middlewares/Third_Party/FreeRTOS/Source/timers.o
 *(.rodata*)
 *fill*         0x0000000008007c65        0x3 
 .rodata.defaultTask_attributes
                0x0000000008007c68       0x24 Core/Src/freertos.o
                0x0000000008007c68                defaultTask_attributes
 .rodata.myTask02_attributes
                0x0000000008007c8c       0x24 Core/Src/freertos.o
                0x0000000008007c8c                myTask02_attributes
 .rodata.usart_rx_dma_queue_id_attributes
                0x0000000008007cb0       0x18 Core/Src/freertos.o
                0x0000000008007cb0                usart_rx_dma_queue_id_attributes
 .rodata.STREAM_OFFSET_TAB
                0x0000000008007cc8        0x8 Core/Src/main.o
 .rodata.AHBPrescTable
                0x0000000008007cd0       0x10 Core/Src/system_stm32f7xx.o
                0x0000000008007cd0                AHBPrescTable
 .rodata.APBPrescTable
                0x0000000008007ce0        0x8 Core/Src/system_stm32f7xx.o
                0x0000000008007ce0                APBPrescTable
 .rodata.STREAM_OFFSET_TAB
                0x0000000008007ce8        0x8 Core/Src/usart.o
                0x0000000008007cf0                . = ALIGN (0x4)

.ARM.extab      0x0000000008007cf0        0x0
                0x0000000008007cf0                . = ALIGN (0x4)
 *(.ARM.extab* .gnu.linkonce.armextab.*)
                0x0000000008007cf0                . = ALIGN (0x4)

.ARM            0x0000000008007cf0        0x8
                0x0000000008007cf0                . = ALIGN (0x4)
                0x0000000008007cf0                __exidx_start = .
 *(.ARM.exidx*)
 .ARM.exidx     0x0000000008007cf0        0x8 c:/st/stm32cubeide_1.0.2/stm32cubeide/plugins/com.st.stm32cube.ide.mcu.externaltools.gnu-tools-for-stm32.7-2018-q2-update.win32_1.0.0.201904181610/tools/bin/../lib/gcc/arm-none-eabi/7.3.1/thumb/v7e-m/fpv4-sp/hard\libgcc.a(_udivmoddi4.o)
                0x0000000008007cf8                __exidx_end = .
                0x0000000008007cf8                . = ALIGN (0x4)

.rel.dyn        0x0000000008007cf8        0x0
 .rel.iplt      0x0000000008007cf8        0x0 c:/st/stm32cubeide_1.0.2/stm32cubeide/plugins/com.st.stm32cube.ide.mcu.externaltools.gnu-tools-for-stm32.7-2018-q2-update.win32_1.0.0.201904181610/tools/bin/../lib/gcc/arm-none-eabi/7.3.1/thumb/v7e-m/fpv4-sp/hard/crtbegin.o

.preinit_array  0x0000000008007cf8        0x0
                0x0000000008007cf8                . = ALIGN (0x4)
                0x0000000008007cf8                PROVIDE (__preinit_array_start = .)
 *(.preinit_array*)
                0x0000000008007cf8                PROVIDE (__preinit_array_end = .)
                0x0000000008007cf8                . = ALIGN (0x4)

.init_array     0x0000000008007cf8        0x4
                0x0000000008007cf8                . = ALIGN (0x4)
                0x0000000008007cf8                PROVIDE (__init_array_start = .)
 *(SORT_BY_NAME(.init_array.*))
 *(.init_array*)
 .init_array    0x0000000008007cf8        0x4 c:/st/stm32cubeide_1.0.2/stm32cubeide/plugins/com.st.stm32cube.ide.mcu.externaltools.gnu-tools-for-stm32.7-2018-q2-update.win32_1.0.0.201904181610/tools/bin/../lib/gcc/arm-none-eabi/7.3.1/thumb/v7e-m/fpv4-sp/hard/crtbegin.o
                0x0000000008007cfc                PROVIDE (__init_array_end = .)
                0x0000000008007cfc                . = ALIGN (0x4)

.fini_array     0x0000000008007cfc        0x4
                0x0000000008007cfc                . = ALIGN (0x4)
                [!provide]                        PROVIDE (__fini_array_start = .)
 *(SORT_BY_NAME(.fini_array.*))
 *(.fini_array*)
 .fini_array    0x0000000008007cfc        0x4 c:/st/stm32cubeide_1.0.2/stm32cubeide/plugins/com.st.stm32cube.ide.mcu.externaltools.gnu-tools-for-stm32.7-2018-q2-update.win32_1.0.0.201904181610/tools/bin/../lib/gcc/arm-none-eabi/7.3.1/thumb/v7e-m/fpv4-sp/hard/crtbegin.o
                [!provide]                        PROVIDE (__fini_array_end = .)
                0x0000000008007d00                . = ALIGN (0x4)
                0x0000000008007d00                _sidata = LOADADDR (.data)

.data           0x0000000020000000        0xc load address 0x0000000008007d00
                0x0000000020000000                . = ALIGN (0x4)
                0x0000000020000000                _sdata = .
 *(.data)
 *(.data*)
 .data.SystemCoreClock
                0x0000000020000000        0x4 Core/Src/system_stm32f7xx.o
                0x0000000020000000                SystemCoreClock
 .data.uwTickFreq
                0x0000000020000004        0x1 Drivers/STM32F7xx_HAL_Driver/Src/stm32f7xx_hal.o
                0x0000000020000004                uwTickFreq
 *fill*         0x0000000020000005        0x3 
 .data.uxCriticalNesting
                0x0000000020000008        0x4 Middlewares/Third_Party/FreeRTOS/Source/portable/GCC/ARM_CM7/r0p1/port.o
                0x000000002000000c                . = ALIGN (0x4)
                0x000000002000000c                _edata = .

.igot.plt       0x000000002000000c        0x0 load address 0x0000000008007d0c
 .igot.plt      0x000000002000000c        0x0 c:/st/stm32cubeide_1.0.2/stm32cubeide/plugins/com.st.stm32cube.ide.mcu.externaltools.gnu-tools-for-stm32.7-2018-q2-update.win32_1.0.0.201904181610/tools/bin/../lib/gcc/arm-none-eabi/7.3.1/thumb/v7e-m/fpv4-sp/hard/crtbegin.o
                0x000000002000000c                . = ALIGN (0x4)

.bss            0x000000002000000c     0x4b00 load address 0x0000000008007d0c
                0x000000002000000c                _sbss = .
                0x000000002000000c                __bss_start__ = _sbss
 *(.bss)
 .bss           0x000000002000000c       0x1c c:/st/stm32cubeide_1.0.2/stm32cubeide/plugins/com.st.stm32cube.ide.mcu.externaltools.gnu-tools-for-stm32.7-2018-q2-update.win32_1.0.0.201904181610/tools/bin/../lib/gcc/arm-none-eabi/7.3.1/thumb/v7e-m/fpv4-sp/hard/crtbegin.o
 *(.bss*)
 .bss.usart_rx_dma_buffer
                0x0000000020000028       0xc8 Core/Src/main.o
 .bss.old_pos.11682
                0x00000000200000f0        0x4 Core/Src/main.o
 .bss.KernelState
                0x00000000200000f4        0x4 Middlewares/Third_Party/FreeRTOS/Source/CMSIS_RTOS_V2/cmsis_os2.o
 .bss.Idle_TCB  0x00000000200000f8       0x5c Middlewares/Third_Party/FreeRTOS/Source/CMSIS_RTOS_V2/cmsis_os2.o
 .bss.Idle_Stack
                0x0000000020000154      0x200 Middlewares/Third_Party/FreeRTOS/Source/CMSIS_RTOS_V2/cmsis_os2.o
 .bss.Timer_TCB
                0x0000000020000354       0x5c Middlewares/Third_Party/FreeRTOS/Source/CMSIS_RTOS_V2/cmsis_os2.o
 .bss.Timer_Stack
                0x00000000200003b0      0x400 Middlewares/Third_Party/FreeRTOS/Source/CMSIS_RTOS_V2/cmsis_os2.o
 .bss.pxCurrentTCB
                0x00000000200007b0        0x4 Middlewares/Third_Party/FreeRTOS/Source/tasks.o
                0x00000000200007b0                pxCurrentTCB
 .bss.pxReadyTasksLists
                0x00000000200007b4      0x460 Middlewares/Third_Party/FreeRTOS/Source/tasks.o
 .bss.xDelayedTaskList1
                0x0000000020000c14       0x14 Middlewares/Third_Party/FreeRTOS/Source/tasks.o
 .bss.xDelayedTaskList2
                0x0000000020000c28       0x14 Middlewares/Third_Party/FreeRTOS/Source/tasks.o
 .bss.pxDelayedTaskList
                0x0000000020000c3c        0x4 Middlewares/Third_Party/FreeRTOS/Source/tasks.o
 .bss.pxOverflowDelayedTaskList
                0x0000000020000c40        0x4 Middlewares/Third_Party/FreeRTOS/Source/tasks.o
 .bss.xPendingReadyList
                0x0000000020000c44       0x14 Middlewares/Third_Party/FreeRTOS/Source/tasks.o
 .bss.xTasksWaitingTermination
                0x0000000020000c58       0x14 Middlewares/Third_Party/FreeRTOS/Source/tasks.o
 .bss.uxDeletedTasksWaitingCleanUp
                0x0000000020000c6c        0x4 Middlewares/Third_Party/FreeRTOS/Source/tasks.o
 .bss.xSuspendedTaskList
                0x0000000020000c70       0x14 Middlewares/Third_Party/FreeRTOS/Source/tasks.o
 .bss.uxCurrentNumberOfTasks
                0x0000000020000c84        0x4 Middlewares/Third_Party/FreeRTOS/Source/tasks.o
 .bss.xTickCount
                0x0000000020000c88        0x4 Middlewares/Third_Party/FreeRTOS/Source/tasks.o
 .bss.uxTopReadyPriority
                0x0000000020000c8c        0x4 Middlewares/Third_Party/FreeRTOS/Source/tasks.o
 .bss.xSchedulerRunning
                0x0000000020000c90        0x4 Middlewares/Third_Party/FreeRTOS/Source/tasks.o
 .bss.uxPendedTicks
                0x0000000020000c94        0x4 Middlewares/Third_Party/FreeRTOS/Source/tasks.o
 .bss.xYieldPending
                0x0000000020000c98        0x4 Middlewares/Third_Party/FreeRTOS/Source/tasks.o
 .bss.xNumOfOverflows
                0x0000000020000c9c        0x4 Middlewares/Third_Party/FreeRTOS/Source/tasks.o
 .bss.uxTaskNumber
                0x0000000020000ca0        0x4 Middlewares/Third_Party/FreeRTOS/Source/tasks.o
 .bss.xNextTaskUnblockTime
                0x0000000020000ca4        0x4 Middlewares/Third_Party/FreeRTOS/Source/tasks.o
 .bss.xIdleTaskHandle
                0x0000000020000ca8        0x4 Middlewares/Third_Party/FreeRTOS/Source/tasks.o
 .bss.uxSchedulerSuspended
                0x0000000020000cac        0x4 Middlewares/Third_Party/FreeRTOS/Source/tasks.o
 .bss.xActiveTimerList1
                0x0000000020000cb0       0x14 Middlewares/Third_Party/FreeRTOS/Source/timers.o
 .bss.xActiveTimerList2
                0x0000000020000cc4       0x14 Middlewares/Third_Party/FreeRTOS/Source/timers.o
 .bss.pxCurrentTimerList
                0x0000000020000cd8        0x4 Middlewares/Third_Party/FreeRTOS/Source/timers.o
 .bss.pxOverflowTimerList
                0x0000000020000cdc        0x4 Middlewares/Third_Party/FreeRTOS/Source/timers.o
 .bss.xTimerQueue
                0x0000000020000ce0        0x4 Middlewares/Third_Party/FreeRTOS/Source/timers.o
 .bss.xTimerTaskHandle
                0x0000000020000ce4        0x4 Middlewares/Third_Party/FreeRTOS/Source/timers.o
 .bss.xLastTime.6727
                0x0000000020000ce8        0x4 Middlewares/Third_Party/FreeRTOS/Source/timers.o
 .bss.ucStaticTimerQueueStorage.6778
                0x0000000020000cec       0xa0 Middlewares/Third_Party/FreeRTOS/Source/timers.o
 .bss.xStaticTimerQueue.6777
                0x0000000020000d8c       0x50 Middlewares/Third_Party/FreeRTOS/Source/timers.o
 .bss.ucMaxSysCallPriority
                0x0000000020000ddc        0x1 Middlewares/Third_Party/FreeRTOS/Source/portable/GCC/ARM_CM7/r0p1/port.o
 *fill*         0x0000000020000ddd        0x3 
 .bss.ulMaxPRIGROUPValue
                0x0000000020000de0        0x4 Middlewares/Third_Party/FreeRTOS/Source/portable/GCC/ARM_CM7/r0p1/port.o
 .bss.ucHeap    0x0000000020000de4     0x3c00 Middlewares/Third_Party/FreeRTOS/Source/portable/MemMang/heap_4.o
 .bss.xStart    0x00000000200049e4        0x8 Middlewares/Third_Party/FreeRTOS/Source/portable/MemMang/heap_4.o
 .bss.pxEnd     0x00000000200049ec        0x4 Middlewares/Third_Party/FreeRTOS/Source/portable/MemMang/heap_4.o
 .bss.xFreeBytesRemaining
                0x00000000200049f0        0x4 Middlewares/Third_Party/FreeRTOS/Source/portable/MemMang/heap_4.o
 .bss.xMinimumEverFreeBytesRemaining
                0x00000000200049f4        0x4 Middlewares/Third_Party/FreeRTOS/Source/portable/MemMang/heap_4.o
 .bss.xBlockAllocatedBit
                0x00000000200049f8        0x4 Middlewares/Third_Party/FreeRTOS/Source/portable/MemMang/heap_4.o
 *(COMMON)
 COMMON         0x00000000200049fc        0xc Core/Src/freertos.o
                0x00000000200049fc                defaultTaskHandle
                0x0000000020004a00                usart_rx_dma_queue_idHandle
                0x0000000020004a04                myTask02Handle
 COMMON         0x0000000020004a08       0x40 Core/Src/stm32f7xx_hal_timebase_tim.o
                0x0000000020004a08                htim6
 COMMON         0x0000000020004a48       0x80 Core/Src/usart.o
                0x0000000020004a48                huart4
 COMMON         0x0000000020004ac8        0x4 Drivers/STM32F7xx_HAL_Driver/Src/stm32f7xx_hal.o
                0x0000000020004ac8                uwTick
 COMMON         0x0000000020004acc       0x40 Middlewares/Third_Party/FreeRTOS/Source/queue.o
                0x0000000020004acc                xQueueRegistry
                0x0000000020004b0c                . = ALIGN (0x4)
                0x0000000020004b0c                _ebss = .
                0x0000000020004b0c                __bss_end__ = _ebss

._user_heap_stack
                0x0000000020004b0c      0x604 load address 0x0000000008007d0c
                0x0000000020004b10                . = ALIGN (0x8)
 *fill*         0x0000000020004b0c        0x4 
                0x0000000020004b10                PROVIDE (end = .)
                [!provide]                        PROVIDE (_end = .)
                0x0000000020004d10                . = (. + _Min_Heap_Size)
 *fill*         0x0000000020004b10      0x200 
                0x0000000020005110                . = (. + _Min_Stack_Size)
 *fill*         0x0000000020004d10      0x400 
                0x0000000020005110                . = ALIGN (0x8)

/DISCARD/
 libc.a(*)
 libm.a(*)
 libgcc.a(*)

.ARM.attributes
                0x0000000000000000       0x30
 *(.ARM.attributes)
 .ARM.attributes
                0x0000000000000000       0x22 c:/st/stm32cubeide_1.0.2/stm32cubeide/plugins/com.st.stm32cube.ide.mcu.externaltools.gnu-tools-for-stm32.7-2018-q2-update.win32_1.0.0.201904181610/tools/bin/../lib/gcc/arm-none-eabi/7.3.1/thumb/v7e-m/fpv4-sp/hard/crti.o
 .ARM.attributes
                0x0000000000000022       0x34 c:/st/stm32cubeide_1.0.2/stm32cubeide/plugins/com.st.stm32cube.ide.mcu.externaltools.gnu-tools-for-stm32.7-2018-q2-update.win32_1.0.0.201904181610/tools/bin/../lib/gcc/arm-none-eabi/7.3.1/thumb/v7e-m/fpv4-sp/hard/crtbegin.o
 .ARM.attributes
                0x0000000000000056       0x39 Core/Src/dma.o
 .ARM.attributes
                0x000000000000008f       0x39 Core/Src/freertos.o
 .ARM.attributes
                0x00000000000000c8       0x39 Core/Src/gpio.o
 .ARM.attributes
                0x0000000000000101       0x39 Core/Src/main.o
 .ARM.attributes
                0x000000000000013a       0x39 Core/Src/stm32f7xx_hal_msp.o
 .ARM.attributes
                0x0000000000000173       0x39 Core/Src/stm32f7xx_hal_timebase_tim.o
 .ARM.attributes
                0x00000000000001ac       0x39 Core/Src/stm32f7xx_it.o
 .ARM.attributes
                0x00000000000001e5       0x39 Core/Src/system_stm32f7xx.o
 .ARM.attributes
                0x000000000000021e       0x39 Core/Src/usart.o
 .ARM.attributes
                0x0000000000000257       0x21 Core/Startup/startup_stm32f746zgtx.o
 .ARM.attributes
                0x0000000000000278       0x39 Drivers/STM32F7xx_HAL_Driver/Src/stm32f7xx_hal.o
 .ARM.attributes
                0x00000000000002b1       0x39 Drivers/STM32F7xx_HAL_Driver/Src/stm32f7xx_hal_cortex.o
 .ARM.attributes
                0x00000000000002ea       0x39 Drivers/STM32F7xx_HAL_Driver/Src/stm32f7xx_hal_dma.o
 .ARM.attributes
                0x0000000000000323       0x39 Drivers/STM32F7xx_HAL_Driver/Src/stm32f7xx_hal_gpio.o
 .ARM.attributes
                0x000000000000035c       0x39 Drivers/STM32F7xx_HAL_Driver/Src/stm32f7xx_hal_pwr.o
 .ARM.attributes
                0x0000000000000395       0x39 Drivers/STM32F7xx_HAL_Driver/Src/stm32f7xx_hal_rcc.o
 .ARM.attributes
                0x00000000000003ce       0x39 Drivers/STM32F7xx_HAL_Driver/Src/stm32f7xx_hal_rcc_ex.o
 .ARM.attributes
                0x0000000000000407       0x39 Drivers/STM32F7xx_HAL_Driver/Src/stm32f7xx_hal_tim.o
 .ARM.attributes
                0x0000000000000440       0x39 Drivers/STM32F7xx_HAL_Driver/Src/stm32f7xx_hal_tim_ex.o
 .ARM.attributes
                0x0000000000000479       0x39 Drivers/STM32F7xx_HAL_Driver/Src/stm32f7xx_hal_uart.o
 .ARM.attributes
                0x00000000000004b2       0x39 Drivers/STM32F7xx_HAL_Driver/Src/stm32f7xx_ll_gpio.o
 .ARM.attributes
                0x00000000000004eb       0x39 Drivers/STM32F7xx_HAL_Driver/Src/stm32f7xx_ll_rcc.o
 .ARM.attributes
                0x0000000000000524       0x39 Drivers/STM32F7xx_HAL_Driver/Src/stm32f7xx_ll_usart.o
 .ARM.attributes
                0x000000000000055d       0x39 Middlewares/Third_Party/FreeRTOS/Source/CMSIS_RTOS_V2/cmsis_os2.o
 .ARM.attributes
                0x0000000000000596       0x39 Middlewares/Third_Party/FreeRTOS/Source/list.o
 .ARM.attributes
                0x00000000000005cf       0x39 Middlewares/Third_Party/FreeRTOS/Source/queue.o
 .ARM.attributes
                0x0000000000000608       0x39 Middlewares/Third_Party/FreeRTOS/Source/tasks.o
 .ARM.attributes
                0x0000000000000641       0x39 Middlewares/Third_Party/FreeRTOS/Source/timers.o
 .ARM.attributes
                0x000000000000067a       0x39 Middlewares/Third_Party/FreeRTOS/Source/portable/GCC/ARM_CM7/r0p1/port.o
 .ARM.attributes
                0x00000000000006b3       0x39 Middlewares/Third_Party/FreeRTOS/Source/portable/MemMang/heap_4.o
 .ARM.attributes
                0x00000000000006ec       0x34 c:/st/stm32cubeide_1.0.2/stm32cubeide/plugins/com.st.stm32cube.ide.mcu.externaltools.gnu-tools-for-stm32.7-2018-q2-update.win32_1.0.0.201904181610/tools/bin/../lib/gcc/arm-none-eabi/7.3.1/../../../../arm-none-eabi/lib/thumb/v7e-m/fpv4-sp/hard\libc_nano.a(lib_a-init.o)
 .ARM.attributes
                0x0000000000000720       0x34 c:/st/stm32cubeide_1.0.2/stm32cubeide/plugins/com.st.stm32cube.ide.mcu.externaltools.gnu-tools-for-stm32.7-2018-q2-update.win32_1.0.0.201904181610/tools/bin/../lib/gcc/arm-none-eabi/7.3.1/../../../../arm-none-eabi/lib/thumb/v7e-m/fpv4-sp/hard\libc_nano.a(lib_a-memcpy-stub.o)
 .ARM.attributes
                0x0000000000000754       0x34 c:/st/stm32cubeide_1.0.2/stm32cubeide/plugins/com.st.stm32cube.ide.mcu.externaltools.gnu-tools-for-stm32.7-2018-q2-update.win32_1.0.0.201904181610/tools/bin/../lib/gcc/arm-none-eabi/7.3.1/../../../../arm-none-eabi/lib/thumb/v7e-m/fpv4-sp/hard\libc_nano.a(lib_a-memset.o)
 .ARM.attributes
                0x0000000000000788       0x1b c:/st/stm32cubeide_1.0.2/stm32cubeide/plugins/com.st.stm32cube.ide.mcu.externaltools.gnu-tools-for-stm32.7-2018-q2-update.win32_1.0.0.201904181610/tools/bin/../lib/gcc/arm-none-eabi/7.3.1/../../../../arm-none-eabi/lib/thumb/v7e-m/fpv4-sp/hard\libc_nano.a(lib_a-strlen.o)
 .ARM.attributes
                0x00000000000007a3       0x22 c:/st/stm32cubeide_1.0.2/stm32cubeide/plugins/com.st.stm32cube.ide.mcu.externaltools.gnu-tools-for-stm32.7-2018-q2-update.win32_1.0.0.201904181610/tools/bin/../lib/gcc/arm-none-eabi/7.3.1/thumb/v7e-m/fpv4-sp/hard\libgcc.a(_aeabi_uldivmod.o)
 .ARM.attributes
                0x00000000000007c5       0x34 c:/st/stm32cubeide_1.0.2/stm32cubeide/plugins/com.st.stm32cube.ide.mcu.externaltools.gnu-tools-for-stm32.7-2018-q2-update.win32_1.0.0.201904181610/tools/bin/../lib/gcc/arm-none-eabi/7.3.1/thumb/v7e-m/fpv4-sp/hard\libgcc.a(_udivmoddi4.o)
 .ARM.attributes
                0x00000000000007f9       0x22 c:/st/stm32cubeide_1.0.2/stm32cubeide/plugins/com.st.stm32cube.ide.mcu.externaltools.gnu-tools-for-stm32.7-2018-q2-update.win32_1.0.0.201904181610/tools/bin/../lib/gcc/arm-none-eabi/7.3.1/thumb/v7e-m/fpv4-sp/hard\libgcc.a(_dvmd_tls.o)
 .ARM.attributes
                0x000000000000081b       0x22 c:/st/stm32cubeide_1.0.2/stm32cubeide/plugins/com.st.stm32cube.ide.mcu.externaltools.gnu-tools-for-stm32.7-2018-q2-update.win32_1.0.0.201904181610/tools/bin/../lib/gcc/arm-none-eabi/7.3.1/thumb/v7e-m/fpv4-sp/hard/crtn.o
OUTPUT(F7_UART.elf elf32-littlearm)

.debug_info     0x0000000000000000    0x1db6c
 .debug_info    0x0000000000000000      0xba6 Core/Src/dma.o
 .debug_info    0x0000000000000ba6      0x5a5 Core/Src/freertos.o
 .debug_info    0x000000000000114b      0x55e Core/Src/gpio.o
 .debug_info    0x00000000000016a9     0x1560 Core/Src/main.o
 .debug_info    0x0000000000002c09      0x644 Core/Src/stm32f7xx_hal_msp.o
 .debug_info    0x000000000000324d      0xbe7 Core/Src/stm32f7xx_hal_timebase_tim.o
 .debug_info    0x0000000000003e34      0xa4a Core/Src/stm32f7xx_it.o
 .debug_info    0x000000000000487e      0x73d Core/Src/system_stm32f7xx.o
 .debug_info    0x0000000000004fbb     0x16ce Core/Src/usart.o
 .debug_info    0x0000000000006689       0x22 Core/Startup/startup_stm32f746zgtx.o
 .debug_info    0x00000000000066ab      0x9c4 Drivers/STM32F7xx_HAL_Driver/Src/stm32f7xx_hal.o
 .debug_info    0x000000000000706f     0x104a Drivers/STM32F7xx_HAL_Driver/Src/stm32f7xx_hal_cortex.o
 .debug_info    0x00000000000080b9      0x968 Drivers/STM32F7xx_HAL_Driver/Src/stm32f7xx_hal_dma.o
 .debug_info    0x0000000000008a21      0x7dc Drivers/STM32F7xx_HAL_Driver/Src/stm32f7xx_hal_gpio.o
 .debug_info    0x00000000000091fd      0x9b4 Drivers/STM32F7xx_HAL_Driver/Src/stm32f7xx_hal_pwr.o
 .debug_info    0x0000000000009bb1      0x926 Drivers/STM32F7xx_HAL_Driver/Src/stm32f7xx_hal_rcc.o
 .debug_info    0x000000000000a4d7      0x7ad Drivers/STM32F7xx_HAL_Driver/Src/stm32f7xx_hal_rcc_ex.o
 .debug_info    0x000000000000ac84     0x25a0 Drivers/STM32F7xx_HAL_Driver/Src/stm32f7xx_hal_tim.o
 .debug_info    0x000000000000d224     0x121c Drivers/STM32F7xx_HAL_Driver/Src/stm32f7xx_hal_tim_ex.o
 .debug_info    0x000000000000e440     0x1639 Drivers/STM32F7xx_HAL_Driver/Src/stm32f7xx_hal_uart.o
 .debug_info    0x000000000000fa79      0x942 Drivers/STM32F7xx_HAL_Driver/Src/stm32f7xx_ll_gpio.o
 .debug_info    0x00000000000103bb      0xd84 Drivers/STM32F7xx_HAL_Driver/Src/stm32f7xx_ll_rcc.o
 .debug_info    0x000000000001113f      0x7e0 Drivers/STM32F7xx_HAL_Driver/Src/stm32f7xx_ll_usart.o
 .debug_info    0x000000000001191f     0x4062 Middlewares/Third_Party/FreeRTOS/Source/CMSIS_RTOS_V2/cmsis_os2.o
 .debug_info    0x0000000000015981      0xac5 Middlewares/Third_Party/FreeRTOS/Source/list.o
 .debug_info    0x0000000000016446     0x22e8 Middlewares/Third_Party/FreeRTOS/Source/queue.o
 .debug_info    0x000000000001872e     0x294f Middlewares/Third_Party/FreeRTOS/Source/tasks.o
 .debug_info    0x000000000001b07d     0x1a21 Middlewares/Third_Party/FreeRTOS/Source/timers.o
 .debug_info    0x000000000001ca9e      0x4e4 Middlewares/Third_Party/FreeRTOS/Source/portable/GCC/ARM_CM7/r0p1/port.o
 .debug_info    0x000000000001cf82      0xbea Middlewares/Third_Party/FreeRTOS/Source/portable/MemMang/heap_4.o

.debug_abbrev   0x0000000000000000     0x3c12
 .debug_abbrev  0x0000000000000000      0x1a5 Core/Src/dma.o
 .debug_abbrev  0x00000000000001a5      0x151 Core/Src/freertos.o
 .debug_abbrev  0x00000000000002f6      0x134 Core/Src/gpio.o
 .debug_abbrev  0x000000000000042a      0x27e Core/Src/main.o
 .debug_abbrev  0x00000000000006a8      0x112 Core/Src/stm32f7xx_hal_msp.o
 .debug_abbrev  0x00000000000007ba      0x19d Core/Src/stm32f7xx_hal_timebase_tim.o
 .debug_abbrev  0x0000000000000957      0x169 Core/Src/stm32f7xx_it.o
 .debug_abbrev  0x0000000000000ac0      0x147 Core/Src/system_stm32f7xx.o
 .debug_abbrev  0x0000000000000c07      0x23e Core/Src/usart.o
 .debug_abbrev  0x0000000000000e45       0x12 Core/Startup/startup_stm32f746zgtx.o
 .debug_abbrev  0x0000000000000e57      0x1c7 Drivers/STM32F7xx_HAL_Driver/Src/stm32f7xx_hal.o
 .debug_abbrev  0x000000000000101e      0x2fa Drivers/STM32F7xx_HAL_Driver/Src/stm32f7xx_hal_cortex.o
 .debug_abbrev  0x0000000000001318      0x229 Drivers/STM32F7xx_HAL_Driver/Src/stm32f7xx_hal_dma.o
 .debug_abbrev  0x0000000000001541      0x1c9 Drivers/STM32F7xx_HAL_Driver/Src/stm32f7xx_hal_gpio.o
 .debug_abbrev  0x000000000000170a      0x1b6 Drivers/STM32F7xx_HAL_Driver/Src/stm32f7xx_hal_pwr.o
 .debug_abbrev  0x00000000000018c0      0x21a Drivers/STM32F7xx_HAL_Driver/Src/stm32f7xx_hal_rcc.o
 .debug_abbrev  0x0000000000001ada      0x1ad Drivers/STM32F7xx_HAL_Driver/Src/stm32f7xx_hal_rcc_ex.o
 .debug_abbrev  0x0000000000001c87      0x230 Drivers/STM32F7xx_HAL_Driver/Src/stm32f7xx_hal_tim.o
 .debug_abbrev  0x0000000000001eb7      0x21e Drivers/STM32F7xx_HAL_Driver/Src/stm32f7xx_hal_tim_ex.o
 .debug_abbrev  0x00000000000020d5      0x205 Drivers/STM32F7xx_HAL_Driver/Src/stm32f7xx_hal_uart.o
 .debug_abbrev  0x00000000000022da      0x212 Drivers/STM32F7xx_HAL_Driver/Src/stm32f7xx_ll_gpio.o
 .debug_abbrev  0x00000000000024ec      0x1d2 Drivers/STM32F7xx_HAL_Driver/Src/stm32f7xx_ll_rcc.o
 .debug_abbrev  0x00000000000026be      0x1b1 Drivers/STM32F7xx_HAL_Driver/Src/stm32f7xx_ll_usart.o
 .debug_abbrev  0x000000000000286f      0x3a0 Middlewares/Third_Party/FreeRTOS/Source/CMSIS_RTOS_V2/cmsis_os2.o
 .debug_abbrev  0x0000000000002c0f      0x1cf Middlewares/Third_Party/FreeRTOS/Source/list.o
 .debug_abbrev  0x0000000000002dde      0x354 Middlewares/Third_Party/FreeRTOS/Source/queue.o
 .debug_abbrev  0x0000000000003132      0x350 Middlewares/Third_Party/FreeRTOS/Source/tasks.o
 .debug_abbrev  0x0000000000003482      0x2d7 Middlewares/Third_Party/FreeRTOS/Source/timers.o
 .debug_abbrev  0x0000000000003759      0x21b Middlewares/Third_Party/FreeRTOS/Source/portable/GCC/ARM_CM7/r0p1/port.o
 .debug_abbrev  0x0000000000003974      0x29e Middlewares/Third_Party/FreeRTOS/Source/portable/MemMang/heap_4.o

.debug_aranges  0x0000000000000000     0x1970
 .debug_aranges
                0x0000000000000000       0x40 Core/Src/dma.o
 .debug_aranges
                0x0000000000000040       0x30 Core/Src/freertos.o
 .debug_aranges
                0x0000000000000070       0x20 Core/Src/gpio.o
 .debug_aranges
                0x0000000000000090      0x110 Core/Src/main.o
 .debug_aranges
                0x00000000000001a0       0x20 Core/Src/stm32f7xx_hal_msp.o
 .debug_aranges
                0x00000000000001c0       0x30 Core/Src/stm32f7xx_hal_timebase_tim.o
 .debug_aranges
                0x00000000000001f0       0x68 Core/Src/stm32f7xx_it.o
 .debug_aranges
                0x0000000000000258       0x28 Core/Src/system_stm32f7xx.o
 .debug_aranges
                0x0000000000000280       0xc0 Core/Src/usart.o
 .debug_aranges
                0x0000000000000340       0x28 Core/Startup/startup_stm32f746zgtx.o
 .debug_aranges
                0x0000000000000368      0x100 Drivers/STM32F7xx_HAL_Driver/Src/stm32f7xx_hal.o
 .debug_aranges
                0x0000000000000468      0x118 Drivers/STM32F7xx_HAL_Driver/Src/stm32f7xx_hal_cortex.o
 .debug_aranges
                0x0000000000000580       0x90 Drivers/STM32F7xx_HAL_Driver/Src/stm32f7xx_hal_dma.o
 .debug_aranges
                0x0000000000000610       0x58 Drivers/STM32F7xx_HAL_Driver/Src/stm32f7xx_hal_gpio.o
 .debug_aranges
                0x0000000000000668       0xa0 Drivers/STM32F7xx_HAL_Driver/Src/stm32f7xx_hal_pwr.o
 .debug_aranges
                0x0000000000000708       0x88 Drivers/STM32F7xx_HAL_Driver/Src/stm32f7xx_hal_rcc.o
 .debug_aranges
                0x0000000000000790       0x50 Drivers/STM32F7xx_HAL_Driver/Src/stm32f7xx_hal_rcc_ex.o
 .debug_aranges
                0x00000000000007e0      0x3b8 Drivers/STM32F7xx_HAL_Driver/Src/stm32f7xx_hal_tim.o
 .debug_aranges
                0x0000000000000b98      0x160 Drivers/STM32F7xx_HAL_Driver/Src/stm32f7xx_hal_tim_ex.o
 .debug_aranges
                0x0000000000000cf8      0x1f8 Drivers/STM32F7xx_HAL_Driver/Src/stm32f7xx_hal_uart.o
 .debug_aranges
                0x0000000000000ef0       0x70 Drivers/STM32F7xx_HAL_Driver/Src/stm32f7xx_ll_gpio.o
 .debug_aranges
                0x0000000000000f60      0x220 Drivers/STM32F7xx_HAL_Driver/Src/stm32f7xx_ll_rcc.o
 .debug_aranges
                0x0000000000001180       0x88 Drivers/STM32F7xx_HAL_Driver/Src/stm32f7xx_ll_usart.o
 .debug_aranges
                0x0000000000001208      0x228 Middlewares/Third_Party/FreeRTOS/Source/CMSIS_RTOS_V2/cmsis_os2.o
 .debug_aranges
                0x0000000000001430       0x40 Middlewares/Third_Party/FreeRTOS/Source/list.o
 .debug_aranges
                0x0000000000001470      0x158 Middlewares/Third_Party/FreeRTOS/Source/queue.o
 .debug_aranges
                0x00000000000015c8      0x1f8 Middlewares/Third_Party/FreeRTOS/Source/tasks.o
 .debug_aranges
                0x00000000000017c0       0xe0 Middlewares/Third_Party/FreeRTOS/Source/timers.o
 .debug_aranges
                0x00000000000018a0       0x80 Middlewares/Third_Party/FreeRTOS/Source/portable/GCC/ARM_CM7/r0p1/port.o
 .debug_aranges
                0x0000000000001920       0x50 Middlewares/Third_Party/FreeRTOS/Source/portable/MemMang/heap_4.o

.debug_ranges   0x0000000000000000     0x1798
 .debug_ranges  0x0000000000000000       0x30 Core/Src/dma.o
 .debug_ranges  0x0000000000000030       0x20 Core/Src/freertos.o
 .debug_ranges  0x0000000000000050       0x10 Core/Src/gpio.o
 .debug_ranges  0x0000000000000060      0x100 Core/Src/main.o
 .debug_ranges  0x0000000000000160       0x10 Core/Src/stm32f7xx_hal_msp.o
 .debug_ranges  0x0000000000000170       0x20 Core/Src/stm32f7xx_hal_timebase_tim.o
 .debug_ranges  0x0000000000000190       0x58 Core/Src/stm32f7xx_it.o
 .debug_ranges  0x00000000000001e8       0x18 Core/Src/system_stm32f7xx.o
 .debug_ranges  0x0000000000000200       0xb0 Core/Src/usart.o
 .debug_ranges  0x00000000000002b0       0x20 Core/Startup/startup_stm32f746zgtx.o
 .debug_ranges  0x00000000000002d0       0xf0 Drivers/STM32F7xx_HAL_Driver/Src/stm32f7xx_hal.o
 .debug_ranges  0x00000000000003c0      0x108 Drivers/STM32F7xx_HAL_Driver/Src/stm32f7xx_hal_cortex.o
 .debug_ranges  0x00000000000004c8       0x80 Drivers/STM32F7xx_HAL_Driver/Src/stm32f7xx_hal_dma.o
 .debug_ranges  0x0000000000000548       0x48 Drivers/STM32F7xx_HAL_Driver/Src/stm32f7xx_hal_gpio.o
 .debug_ranges  0x0000000000000590       0x90 Drivers/STM32F7xx_HAL_Driver/Src/stm32f7xx_hal_pwr.o
 .debug_ranges  0x0000000000000620       0x78 Drivers/STM32F7xx_HAL_Driver/Src/stm32f7xx_hal_rcc.o
 .debug_ranges  0x0000000000000698       0x40 Drivers/STM32F7xx_HAL_Driver/Src/stm32f7xx_hal_rcc_ex.o
 .debug_ranges  0x00000000000006d8      0x3a8 Drivers/STM32F7xx_HAL_Driver/Src/stm32f7xx_hal_tim.o
 .debug_ranges  0x0000000000000a80      0x150 Drivers/STM32F7xx_HAL_Driver/Src/stm32f7xx_hal_tim_ex.o
 .debug_ranges  0x0000000000000bd0      0x1e8 Drivers/STM32F7xx_HAL_Driver/Src/stm32f7xx_hal_uart.o
 .debug_ranges  0x0000000000000db8       0x60 Drivers/STM32F7xx_HAL_Driver/Src/stm32f7xx_ll_gpio.o
 .debug_ranges  0x0000000000000e18      0x210 Drivers/STM32F7xx_HAL_Driver/Src/stm32f7xx_ll_rcc.o
 .debug_ranges  0x0000000000001028       0x78 Drivers/STM32F7xx_HAL_Driver/Src/stm32f7xx_ll_usart.o
 .debug_ranges  0x00000000000010a0      0x218 Middlewares/Third_Party/FreeRTOS/Source/CMSIS_RTOS_V2/cmsis_os2.o
 .debug_ranges  0x00000000000012b8       0x30 Middlewares/Third_Party/FreeRTOS/Source/list.o
 .debug_ranges  0x00000000000012e8      0x148 Middlewares/Third_Party/FreeRTOS/Source/queue.o
 .debug_ranges  0x0000000000001430      0x1e8 Middlewares/Third_Party/FreeRTOS/Source/tasks.o
 .debug_ranges  0x0000000000001618       0xd0 Middlewares/Third_Party/FreeRTOS/Source/timers.o
 .debug_ranges  0x00000000000016e8       0x70 Middlewares/Third_Party/FreeRTOS/Source/portable/GCC/ARM_CM7/r0p1/port.o
 .debug_ranges  0x0000000000001758       0x40 Middlewares/Third_Party/FreeRTOS/Source/portable/MemMang/heap_4.o

.debug_macro    0x0000000000000000    0x29ff0
 .debug_macro   0x0000000000000000      0x256 Core/Src/dma.o
 .debug_macro   0x0000000000000256      0xa60 Core/Src/dma.o
 .debug_macro   0x0000000000000cb6      0x189 Core/Src/dma.o
 .debug_macro   0x0000000000000e3f       0x2e Core/Src/dma.o
 .debug_macro   0x0000000000000e6d       0x3b Core/Src/dma.o
 .debug_macro   0x0000000000000ea8       0x22 Core/Src/dma.o
 .debug_macro   0x0000000000000eca       0x8e Core/Src/dma.o
 .debug_macro   0x0000000000000f58       0x51 Core/Src/dma.o
 .debug_macro   0x0000000000000fa9       0xef Core/Src/dma.o
 .debug_macro   0x0000000000001098       0x6a Core/Src/dma.o
 .debug_macro   0x0000000000001102      0x1df Core/Src/dma.o
 .debug_macro   0x00000000000012e1       0x1c Core/Src/dma.o
 .debug_macro   0x00000000000012fd       0x22 Core/Src/dma.o
 .debug_macro   0x000000000000131f       0xdf Core/Src/dma.o
 .debug_macro   0x00000000000013fe     0x12cd Core/Src/dma.o
 .debug_macro   0x00000000000026cb      0x11f Core/Src/dma.o
 .debug_macro   0x00000000000027ea       0x19 Core/Src/dma.o
 .debug_macro   0x0000000000002803    0x1882d Core/Src/dma.o
 .debug_macro   0x000000000001b030       0x43 Core/Src/dma.o
 .debug_macro   0x000000000001b073     0x363d Core/Src/dma.o
 .debug_macro   0x000000000001e6b0      0x174 Core/Src/dma.o
 .debug_macro   0x000000000001e824       0x61 Core/Src/dma.o
 .debug_macro   0x000000000001e885     0x18ad Core/Src/dma.o
 .debug_macro   0x0000000000020132      0x6c4 Core/Src/dma.o
 .debug_macro   0x00000000000207f6      0x103 Core/Src/dma.o
 .debug_macro   0x00000000000208f9      0x117 Core/Src/dma.o
 .debug_macro   0x0000000000020a10      0x1fe Core/Src/dma.o
 .debug_macro   0x0000000000020c0e       0x27 Core/Src/dma.o
 .debug_macro   0x0000000000020c35      0x24f Core/Src/dma.o
 .debug_macro   0x0000000000020e84       0x41 Core/Src/dma.o
 .debug_macro   0x0000000000020ec5       0x58 Core/Src/dma.o
 .debug_macro   0x0000000000020f1d      0x236 Core/Src/dma.o
 .debug_macro   0x0000000000021153      0x14f Core/Src/dma.o
 .debug_macro   0x00000000000212a2      0x25b Core/Src/dma.o
 .debug_macro   0x00000000000214fd       0x12 Core/Src/dma.o
 .debug_macro   0x000000000002150f      0x22c Core/Src/dma.o
 .debug_macro   0x000000000002173b       0x5a Core/Src/dma.o
 .debug_macro   0x0000000000021795       0xa5 Core/Src/dma.o
 .debug_macro   0x000000000002183a      0x12f Core/Src/dma.o
 .debug_macro   0x0000000000021969      0x108 Core/Src/dma.o
 .debug_macro   0x0000000000021a71       0x35 Core/Src/dma.o
 .debug_macro   0x0000000000021aa6      0x9e2 Core/Src/dma.o
 .debug_macro   0x0000000000022488       0x59 Core/Src/dma.o
 .debug_macro   0x00000000000224e1      0x519 Core/Src/dma.o
 .debug_macro   0x00000000000229fa       0x44 Core/Src/dma.o
 .debug_macro   0x0000000000022a3e      0x14e Core/Src/dma.o
 .debug_macro   0x0000000000022b8c      0x2c6 Core/Src/dma.o
 .debug_macro   0x0000000000022e52      0xb85 Core/Src/dma.o
 .debug_macro   0x00000000000239d7      0x246 Core/Src/dma.o
 .debug_macro   0x0000000000023c1d      0x1a7 Core/Src/dma.o
 .debug_macro   0x0000000000023dc4      0x221 Core/Src/dma.o
 .debug_macro   0x0000000000023fe5       0x61 Core/Src/dma.o
 .debug_macro   0x0000000000024046      0x130 Core/Src/dma.o
 .debug_macro   0x0000000000024176      0x149 Core/Src/dma.o
 .debug_macro   0x00000000000242bf      0x1e6 Core/Src/dma.o
 .debug_macro   0x00000000000244a5       0xee Core/Src/dma.o
 .debug_macro   0x0000000000024593      0x13c Core/Src/dma.o
 .debug_macro   0x00000000000246cf      0x2d6 Core/Src/freertos.o
 .debug_macro   0x00000000000249a5      0x122 Core/Src/freertos.o
 .debug_macro   0x0000000000024ac7      0x15a Core/Src/freertos.o
 .debug_macro   0x0000000000024c21       0xc2 Core/Src/freertos.o
 .debug_macro   0x0000000000024ce3       0x10 Core/Src/freertos.o
 .debug_macro   0x0000000000024cf3       0x1f Core/Src/freertos.o
 .debug_macro   0x0000000000024d12      0x47f Core/Src/freertos.o
 .debug_macro   0x0000000000025191       0xb5 Core/Src/freertos.o
 .debug_macro   0x0000000000025246       0x8c Core/Src/freertos.o
 .debug_macro   0x00000000000252d2       0x5f Core/Src/freertos.o
 .debug_macro   0x0000000000025331       0x74 Core/Src/freertos.o
 .debug_macro   0x00000000000253a5       0xdd Core/Src/freertos.o
 .debug_macro   0x0000000000025482      0x256 Core/Src/gpio.o
 .debug_macro   0x00000000000256d8      0x2e7 Core/Src/main.o
 .debug_macro   0x00000000000259bf      0x122 Core/Src/main.o
 .debug_macro   0x0000000000025ae1      0x24c Core/Src/stm32f7xx_hal_msp.o
 .debug_macro   0x0000000000025d2d      0x1e3 Core/Src/stm32f7xx_hal_timebase_tim.o
 .debug_macro   0x0000000000025f10      0x2be Core/Src/stm32f7xx_it.o
 .debug_macro   0x00000000000261ce      0x1e9 Core/Src/system_stm32f7xx.o
 .debug_macro   0x00000000000263b7      0x256 Core/Src/usart.o
 .debug_macro   0x000000000002660d      0x207 Drivers/STM32F7xx_HAL_Driver/Src/stm32f7xx_hal.o
 .debug_macro   0x0000000000026814      0x1e3 Drivers/STM32F7xx_HAL_Driver/Src/stm32f7xx_hal_cortex.o
 .debug_macro   0x00000000000269f7      0x1e9 Drivers/STM32F7xx_HAL_Driver/Src/stm32f7xx_hal_dma.o
 .debug_macro   0x0000000000026be0      0x219 Drivers/STM32F7xx_HAL_Driver/Src/stm32f7xx_hal_gpio.o
 .debug_macro   0x0000000000026df9      0x201 Drivers/STM32F7xx_HAL_Driver/Src/stm32f7xx_hal_pwr.o
 .debug_macro   0x0000000000026ffa      0x207 Drivers/STM32F7xx_HAL_Driver/Src/stm32f7xx_hal_rcc.o
 .debug_macro   0x0000000000027201      0x1e3 Drivers/STM32F7xx_HAL_Driver/Src/stm32f7xx_hal_rcc_ex.o
 .debug_macro   0x00000000000273e4      0x1e4 Drivers/STM32F7xx_HAL_Driver/Src/stm32f7xx_hal_tim.o
 .debug_macro   0x00000000000275c8      0x1e3 Drivers/STM32F7xx_HAL_Driver/Src/stm32f7xx_hal_tim_ex.o
 .debug_macro   0x00000000000277ab      0x200 Drivers/STM32F7xx_HAL_Driver/Src/stm32f7xx_hal_uart.o
 .debug_macro   0x00000000000279ab      0x225 Drivers/STM32F7xx_HAL_Driver/Src/stm32f7xx_ll_gpio.o
 .debug_macro   0x0000000000027bd0      0x143 Drivers/STM32F7xx_HAL_Driver/Src/stm32f7xx_ll_gpio.o
 .debug_macro   0x0000000000027d13      0x240 Drivers/STM32F7xx_HAL_Driver/Src/stm32f7xx_ll_rcc.o
 .debug_macro   0x0000000000027f53      0xb7f Drivers/STM32F7xx_HAL_Driver/Src/stm32f7xx_ll_rcc.o
 .debug_macro   0x0000000000028ad2      0x258 Drivers/STM32F7xx_HAL_Driver/Src/stm32f7xx_ll_usart.o
 .debug_macro   0x0000000000028d2a      0x2c0 Drivers/STM32F7xx_HAL_Driver/Src/stm32f7xx_ll_usart.o
 .debug_macro   0x0000000000028fea      0x23a Middlewares/Third_Party/FreeRTOS/Source/CMSIS_RTOS_V2/cmsis_os2.o
 .debug_macro   0x0000000000029224       0x10 Middlewares/Third_Party/FreeRTOS/Source/CMSIS_RTOS_V2/cmsis_os2.o
 .debug_macro   0x0000000000029234       0x20 Middlewares/Third_Party/FreeRTOS/Source/CMSIS_RTOS_V2/cmsis_os2.o
 .debug_macro   0x0000000000029254       0x10 Middlewares/Third_Party/FreeRTOS/Source/CMSIS_RTOS_V2/cmsis_os2.o
 .debug_macro   0x0000000000029264       0xd3 Middlewares/Third_Party/FreeRTOS/Source/CMSIS_RTOS_V2/cmsis_os2.o
 .debug_macro   0x0000000000029337       0x91 Middlewares/Third_Party/FreeRTOS/Source/CMSIS_RTOS_V2/cmsis_os2.o
 .debug_macro   0x00000000000293c8       0x8d Middlewares/Third_Party/FreeRTOS/Source/CMSIS_RTOS_V2/cmsis_os2.o
 .debug_macro   0x0000000000029455       0x9a Middlewares/Third_Party/FreeRTOS/Source/CMSIS_RTOS_V2/cmsis_os2.o
 .debug_macro   0x00000000000294ef      0x17a Middlewares/Third_Party/FreeRTOS/Source/list.o
 .debug_macro   0x0000000000029669      0x205 Middlewares/Third_Party/FreeRTOS/Source/queue.o