Archive member included to satisfy reference by file (symbol)

c:/st/stm32cubeide_1.0.2/stm32cubeide/plugins/com.st.stm32cube.ide.mcu.externaltools.gnu-tools-for-stm32.7-2018-q2-update.win32_1.0.0.201904181610/tools/bin/../lib/gcc/arm-none-eabi/7.3.1/../../../../arm-none-eabi/lib/thumb/v7e-m/fpv4-sp/hard\libc_nano.a(lib_a-errno.o)
                              Core/Src/syscalls.o (__errno)
c:/st/stm32cubeide_1.0.2/stm32cubeide/plugins/com.st.stm32cube.ide.mcu.externaltools.gnu-tools-for-stm32.7-2018-q2-update.win32_1.0.0.201904181610/tools/bin/../lib/gcc/arm-none-eabi/7.3.1/../../../../arm-none-eabi/lib/thumb/v7e-m/fpv4-sp/hard\libc_nano.a(lib_a-exit.o)
                              c:/st/stm32cubeide_1.0.2/stm32cubeide/plugins/com.st.stm32cube.ide.mcu.externaltools.gnu-tools-for-stm32.7-2018-q2-update.win32_1.0.0.201904181610/tools/bin/../lib/gcc/arm-none-eabi/7.3.1/../../../../arm-none-eabi/lib/thumb/v7e-m/fpv4-sp/hard/crt0.o (exit)
c:/st/stm32cubeide_1.0.2/stm32cubeide/plugins/com.st.stm32cube.ide.mcu.externaltools.gnu-tools-for-stm32.7-2018-q2-update.win32_1.0.0.201904181610/tools/bin/../lib/gcc/arm-none-eabi/7.3.1/../../../../arm-none-eabi/lib/thumb/v7e-m/fpv4-sp/hard\libc_nano.a(lib_a-impure.o)
                              c:/st/stm32cubeide_1.0.2/stm32cubeide/plugins/com.st.stm32cube.ide.mcu.externaltools.gnu-tools-for-stm32.7-2018-q2-update.win32_1.0.0.201904181610/tools/bin/../lib/gcc/arm-none-eabi/7.3.1/../../../../arm-none-eabi/lib/thumb/v7e-m/fpv4-sp/hard\libc_nano.a(lib_a-exit.o) (_global_impure_ptr)
c:/st/stm32cubeide_1.0.2/stm32cubeide/plugins/com.st.stm32cube.ide.mcu.externaltools.gnu-tools-for-stm32.7-2018-q2-update.win32_1.0.0.201904181610/tools/bin/../lib/gcc/arm-none-eabi/7.3.1/../../../../arm-none-eabi/lib/thumb/v7e-m/fpv4-sp/hard\libc_nano.a(lib_a-init.o)
                              c:/st/stm32cubeide_1.0.2/stm32cubeide/plugins/com.st.stm32cube.ide.mcu.externaltools.gnu-tools-for-stm32.7-2018-q2-update.win32_1.0.0.201904181610/tools/bin/../lib/gcc/arm-none-eabi/7.3.1/../../../../arm-none-eabi/lib/thumb/v7e-m/fpv4-sp/hard/crt0.o (__libc_init_array)
c:/st/stm32cubeide_1.0.2/stm32cubeide/plugins/com.st.stm32cube.ide.mcu.externaltools.gnu-tools-for-stm32.7-2018-q2-update.win32_1.0.0.201904181610/tools/bin/../lib/gcc/arm-none-eabi/7.3.1/../../../../arm-none-eabi/lib/thumb/v7e-m/fpv4-sp/hard\libc_nano.a(lib_a-locale.o)
                              Core/Src/minmea.o (__locale_ctype_ptr)
c:/st/stm32cubeide_1.0.2/stm32cubeide/plugins/com.st.stm32cube.ide.mcu.externaltools.gnu-tools-for-stm32.7-2018-q2-update.win32_1.0.0.201904181610/tools/bin/../lib/gcc/arm-none-eabi/7.3.1/../../../../arm-none-eabi/lib/thumb/v7e-m/fpv4-sp/hard\libc_nano.a(lib_a-mbtowc_r.o)
                              c:/st/stm32cubeide_1.0.2/stm32cubeide/plugins/com.st.stm32cube.ide.mcu.externaltools.gnu-tools-for-stm32.7-2018-q2-update.win32_1.0.0.201904181610/tools/bin/../lib/gcc/arm-none-eabi/7.3.1/../../../../arm-none-eabi/lib/thumb/v7e-m/fpv4-sp/hard\libc_nano.a(lib_a-locale.o) (__ascii_mbtowc)
c:/st/stm32cubeide_1.0.2/stm32cubeide/plugins/com.st.stm32cube.ide.mcu.externaltools.gnu-tools-for-stm32.7-2018-q2-update.win32_1.0.0.201904181610/tools/bin/../lib/gcc/arm-none-eabi/7.3.1/../../../../arm-none-eabi/lib/thumb/v7e-m/fpv4-sp/hard\libc_nano.a(lib_a-memcpy-stub.o)
                              Core/Src/minmea.o (memcpy)
c:/st/stm32cubeide_1.0.2/stm32cubeide/plugins/com.st.stm32cube.ide.mcu.externaltools.gnu-tools-for-stm32.7-2018-q2-update.win32_1.0.0.201904181610/tools/bin/../lib/gcc/arm-none-eabi/7.3.1/../../../../arm-none-eabi/lib/thumb/v7e-m/fpv4-sp/hard\libc_nano.a(lib_a-memset.o)
                              c:/st/stm32cubeide_1.0.2/stm32cubeide/plugins/com.st.stm32cube.ide.mcu.externaltools.gnu-tools-for-stm32.7-2018-q2-update.win32_1.0.0.201904181610/tools/bin/../lib/gcc/arm-none-eabi/7.3.1/../../../../arm-none-eabi/lib/thumb/v7e-m/fpv4-sp/hard/crt0.o (memset)
c:/st/stm32cubeide_1.0.2/stm32cubeide/plugins/com.st.stm32cube.ide.mcu.externaltools.gnu-tools-for-stm32.7-2018-q2-update.win32_1.0.0.201904181610/tools/bin/../lib/gcc/arm-none-eabi/7.3.1/../../../../arm-none-eabi/lib/thumb/v7e-m/fpv4-sp/hard\libc_nano.a(lib_a-strcmp.o)
                              Core/Src/minmea.o (strcmp)
c:/st/stm32cubeide_1.0.2/stm32cubeide/plugins/com.st.stm32cube.ide.mcu.externaltools.gnu-tools-for-stm32.7-2018-q2-update.win32_1.0.0.201904181610/tools/bin/../lib/gcc/arm-none-eabi/7.3.1/../../../../arm-none-eabi/lib/thumb/v7e-m/fpv4-sp/hard\libc_nano.a(lib_a-strlen.o)
                              Core/Src/main.o (strlen)
c:/st/stm32cubeide_1.0.2/stm32cubeide/plugins/com.st.stm32cube.ide.mcu.externaltools.gnu-tools-for-stm32.7-2018-q2-update.win32_1.0.0.201904181610/tools/bin/../lib/gcc/arm-none-eabi/7.3.1/../../../../arm-none-eabi/lib/thumb/v7e-m/fpv4-sp/hard\libc_nano.a(lib_a-strtol.o)
                              Core/Src/minmea.o (strtol)
[...]
Memory Configuration

Name             Origin             Length             Attributes
RAM              0x0000000020000000 0x0000000000050000 xrw
FLASH            0x0000000008000000 0x0000000000100000 xr
*default*        0x0000000000000000 0xffffffffffffffff

Linker script and memory map

LOAD c:/st/stm32cubeide_1.0.2/stm32cubeide/plugins/com.st.stm32cube.ide.mcu.externaltools.gnu-tools-for-stm32.7-2018-q2-update.win32_1.0.0.201904181610/tools/bin/../lib/gcc/arm-none-eabi/7.3.1/thumb/v7e-m/fpv4-sp/hard/crti.o
LOAD c:/st/stm32cubeide_1.0.2/stm32cubeide/plugins/com.st.stm32cube.ide.mcu.externaltools.gnu-tools-for-stm32.7-2018-q2-update.win32_1.0.0.201904181610/tools/bin/../lib/gcc/arm-none-eabi/7.3.1/thumb/v7e-m/fpv4-sp/hard/crtbegin.o
LOAD c:/st/stm32cubeide_1.0.2/stm32cubeide/plugins/com.st.stm32cube.ide.mcu.externaltools.gnu-tools-for-stm32.7-2018-q2-update.win32_1.0.0.201904181610/tools/bin/../lib/gcc/arm-none-eabi/7.3.1/../../../../arm-none-eabi/lib/thumb/v7e-m/fpv4-sp/hard/crt0.o
LOAD Core/Src/dma.o
LOAD Core/Src/freertos.o
LOAD Core/Src/gpio.o
LOAD Core/Src/main.o
LOAD Core/Src/minmea.o
LOAD Core/Src/ringbuff.o
LOAD Core/Src/stm32f7xx_hal_msp.o
LOAD Core/Src/stm32f7xx_hal_timebase_tim.o
LOAD Core/Src/stm32f7xx_it.o
LOAD Core/Src/syscalls.o
LOAD Core/Src/sysmem.o
LOAD Core/Src/system_stm32f7xx.o
LOAD Core/Src/usart.o
LOAD Core/Startup/startup_stm32f746zgtx.o
LOAD Drivers/STM32F7xx_HAL_Driver/Src/stm32f7xx_hal.o
LOAD Drivers/STM32F7xx_HAL_Driver/Src/stm32f7xx_hal_cortex.o
LOAD Drivers/STM32F7xx_HAL_Driver/Src/stm32f7xx_hal_dma.o
LOAD Drivers/STM32F7xx_HAL_Driver/Src/stm32f7xx_hal_dma_ex.o
LOAD Drivers/STM32F7xx_HAL_Driver/Src/stm32f7xx_hal_exti.o
LOAD Drivers/STM32F7xx_HAL_Driver/Src/stm32f7xx_hal_flash.o
LOAD Drivers/STM32F7xx_HAL_Driver/Src/stm32f7xx_hal_flash_ex.o
LOAD Drivers/STM32F7xx_HAL_Driver/Src/stm32f7xx_hal_gpio.o
LOAD Drivers/STM32F7xx_HAL_Driver/Src/stm32f7xx_hal_i2c.o
LOAD Drivers/STM32F7xx_HAL_Driver/Src/stm32f7xx_hal_i2c_ex.o
LOAD Drivers/STM32F7xx_HAL_Driver/Src/stm32f7xx_hal_pwr.o
LOAD Drivers/STM32F7xx_HAL_Driver/Src/stm32f7xx_hal_pwr_ex.o
LOAD Drivers/STM32F7xx_HAL_Driver/Src/stm32f7xx_hal_rcc.o
LOAD Drivers/STM32F7xx_HAL_Driver/Src/stm32f7xx_hal_rcc_ex.o
LOAD Drivers/STM32F7xx_HAL_Driver/Src/stm32f7xx_hal_tim.o
LOAD Drivers/STM32F7xx_HAL_Driver/Src/stm32f7xx_hal_tim_ex.o
LOAD Drivers/STM32F7xx_HAL_Driver/Src/stm32f7xx_ll_dma.o
LOAD Drivers/STM32F7xx_HAL_Driver/Src/stm32f7xx_ll_exti.o
LOAD Drivers/STM32F7xx_HAL_Driver/Src/stm32f7xx_ll_gpio.o
LOAD Drivers/STM32F7xx_HAL_Driver/Src/stm32f7xx_ll_rcc.o
LOAD Drivers/STM32F7xx_HAL_Driver/Src/stm32f7xx_ll_usart.o
LOAD Drivers/STM32F7xx_HAL_Driver/Src/stm32f7xx_ll_utils.o
LOAD Middlewares/Third_Party/FreeRTOS/Source/CMSIS_RTOS_V2/cmsis_os2.o
LOAD Middlewares/Third_Party/FreeRTOS/Source/croutine.o
LOAD Middlewares/Third_Party/FreeRTOS/Source/event_groups.o
LOAD Middlewares/Third_Party/FreeRTOS/Source/list.o
LOAD Middlewares/Third_Party/FreeRTOS/Source/queue.o
LOAD Middlewares/Third_Party/FreeRTOS/Source/stream_buffer.o
LOAD Middlewares/Third_Party/FreeRTOS/Source/tasks.o
LOAD Middlewares/Third_Party/FreeRTOS/Source/timers.o
LOAD Middlewares/Third_Party/FreeRTOS/Source/portable/GCC/ARM_CM7/r0p1/port.o
LOAD Middlewares/Third_Party/FreeRTOS/Source/portable/MemMang/heap_4.o
START GROUP
LOAD c:/st/stm32cubeide_1.0.2/stm32cubeide/plugins/com.st.stm32cube.ide.mcu.externaltools.gnu-tools-for-stm32.7-2018-q2-update.win32_1.0.0.201904181610/tools/bin/../lib/gcc/arm-none-eabi/7.3.1/../../../../arm-none-eabi/lib/thumb/v7e-m/fpv4-sp/hard\libc_nano.a
LOAD c:/st/stm32cubeide_1.0.2/stm32cubeide/plugins/com.st.stm32cube.ide.mcu.externaltools.gnu-tools-for-stm32.7-2018-q2-update.win32_1.0.0.201904181610/tools/bin/../lib/gcc/arm-none-eabi/7.3.1/../../../../arm-none-eabi/lib/thumb/v7e-m/fpv4-sp/hard\libm.a
END GROUP
START GROUP
LOAD c:/st/stm32cubeide_1.0.2/stm32cubeide/plugins/com.st.stm32cube.ide.mcu.externaltools.gnu-tools-for-stm32.7-2018-q2-update.win32_1.0.0.201904181610/tools/bin/../lib/gcc/arm-none-eabi/7.3.1/thumb/v7e-m/fpv4-sp/hard\libgcc.a
LOAD c:/st/stm32cubeide_1.0.2/stm32cubeide/plugins/com.st.stm32cube.ide.mcu.externaltools.gnu-tools-for-stm32.7-2018-q2-update.win32_1.0.0.201904181610/tools/bin/../lib/gcc/arm-none-eabi/7.3.1/../../../../arm-none-eabi/lib/thumb/v7e-m/fpv4-sp/hard\libc_nano.a
END GROUP
START GROUP
LOAD c:/st/stm32cubeide_1.0.2/stm32cubeide/plugins/com.st.stm32cube.ide.mcu.externaltools.gnu-tools-for-stm32.7-2018-q2-update.win32_1.0.0.201904181610/tools/bin/../lib/gcc/arm-none-eabi/7.3.1/thumb/v7e-m/fpv4-sp/hard\libgcc.a
LOAD c:/st/stm32cubeide_1.0.2/stm32cubeide/plugins/com.st.stm32cube.ide.mcu.externaltools.gnu-tools-for-stm32.7-2018-q2-update.win32_1.0.0.201904181610/tools/bin/../lib/gcc/arm-none-eabi/7.3.1/../../../../arm-none-eabi/lib/thumb/v7e-m/fpv4-sp/hard\libc_nano.a
LOAD c:/st/stm32cubeide_1.0.2/stm32cubeide/plugins/com.st.stm32cube.ide.mcu.externaltools.gnu-tools-for-stm32.7-2018-q2-update.win32_1.0.0.201904181610/tools/bin/../lib/gcc/arm-none-eabi/7.3.1/../../../../arm-none-eabi/lib/thumb/v7e-m/fpv4-sp/hard\libnosys.a
END GROUP
START GROUP
LOAD c:/st/stm32cubeide_1.0.2/stm32cubeide/plugins/com.st.stm32cube.ide.mcu.externaltools.gnu-tools-for-stm32.7-2018-q2-update.win32_1.0.0.201904181610/tools/bin/../lib/gcc/arm-none-eabi/7.3.1/thumb/v7e-m/fpv4-sp/hard\libgcc.a
LOAD c:/st/stm32cubeide_1.0.2/stm32cubeide/plugins/com.st.stm32cube.ide.mcu.externaltools.gnu-tools-for-stm32.7-2018-q2-update.win32_1.0.0.201904181610/tools/bin/../lib/gcc/arm-none-eabi/7.3.1/../../../../arm-none-eabi/lib/thumb/v7e-m/fpv4-sp/hard\libc_nano.a
LOAD c:/st/stm32cubeide_1.0.2/stm32cubeide/plugins/com.st.stm32cube.ide.mcu.externaltools.gnu-tools-for-stm32.7-2018-q2-update.win32_1.0.0.201904181610/tools/bin/../lib/gcc/arm-none-eabi/7.3.1/../../../../arm-none-eabi/lib/thumb/v7e-m/fpv4-sp/hard\libnosys.a
END GROUP
LOAD c:/st/stm32cubeide_1.0.2/stm32cubeide/plugins/com.st.stm32cube.ide.mcu.externaltools.gnu-tools-for-stm32.7-2018-q2-update.win32_1.0.0.201904181610/tools/bin/../lib/gcc/arm-none-eabi/7.3.1/thumb/v7e-m/fpv4-sp/hard/crtend.o
LOAD c:/st/stm32cubeide_1.0.2/stm32cubeide/plugins/com.st.stm32cube.ide.mcu.externaltools.gnu-tools-for-stm32.7-2018-q2-update.win32_1.0.0.201904181610/tools/bin/../lib/gcc/arm-none-eabi/7.3.1/thumb/v7e-m/fpv4-sp/hard/crtn.o
                0x0000000020050000                _estack = (ORIGIN (RAM) + LENGTH (RAM))
                0x0000000000001000                _Min_Heap_Size = 0x1000
                0x0000000000001500                _Min_Stack_Size = 0x1500

.isr_vector     0x0000000008000000      0x1c8
                0x0000000008000000                . = ALIGN (0x4)
 *(.isr_vector)
 .isr_vector    0x0000000008000000      0x1c8 Core/Startup/startup_stm32f746zgtx.o
                0x0000000008000000                g_pfnVectors
                0x00000000080001c8                . = ALIGN (0x4)

.text           0x00000000080001d0     0x7484
                0x00000000080001d0                . = ALIGN (0x4)
 *(.text)
 .text          0x00000000080001d0       0x40 c:/st/stm32cubeide_1.0.2/stm32cubeide/plugins/com.st.stm32cube.ide.mcu.externaltools.gnu-tools-for-stm32.7-2018-q2-update.win32_1.0.0.201904181610/tools/bin/../lib/gcc/arm-none-eabi/7.3.1/thumb/v7e-m/fpv4-sp/hard/crtbegin.o
 .text          0x0000000008000210       0x10 c:/st/stm32cubeide_1.0.2/stm32cubeide/plugins/com.st.stm32cube.ide.mcu.externaltools.gnu-tools-for-stm32.7-2018-q2-update.win32_1.0.0.201904181610/tools/bin/../lib/gcc/arm-none-eabi/7.3.1/../../../../arm-none-eabi/lib/thumb/v7e-m/fpv4-sp/hard\libc_nano.a(lib_a-strlen.o)
                0x0000000008000210                strlen
 .text          0x0000000008000220       0x30 c:/st/stm32cubeide_1.0.2/stm32cubeide/plugins/com.st.stm32cube.ide.mcu.externaltools.gnu-tools-for-stm32.7-2018-q2-update.win32_1.0.0.201904181610/tools/bin/../lib/gcc/arm-none-eabi/7.3.1/thumb/v7e-m/fpv4-sp/hard\libgcc.a(_aeabi_uldivmod.o)
                0x0000000008000220                __aeabi_uldivmod
 .text          0x0000000008000250      0x2cc c:/st/stm32cubeide_1.0.2/stm32cubeide/plugins/com.st.stm32cube.ide.mcu.externaltools.gnu-tools-for-stm32.7-2018-q2-update.win32_1.0.0.201904181610/tools/bin/../lib/gcc/arm-none-eabi/7.3.1/thumb/v7e-m/fpv4-sp/hard\libgcc.a(_udivmoddi4.o)
                0x0000000008000250                __udivmoddi4
 .text          0x000000000800051c        0x4 c:/st/stm32cubeide_1.0.2/stm32cubeide/plugins/com.st.stm32cube.ide.mcu.externaltools.gnu-tools-for-stm32.7-2018-q2-update.win32_1.0.0.201904181610/tools/bin/../lib/gcc/arm-none-eabi/7.3.1/thumb/v7e-m/fpv4-sp/hard\libgcc.a(_dvmd_tls.o)
                0x000000000800051c                __aeabi_idiv0
                0x000000000800051c                __aeabi_ldiv0
 *(.text*)
 .text.__NVIC_GetPriorityGrouping
                0x0000000008000520       0x1c Core/Src/dma.o
 .text.__NVIC_EnableIRQ
                0x000000000800053c       0x3c Core/Src/dma.o
 .text.__NVIC_SetPriority
                0x0000000008000578       0x54 Core/Src/dma.o
 .text.NVIC_EncodePriority
                0x00000000080005cc       0x66 Core/Src/dma.o
 *fill*         0x0000000008000632        0x2 
 .text.MX_DMA_Init
                0x0000000008000634       0x6c Core/Src/dma.o
                0x0000000008000634                MX_DMA_Init
 .text.MX_FREERTOS_Init
                0x00000000080006a0       0x58 Core/Src/freertos.o
                0x00000000080006a0                MX_FREERTOS_Init
 .text.StartDefaultTask
                0x00000000080006f8       0x40 Core/Src/freertos.o
                0x00000000080006f8                StartDefaultTask
 .text.StartTask02
                0x0000000008000738       0x3c Core/Src/freertos.o
                0x0000000008000738                StartTask02
 .text.MX_GPIO_Init
                0x0000000008000774      0x250 Core/Src/gpio.o
                0x0000000008000774                MX_GPIO_Init
 .text.LL_USART_IsActiveFlag_IDLE
                0x00000000080009c4       0x26 Core/Src/main.o
 .text.LL_USART_ClearFlag_IDLE
                0x00000000080009ea       0x1a Core/Src/main.o
 .text.LL_USART_EnableIT_IDLE
                0x0000000008000a04       0x20 Core/Src/main.o
 .text.LL_USART_IsEnabledIT_IDLE
                0x0000000008000a24       0x26 Core/Src/main.o
 .text.LL_USART_EnableDMAReq_RX
                0x0000000008000a4a       0x20 Core/Src/main.o
 .text.LL_USART_EnableDMAReq_TX
                0x0000000008000a6a       0x20 Core/Src/main.o
 *fill*         0x0000000008000a8a        0x2 
 .text.LL_DMA_EnableStream
                0x0000000008000a8c       0x40 Core/Src/main.o
 .text.LL_DMA_DisableStream
                0x0000000008000acc       0x40 Core/Src/main.o
 .text.LL_DMA_SetDataLength
                0x0000000008000b0c       0x4c Core/Src/main.o
 .text.LL_DMA_GetDataLength
                0x0000000008000b58       0x2c Core/Src/main.o
 .text.LL_DMA_SetMemoryAddress
                0x0000000008000b84       0x30 Core/Src/main.o
 .text.LL_DMA_SetPeriphAddress
                0x0000000008000bb4       0x30 Core/Src/main.o
 .text.LL_DMA_IsActiveFlag_HT5
                0x0000000008000be4       0x28 Core/Src/main.o
 .text.LL_DMA_IsActiveFlag_TC4
                0x0000000008000c0c       0x26 Core/Src/main.o
 .text.LL_DMA_IsActiveFlag_TC5
                0x0000000008000c32       0x28 Core/Src/main.o
 .text.LL_DMA_ClearFlag_HT4
                0x0000000008000c5a       0x1a Core/Src/main.o
 .text.LL_DMA_ClearFlag_HT5
                0x0000000008000c74       0x1c Core/Src/main.o
 .text.LL_DMA_ClearFlag_TC4
                0x0000000008000c90       0x1a Core/Src/main.o
 .text.LL_DMA_ClearFlag_TC5
                0x0000000008000caa       0x1c Core/Src/main.o
 .text.LL_DMA_ClearFlag_TE4
                0x0000000008000cc6       0x1a Core/Src/main.o
 .text.LL_DMA_ClearFlag_DME4
                0x0000000008000ce0       0x1a Core/Src/main.o
 .text.LL_DMA_ClearFlag_FE4
                0x0000000008000cfa       0x1a Core/Src/main.o
 .text.LL_DMA_EnableIT_HT
                0x0000000008000d14       0x40 Core/Src/main.o
 .text.LL_DMA_EnableIT_TC
                0x0000000008000d54       0x40 Core/Src/main.o
 .text.LL_DMA_IsEnabledIT_HT
                0x0000000008000d94       0x38 Core/Src/main.o
 .text.LL_DMA_IsEnabledIT_TC
                0x0000000008000dcc       0x38 Core/Src/main.o
 .text.main     0x0000000008000e04       0xe0 Core/Src/main.o
                0x0000000008000e04                main
 .text.SystemClock_Config
                0x0000000008000ee4      0x11c Core/Src/main.o
                0x0000000008000ee4                SystemClock_Config
 .text.DMA1_Stream5_IRQHandlerX
                0x0000000008001000       0x78 Core/Src/main.o
                0x0000000008001000                DMA1_Stream5_IRQHandlerX
 .text.DMA1_Stream4_IRQHandlerX
                0x0000000008001078       0x4c Core/Src/main.o
                0x0000000008001078                DMA1_Stream4_IRQHandlerX
 .text.USART2_IRQHandlerX
                0x00000000080010c4       0x48 Core/Src/main.o
                0x00000000080010c4                USART2_IRQHandlerX
 .text.usart_start_tx_dma_transfer
                0x000000000800110c       0xa4 Core/Src/main.o
                0x000000000800110c                usart_start_tx_dma_transfer
 .text.usart_send_string
                0x00000000080011b0       0x2c Core/Src/main.o
                0x00000000080011b0                usart_send_string
 .text.usart_process_data
                0x00000000080011dc       0x20 Core/Src/main.o
                0x00000000080011dc                usart_process_data
 .text.usart_rx_check
                0x00000000080011fc       0x94 Core/Src/main.o
                0x00000000080011fc                usart_rx_check
 .text.usart_rx_dma_thread
                0x0000000008001290       0x38 Core/Src/main.o
                0x0000000008001290                usart_rx_dma_thread
 .text.HAL_TIM_PeriodElapsedCallback
                0x00000000080012c8       0x24 Core/Src/main.o
                0x00000000080012c8                HAL_TIM_PeriodElapsedCallback
 .text.Error_Handler
                0x00000000080012ec        0xe Core/Src/main.o
                0x00000000080012ec                Error_Handler
 .text.ringbuff_init
                0x00000000080012fa       0x42 Core/Src/ringbuff.o
                0x00000000080012fa                ringbuff_init
 .text.ringbuff_write
                0x000000000800133c       0xc8 Core/Src/ringbuff.o
                0x000000000800133c                ringbuff_write
 .text.ringbuff_read
                0x0000000008001404       0xc8 Core/Src/ringbuff.o
                0x0000000008001404                ringbuff_read
 .text.ringbuff_get_free
                0x00000000080014cc       0x6e Core/Src/ringbuff.o
                0x00000000080014cc                ringbuff_get_free
 .text.ringbuff_get_full
                0x000000000800153a       0x6a Core/Src/ringbuff.o
                0x000000000800153a                ringbuff_get_full
 .text.ringbuff_get_linear_block_read_address
                0x00000000080015a4       0x38 Core/Src/ringbuff.o
                0x00000000080015a4                ringbuff_get_linear_block_read_address
 .text.ringbuff_get_linear_block_read_length
                0x00000000080015dc       0x66 Core/Src/ringbuff.o
                0x00000000080015dc                ringbuff_get_linear_block_read_length
 .text.ringbuff_skip
                0x0000000008001642       0x6a Core/Src/ringbuff.o
                0x0000000008001642                ringbuff_skip
 .text.HAL_MspInit
                0x00000000080016ac       0x50 Core/Src/stm32f7xx_hal_msp.o
                0x00000000080016ac                HAL_MspInit
 .text.HAL_InitTick
                0x00000000080016fc       0xb0 Core/Src/stm32f7xx_hal_timebase_tim.o
                0x00000000080016fc                HAL_InitTick
 .text.NMI_Handler
                0x00000000080017ac        0xe Core/Src/stm32f7xx_it.o
                0x00000000080017ac                NMI_Handler
 .text.HardFault_Handler
                0x00000000080017ba        0x6 Core/Src/stm32f7xx_it.o
                0x00000000080017ba                HardFault_Handler
 .text.MemManage_Handler
                0x00000000080017c0        0x6 Core/Src/stm32f7xx_it.o
                0x00000000080017c0                MemManage_Handler
 .text.BusFault_Handler
                0x00000000080017c6        0x6 Core/Src/stm32f7xx_it.o
                0x00000000080017c6                BusFault_Handler
 .text.UsageFault_Handler
                0x00000000080017cc        0x6 Core/Src/stm32f7xx_it.o
                0x00000000080017cc                UsageFault_Handler
 .text.DebugMon_Handler
                0x00000000080017d2        0xe Core/Src/stm32f7xx_it.o
                0x00000000080017d2                DebugMon_Handler
 .text.DMA1_Stream4_IRQHandler
                0x00000000080017e0        0xc Core/Src/stm32f7xx_it.o
                0x00000000080017e0                DMA1_Stream4_IRQHandler
 .text.DMA1_Stream5_IRQHandler
                0x00000000080017ec        0xc Core/Src/stm32f7xx_it.o
                0x00000000080017ec                DMA1_Stream5_IRQHandler
 .text.USART2_IRQHandler
                0x00000000080017f8        0xc Core/Src/stm32f7xx_it.o
                0x00000000080017f8                USART2_IRQHandler
 .text.UART4_IRQHandler
                0x0000000008001804        0xe Core/Src/stm32f7xx_it.o
                0x0000000008001804                UART4_IRQHandler
 *fill*         0x0000000008001812        0x2 
 .text.TIM6_DAC_IRQHandler
                0x0000000008001814       0x14 Core/Src/stm32f7xx_it.o
                0x0000000008001814                TIM6_DAC_IRQHandler
 .text.SystemInit
                0x0000000008001828       0x6c Core/Src/system_stm32f7xx.o
                0x0000000008001828                SystemInit
 .text.__NVIC_GetPriorityGrouping
                0x0000000008001894       0x1c Core/Src/usart.o
 .text.__NVIC_EnableIRQ
                0x00000000080018b0       0x3c Core/Src/usart.o
 .text.__NVIC_SetPriority
                0x00000000080018ec       0x54 Core/Src/usart.o
 .text.NVIC_EncodePriority
                0x0000000008001940       0x66 Core/Src/usart.o
 .text.LL_USART_Enable
                0x00000000080019a6       0x20 Core/Src/usart.o
 .text.LL_USART_ConfigAsyncMode
                0x00000000080019c6       0x2c Core/Src/usart.o
 *fill*         0x00000000080019f2        0x2 
 .text.LL_AHB1_GRP1_EnableClock
                0x00000000080019f4       0x30 Core/Src/usart.o
 .text.LL_APB1_GRP1_EnableClock
                0x0000000008001a24       0x30 Core/Src/usart.o
 .text.LL_DMA_SetDataTransferDirection
                0x0000000008001a54       0x48 Core/Src/usart.o
 .text.LL_DMA_SetMode
                0x0000000008001a9c       0x48 Core/Src/usart.o
 .text.LL_DMA_SetPeriphIncMode
                0x0000000008001ae4       0x48 Core/Src/usart.o
 .text.LL_DMA_SetMemoryIncMode
                0x0000000008001b2c       0x48 Core/Src/usart.o
 .text.LL_DMA_SetPeriphSize
                0x0000000008001b74       0x48 Core/Src/usart.o
 .text.LL_DMA_SetMemorySize
                0x0000000008001bbc       0x48 Core/Src/usart.o
 .text.LL_DMA_SetStreamPriorityLevel
                0x0000000008001c04       0x48 Core/Src/usart.o
 .text.LL_DMA_SetChannelSelection
                0x0000000008001c4c       0x48 Core/Src/usart.o
 .text.LL_DMA_DisableFifoMode
                0x0000000008001c94       0x40 Core/Src/usart.o
 .text.MX_UART4_Init
                0x0000000008001cd4      0x148 Core/Src/usart.o
                0x0000000008001cd4                MX_UART4_Init
 .text.MX_USART2_UART_Init
                0x0000000008001e1c      0x148 Core/Src/usart.o
                0x0000000008001e1c                MX_USART2_UART_Init
 .text.Reset_Handler
                0x0000000008001f64       0x50 Core/Startup/startup_stm32f746zgtx.o
                0x0000000008001f64                Reset_Handler
 .text.Default_Handler
                0x0000000008001fb4        0x2 Core/Startup/startup_stm32f746zgtx.o
                0x0000000008001fb4                RTC_Alarm_IRQHandler
                0x0000000008001fb4                EXTI2_IRQHandler
                0x0000000008001fb4                TIM8_CC_IRQHandler
                0x0000000008001fb4                UART8_IRQHandler
                0x0000000008001fb4                SPI4_IRQHandler
                0x0000000008001fb4                TIM1_CC_IRQHandler
                0x0000000008001fb4                DMA2_Stream5_IRQHandler
                0x0000000008001fb4                PVD_IRQHandler
                0x0000000008001fb4                TAMP_STAMP_IRQHandler
                0x0000000008001fb4                CAN2_RX1_IRQHandler
                0x0000000008001fb4                EXTI3_IRQHandler
                0x0000000008001fb4                TIM8_TRG_COM_TIM14_IRQHandler
                0x0000000008001fb4                TIM1_UP_TIM10_IRQHandler
                0x0000000008001fb4                TIM8_UP_TIM13_IRQHandler
                0x0000000008001fb4                I2C3_ER_IRQHandler
                0x0000000008001fb4                EXTI0_IRQHandler
                0x0000000008001fb4                I2C2_EV_IRQHandler
                0x0000000008001fb4                DMA1_Stream2_IRQHandler
                0x0000000008001fb4                CAN1_RX0_IRQHandler
                0x0000000008001fb4                FPU_IRQHandler
                0x0000000008001fb4                OTG_HS_WKUP_IRQHandler
                0x0000000008001fb4                LTDC_ER_IRQHandler
                0x0000000008001fb4                CAN2_SCE_IRQHandler
                0x0000000008001fb4                DMA2_Stream2_IRQHandler
                0x0000000008001fb4                SPI1_IRQHandler
                0x0000000008001fb4                TIM1_BRK_TIM9_IRQHandler
                0x0000000008001fb4                DCMI_IRQHandler
                0x0000000008001fb4                CAN2_RX0_IRQHandler
                0x0000000008001fb4                DMA2_Stream3_IRQHandler
                0x0000000008001fb4                SAI2_IRQHandler
                0x0000000008001fb4                USART6_IRQHandler
                0x0000000008001fb4                USART3_IRQHandler
                0x0000000008001fb4                CAN1_RX1_IRQHandler
                0x0000000008001fb4                UART5_IRQHandler
                0x0000000008001fb4                DMA2_Stream0_IRQHandler
                0x0000000008001fb4                TIM4_IRQHandler
                0x0000000008001fb4                QUADSPI_IRQHandler
                0x0000000008001fb4                I2C1_EV_IRQHandler
                0x0000000008001fb4                DMA1_Stream6_IRQHandler
                0x0000000008001fb4                DMA1_Stream1_IRQHandler
                0x0000000008001fb4                TIM3_IRQHandler
                0x0000000008001fb4                RCC_IRQHandler
                0x0000000008001fb4                TIM8_BRK_TIM12_IRQHandler
                0x0000000008001fb4                Default_Handler
                0x0000000008001fb4                CEC_IRQHandler
                0x0000000008001fb4                EXTI15_10_IRQHandler
                0x0000000008001fb4                ADC_IRQHandler
                0x0000000008001fb4                DMA1_Stream7_IRQHandler
                0x0000000008001fb4                SPI5_IRQHandler
                0x0000000008001fb4                TIM7_IRQHandler
                0x0000000008001fb4                SDMMC1_IRQHandler
                0x0000000008001fb4                CAN2_TX_IRQHandler
                0x0000000008001fb4                TIM5_IRQHandler
                0x0000000008001fb4                DMA2_Stream7_IRQHandler
                0x0000000008001fb4                I2C3_EV_IRQHandler
                0x0000000008001fb4                EXTI9_5_IRQHandler
                0x0000000008001fb4                RTC_WKUP_IRQHandler
                0x0000000008001fb4                LTDC_IRQHandler
                0x0000000008001fb4                ETH_WKUP_IRQHandler
                0x0000000008001fb4                SPDIF_RX_IRQHandler
                0x0000000008001fb4                SPI2_IRQHandler
                0x0000000008001fb4                OTG_HS_EP1_IN_IRQHandler
                0x0000000008001fb4                DMA1_Stream0_IRQHandler
                0x0000000008001fb4                CAN1_TX_IRQHandler
                0x0000000008001fb4                EXTI4_IRQHandler
                0x0000000008001fb4                RNG_IRQHandler
                0x0000000008001fb4                ETH_IRQHandler
                0x0000000008001fb4                OTG_HS_EP1_OUT_IRQHandler
                0x0000000008001fb4                WWDG_IRQHandler
                0x0000000008001fb4                SPI6_IRQHandler
                0x0000000008001fb4                I2C4_EV_IRQHandler
                0x0000000008001fb4                TIM2_IRQHandler
                0x0000000008001fb4                OTG_FS_WKUP_IRQHandler
                0x0000000008001fb4                TIM1_TRG_COM_TIM11_IRQHandler
                0x0000000008001fb4                OTG_HS_IRQHandler
                0x0000000008001fb4                DMA2D_IRQHandler
                0x0000000008001fb4                EXTI1_IRQHandler
                0x0000000008001fb4                UART7_IRQHandler
                0x0000000008001fb4                I2C2_ER_IRQHandler
                0x0000000008001fb4                DMA2_Stream1_IRQHandler
                0x0000000008001fb4                CAN1_SCE_IRQHandler
                0x0000000008001fb4                FLASH_IRQHandler
                0x0000000008001fb4                DMA2_Stream4_IRQHandler
                0x0000000008001fb4                USART1_IRQHandler
                0x0000000008001fb4                OTG_FS_IRQHandler
                0x0000000008001fb4                SPI3_IRQHandler
                0x0000000008001fb4                I2C1_ER_IRQHandler
                0x0000000008001fb4                FMC_IRQHandler
                0x0000000008001fb4                LPTIM1_IRQHandler
                0x0000000008001fb4                I2C4_ER_IRQHandler
                0x0000000008001fb4                DMA2_Stream6_IRQHandler
                0x0000000008001fb4                SAI1_IRQHandler
                0x0000000008001fb4                DMA1_Stream3_IRQHandler
 .text.HAL_Init
                0x0000000008001fb6       0x1a Drivers/STM32F7xx_HAL_Driver/Src/stm32f7xx_hal.o
                0x0000000008001fb6                HAL_Init
 .text.HAL_IncTick
                0x0000000008001fd0       0x28 Drivers/STM32F7xx_HAL_Driver/Src/stm32f7xx_hal.o
                0x0000000008001fd0                HAL_IncTick
 .text.HAL_GetTick
                0x0000000008001ff8       0x18 Drivers/STM32F7xx_HAL_Driver/Src/stm32f7xx_hal.o
                0x0000000008001ff8                HAL_GetTick
 .text.__NVIC_SetPriorityGrouping
                0x0000000008002010       0x48 Drivers/STM32F7xx_HAL_Driver/Src/stm32f7xx_hal_cortex.o
 .text.__NVIC_GetPriorityGrouping
                0x0000000008002058       0x1c Drivers/STM32F7xx_HAL_Driver/Src/stm32f7xx_hal_cortex.o
 .text.__NVIC_EnableIRQ
                0x0000000008002074       0x3c Drivers/STM32F7xx_HAL_Driver/Src/stm32f7xx_hal_cortex.o
 .text.__NVIC_SetPriority
                0x00000000080020b0       0x54 Drivers/STM32F7xx_HAL_Driver/Src/stm32f7xx_hal_cortex.o
 .text.NVIC_EncodePriority
                0x0000000008002104       0x66 Drivers/STM32F7xx_HAL_Driver/Src/stm32f7xx_hal_cortex.o
 .text.HAL_NVIC_SetPriorityGrouping
                0x000000000800216a       0x16 Drivers/STM32F7xx_HAL_Driver/Src/stm32f7xx_hal_cortex.o
                0x000000000800216a                HAL_NVIC_SetPriorityGrouping
 .text.HAL_NVIC_SetPriority
                0x0000000008002180       0x38 Drivers/STM32F7xx_HAL_Driver/Src/stm32f7xx_hal_cortex.o
                0x0000000008002180                HAL_NVIC_SetPriority
 .text.HAL_NVIC_EnableIRQ
                0x00000000080021b8       0x1c Drivers/STM32F7xx_HAL_Driver/Src/stm32f7xx_hal_cortex.o
                0x00000000080021b8                HAL_NVIC_EnableIRQ
 .text.HAL_GPIO_Init
                0x00000000080021d4      0x354 Drivers/STM32F7xx_HAL_Driver/Src/stm32f7xx_hal_gpio.o
                0x00000000080021d4                HAL_GPIO_Init
 .text.HAL_GPIO_WritePin
                0x0000000008002528       0x32 Drivers/STM32F7xx_HAL_Driver/Src/stm32f7xx_hal_gpio.o
                0x0000000008002528                HAL_GPIO_WritePin
 *fill*         0x000000000800255a        0x2 
 .text.HAL_PWR_EnableBkUpAccess
                0x000000000800255c       0x20 Drivers/STM32F7xx_HAL_Driver/Src/stm32f7xx_hal_pwr.o
                0x000000000800255c                HAL_PWR_EnableBkUpAccess
 .text.HAL_RCC_OscConfig
                0x000000000800257c      0x4e0 Drivers/STM32F7xx_HAL_Driver/Src/stm32f7xx_hal_rcc.o
                0x000000000800257c                HAL_RCC_OscConfig
 .text.HAL_RCC_ClockConfig
                0x0000000008002a5c      0x1d0 Drivers/STM32F7xx_HAL_Driver/Src/stm32f7xx_hal_rcc.o
                0x0000000008002a5c                HAL_RCC_ClockConfig
 .text.HAL_RCC_GetSysClockFreq
                0x0000000008002c2c      0x1b0 Drivers/STM32F7xx_HAL_Driver/Src/stm32f7xx_hal_rcc.o
                0x0000000008002c2c                HAL_RCC_GetSysClockFreq
 .text.HAL_RCC_GetHCLKFreq
                0x0000000008002ddc       0x18 Drivers/STM32F7xx_HAL_Driver/Src/stm32f7xx_hal_rcc.o
                0x0000000008002ddc                HAL_RCC_GetHCLKFreq
 .text.HAL_RCC_GetPCLK1Freq
                0x0000000008002df4       0x28 Drivers/STM32F7xx_HAL_Driver/Src/stm32f7xx_hal_rcc.o
                0x0000000008002df4                HAL_RCC_GetPCLK1Freq
 .text.HAL_RCC_GetClockConfig
                0x0000000008002e1c       0x64 Drivers/STM32F7xx_HAL_Driver/Src/stm32f7xx_hal_rcc.o
                0x0000000008002e1c                HAL_RCC_GetClockConfig
 .text.HAL_RCCEx_PeriphCLKConfig
                0x0000000008002e80      0x7dc Drivers/STM32F7xx_HAL_Driver/Src/stm32f7xx_hal_rcc_ex.o
                0x0000000008002e80                HAL_RCCEx_PeriphCLKConfig
 .text.HAL_TIM_Base_Init
                0x000000000800365c       0x56 Drivers/STM32F7xx_HAL_Driver/Src/stm32f7xx_hal_tim.o
                0x000000000800365c                HAL_TIM_Base_Init
 .text.HAL_TIM_Base_MspInit
                0x00000000080036b2       0x14 Drivers/STM32F7xx_HAL_Driver/Src/stm32f7xx_hal_tim.o
                0x00000000080036b2                HAL_TIM_Base_MspInit
 *fill*         0x00000000080036c6        0x2 
 .text.HAL_TIM_Base_Start_IT
                0x00000000080036c8       0x54 Drivers/STM32F7xx_HAL_Driver/Src/stm32f7xx_hal_tim.o
                0x00000000080036c8                HAL_TIM_Base_Start_IT
 .text.HAL_TIM_IRQHandler
                0x000000000800371c      0x23e Drivers/STM32F7xx_HAL_Driver/Src/stm32f7xx_hal_tim.o
                0x000000000800371c                HAL_TIM_IRQHandler
 .text.HAL_TIM_OC_DelayElapsedCallback
                0x000000000800395a       0x14 Drivers/STM32F7xx_HAL_Driver/Src/stm32f7xx_hal_tim.o
                0x000000000800395a                HAL_TIM_OC_DelayElapsedCallback
 .text.HAL_TIM_IC_CaptureCallback
                0x000000000800396e       0x14 Drivers/STM32F7xx_HAL_Driver/Src/stm32f7xx_hal_tim.o
                0x000000000800396e                HAL_TIM_IC_CaptureCallback
 .text.HAL_TIM_PWM_PulseFinishedCallback
                0x0000000008003982       0x14 Drivers/STM32F7xx_HAL_Driver/Src/stm32f7xx_hal_tim.o
                0x0000000008003982                HAL_TIM_PWM_PulseFinishedCallback
 .text.HAL_TIM_TriggerCallback
                0x0000000008003996       0x14 Drivers/STM32F7xx_HAL_Driver/Src/stm32f7xx_hal_tim.o
                0x0000000008003996                HAL_TIM_TriggerCallback
 *fill*         0x00000000080039aa        0x2 
 .text.TIM_Base_SetConfig
                0x00000000080039ac      0x140 Drivers/STM32F7xx_HAL_Driver/Src/stm32f7xx_hal_tim.o
                0x00000000080039ac                TIM_Base_SetConfig
 .text.HAL_TIMEx_CommutCallback
                0x0000000008003aec       0x14 Drivers/STM32F7xx_HAL_Driver/Src/stm32f7xx_hal_tim_ex.o
                0x0000000008003aec                HAL_TIMEx_CommutCallback
 .text.HAL_TIMEx_BreakCallback
                0x0000000008003b00       0x14 Drivers/STM32F7xx_HAL_Driver/Src/stm32f7xx_hal_tim_ex.o
                0x0000000008003b00                HAL_TIMEx_BreakCallback
 .text.HAL_TIMEx_Break2Callback
                0x0000000008003b14       0x14 Drivers/STM32F7xx_HAL_Driver/Src/stm32f7xx_hal_tim_ex.o
                0x0000000008003b14                HAL_TIMEx_Break2Callback
 .text.LL_GPIO_SetPinMode
                0x0000000008003b28       0x5e Drivers/STM32F7xx_HAL_Driver/Src/stm32f7xx_ll_gpio.o
 .text.LL_GPIO_SetPinOutputType
                0x0000000008003b86       0x30 Drivers/STM32F7xx_HAL_Driver/Src/stm32f7xx_ll_gpio.o
 .text.LL_GPIO_SetPinSpeed
                0x0000000008003bb6       0x5e Drivers/STM32F7xx_HAL_Driver/Src/stm32f7xx_ll_gpio.o
 .text.LL_GPIO_SetPinPull
                0x0000000008003c14       0x5e Drivers/STM32F7xx_HAL_Driver/Src/stm32f7xx_ll_gpio.o
 .text.LL_GPIO_SetAFPin_0_7
                0x0000000008003c72       0x5e Drivers/STM32F7xx_HAL_Driver/Src/stm32f7xx_ll_gpio.o
 .text.LL_GPIO_SetAFPin_8_15
                0x0000000008003cd0       0x62 Drivers/STM32F7xx_HAL_Driver/Src/stm32f7xx_ll_gpio.o
 .text.LL_GPIO_Init
                0x0000000008003d32       0xf8 Drivers/STM32F7xx_HAL_Driver/Src/stm32f7xx_ll_gpio.o
                0x0000000008003d32                LL_GPIO_Init
 *fill*         0x0000000008003e2a        0x2 
 .text.LL_RCC_HSI_IsReady
                0x0000000008003e2c       0x24 Drivers/STM32F7xx_HAL_Driver/Src/stm32f7xx_ll_rcc.o
 .text.LL_RCC_LSE_IsReady
                0x0000000008003e50       0x24 Drivers/STM32F7xx_HAL_Driver/Src/stm32f7xx_ll_rcc.o
 .text.LL_RCC_GetSysClkSource
                0x0000000008003e74       0x1c Drivers/STM32F7xx_HAL_Driver/Src/stm32f7xx_ll_rcc.o
 .text.LL_RCC_GetAHBPrescaler
                0x0000000008003e90       0x1c Drivers/STM32F7xx_HAL_Driver/Src/stm32f7xx_ll_rcc.o
 .text.LL_RCC_GetAPB1Prescaler
                0x0000000008003eac       0x1c Drivers/STM32F7xx_HAL_Driver/Src/stm32f7xx_ll_rcc.o
 .text.LL_RCC_GetAPB2Prescaler
                0x0000000008003ec8       0x1c Drivers/STM32F7xx_HAL_Driver/Src/stm32f7xx_ll_rcc.o
 .text.LL_RCC_GetUSARTClockSource
                0x0000000008003ee4       0x28 Drivers/STM32F7xx_HAL_Driver/Src/stm32f7xx_ll_rcc.o
 .text.LL_RCC_GetUARTClockSource
                0x0000000008003f0c       0x28 Drivers/STM32F7xx_HAL_Driver/Src/stm32f7xx_ll_rcc.o
 .text.LL_RCC_PLL_GetMainSource
                0x0000000008003f34       0x1c Drivers/STM32F7xx_HAL_Driver/Src/stm32f7xx_ll_rcc.o
 .text.LL_RCC_PLL_GetN
                0x0000000008003f50       0x1c Drivers/STM32F7xx_HAL_Driver/Src/stm32f7xx_ll_rcc.o
 .text.LL_RCC_PLL_GetP
                0x0000000008003f6c       0x1c Drivers/STM32F7xx_HAL_Driver/Src/stm32f7xx_ll_rcc.o
 .text.LL_RCC_PLL_GetDivider
                0x0000000008003f88       0x1c Drivers/STM32F7xx_HAL_Driver/Src/stm32f7xx_ll_rcc.o
 .text.LL_RCC_GetUSARTClockFreq
                0x0000000008003fa4      0x1f4 Drivers/STM32F7xx_HAL_Driver/Src/stm32f7xx_ll_rcc.o
                0x0000000008003fa4                LL_RCC_GetUSARTClockFreq
 .text.LL_RCC_GetUARTClockFreq
                0x0000000008004198      0x1f8 Drivers/STM32F7xx_HAL_Driver/Src/stm32f7xx_ll_rcc.o
                0x0000000008004198                LL_RCC_GetUARTClockFreq
 .text.RCC_GetSystemClockFreq
                0x0000000008004390       0x48 Drivers/STM32F7xx_HAL_Driver/Src/stm32f7xx_ll_rcc.o
                0x0000000008004390                RCC_GetSystemClockFreq
 .text.RCC_GetHCLKClockFreq
                0x00000000080043d8       0x2c Drivers/STM32F7xx_HAL_Driver/Src/stm32f7xx_ll_rcc.o
                0x00000000080043d8                RCC_GetHCLKClockFreq
 .text.RCC_GetPCLK1ClockFreq
                0x0000000008004404       0x28 Drivers/STM32F7xx_HAL_Driver/Src/stm32f7xx_ll_rcc.o
                0x0000000008004404                RCC_GetPCLK1ClockFreq
 .text.RCC_GetPCLK2ClockFreq
                0x000000000800442c       0x28 Drivers/STM32F7xx_HAL_Driver/Src/stm32f7xx_ll_rcc.o
                0x000000000800442c                RCC_GetPCLK2ClockFreq
 .text.RCC_PLL_GetFreqDomain_SYS
                0x0000000008004454       0x6c Drivers/STM32F7xx_HAL_Driver/Src/stm32f7xx_ll_rcc.o
                0x0000000008004454                RCC_PLL_GetFreqDomain_SYS
 .text.LL_USART_IsEnabled
                0x00000000080044c0       0x26 Drivers/STM32F7xx_HAL_Driver/Src/stm32f7xx_ll_usart.o
 .text.LL_USART_SetStopBitsLength
                0x00000000080044e6       0x26 Drivers/STM32F7xx_HAL_Driver/Src/stm32f7xx_ll_usart.o
 .text.LL_USART_SetHWFlowCtrl
                0x000000000800450c       0x26 Drivers/STM32F7xx_HAL_Driver/Src/stm32f7xx_ll_usart.o
 .text.LL_USART_SetBaudRate
                0x0000000008004532       0x60 Drivers/STM32F7xx_HAL_Driver/Src/stm32f7xx_ll_usart.o
 *fill*         0x0000000008004592        0x2 
 .text.LL_USART_Init
                0x0000000008004594      0x140 Drivers/STM32F7xx_HAL_Driver/Src/stm32f7xx_ll_usart.o
                0x0000000008004594                LL_USART_Init
 .text.osKernelInitialize
                0x00000000080046d4       0x68 Middlewares/Third_Party/FreeRTOS/Source/CMSIS_RTOS_V2/cmsis_os2.o
                0x00000000080046d4                osKernelInitialize
 .text.osKernelStart
                0x000000000800473c       0x68 Middlewares/Third_Party/FreeRTOS/Source/CMSIS_RTOS_V2/cmsis_os2.o
                0x000000000800473c                osKernelStart
 .text.osThreadNew
                0x00000000080047a4      0x154 Middlewares/Third_Party/FreeRTOS/Source/CMSIS_RTOS_V2/cmsis_os2.o
                0x00000000080047a4                osThreadNew
 .text.osDelay  0x00000000080048f8       0x5c Middlewares/Third_Party/FreeRTOS/Source/CMSIS_RTOS_V2/cmsis_os2.o
                0x00000000080048f8                osDelay
 .text.osMessageQueueNew
                0x0000000008004954      0x10c Middlewares/Third_Party/FreeRTOS/Source/CMSIS_RTOS_V2/cmsis_os2.o
                0x0000000008004954                osMessageQueueNew
 .text.osMessageQueuePut
                0x0000000008004a60       0xe8 Middlewares/Third_Party/FreeRTOS/Source/CMSIS_RTOS_V2/cmsis_os2.o
                0x0000000008004a60                osMessageQueuePut
 .text.osMessageQueueGet
                0x0000000008004b48       0xe4 Middlewares/Third_Party/FreeRTOS/Source/CMSIS_RTOS_V2/cmsis_os2.o
                0x0000000008004b48                osMessageQueueGet
 .text.vApplicationGetIdleTaskMemory
                0x0000000008004c2c       0x34 Middlewares/Third_Party/FreeRTOS/Source/CMSIS_RTOS_V2/cmsis_os2.o
                0x0000000008004c2c                vApplicationGetIdleTaskMemory
 .text.vApplicationGetTimerTaskMemory
                0x0000000008004c60       0x34 Middlewares/Third_Party/FreeRTOS/Source/CMSIS_RTOS_V2/cmsis_os2.o
                0x0000000008004c60                vApplicationGetTimerTaskMemory
 .text.vListInitialise
                0x0000000008004c94       0x40 Middlewares/Third_Party/FreeRTOS/Source/list.o
                0x0000000008004c94                vListInitialise
 .text.vListInitialiseItem
                0x0000000008004cd4       0x1a Middlewares/Third_Party/FreeRTOS/Source/list.o
                0x0000000008004cd4                vListInitialiseItem
 .text.vListInsertEnd
                0x0000000008004cee       0x48 Middlewares/Third_Party/FreeRTOS/Source/list.o
                0x0000000008004cee                vListInsertEnd
 .text.vListInsert
                0x0000000008004d36       0x72 Middlewares/Third_Party/FreeRTOS/Source/list.o
                0x0000000008004d36                vListInsert
 .text.uxListRemove
                0x0000000008004da8       0x54 Middlewares/Third_Party/FreeRTOS/Source/list.o
                0x0000000008004da8                uxListRemove
 .text.xQueueGenericReset
                0x0000000008004dfc       0xd4 Middlewares/Third_Party/FreeRTOS/Source/queue.o
                0x0000000008004dfc                xQueueGenericReset
 .text.xQueueGenericCreateStatic
                0x0000000008004ed0       0xf8 Middlewares/Third_Party/FreeRTOS/Source/queue.o
                0x0000000008004ed0                xQueueGenericCreateStatic
 .text.xQueueGenericCreate
                0x0000000008004fc8       0x7e Middlewares/Third_Party/FreeRTOS/Source/queue.o
                0x0000000008004fc8                xQueueGenericCreate
 .text.prvInitialiseNewQueue
                0x0000000008005046       0x46 Middlewares/Third_Party/FreeRTOS/Source/queue.o
 .text.xQueueGenericSend
                0x000000000800508c      0x204 Middlewares/Third_Party/FreeRTOS/Source/queue.o
                0x000000000800508c                xQueueGenericSend
 .text.xQueueGenericSendFromISR
                0x0000000008005290      0x138 Middlewares/Third_Party/FreeRTOS/Source/queue.o
                0x0000000008005290                xQueueGenericSendFromISR
 .text.xQueueReceive
                0x00000000080053c8      0x1c4 Middlewares/Third_Party/FreeRTOS/Source/queue.o
                0x00000000080053c8                xQueueReceive
 .text.xQueueReceiveFromISR
                0x000000000800558c      0x106 Middlewares/Third_Party/FreeRTOS/Source/queue.o
                0x000000000800558c                xQueueReceiveFromISR
 .text.prvCopyDataToQueue
                0x0000000008005692       0xd4 Middlewares/Third_Party/FreeRTOS/Source/queue.o
 .text.prvCopyDataFromQueue
                0x0000000008005766       0x4c Middlewares/Third_Party/FreeRTOS/Source/queue.o
 .text.prvUnlockQueue
                0x00000000080057b2       0xa4 Middlewares/Third_Party/FreeRTOS/Source/queue.o
 .text.prvIsQueueEmpty
                0x0000000008005856       0x2c Middlewares/Third_Party/FreeRTOS/Source/queue.o
 .text.prvIsQueueFull
                0x0000000008005882       0x30 Middlewares/Third_Party/FreeRTOS/Source/queue.o
 *fill*         0x00000000080058b2        0x2 
 .text.vQueueAddToRegistry
                0x00000000080058b4       0x50 Middlewares/Third_Party/FreeRTOS/Source/queue.o
                0x00000000080058b4                vQueueAddToRegistry
 .text.vQueueWaitForMessageRestricted
                0x0000000008005904       0x68 Middlewares/Third_Party/FreeRTOS/Source/queue.o
                0x0000000008005904                vQueueWaitForMessageRestricted
 .text.xTaskCreateStatic
                0x000000000800596c       0xbe Middlewares/Third_Party/FreeRTOS/Source/tasks.o
                0x000000000800596c                xTaskCreateStatic
 .text.xTaskCreate
                0x0000000008005a2a       0x8a Middlewares/Third_Party/FreeRTOS/Source/tasks.o
                0x0000000008005a2a                xTaskCreate
 .text.prvInitialiseNewTask
                0x0000000008005ab4      0x110 Middlewares/Third_Party/FreeRTOS/Source/tasks.o
 .text.prvAddNewTaskToReadyList
                0x0000000008005bc4       0xe0 Middlewares/Third_Party/FreeRTOS/Source/tasks.o
 .text.vTaskDelay
                0x0000000008005ca4       0x6c Middlewares/Third_Party/FreeRTOS/Source/tasks.o
                0x0000000008005ca4                vTaskDelay
 .text.vTaskStartScheduler
                0x0000000008005d10       0xd0 Middlewares/Third_Party/FreeRTOS/Source/tasks.o
                0x0000000008005d10                vTaskStartScheduler
 .text.vTaskSuspendAll
                0x0000000008005de0       0x1c Middlewares/Third_Party/FreeRTOS/Source/tasks.o
                0x0000000008005de0                vTaskSuspendAll
 .text.xTaskResumeAll
                0x0000000008005dfc      0x13c Middlewares/Third_Party/FreeRTOS/Source/tasks.o
                0x0000000008005dfc                xTaskResumeAll
 .text.xTaskGetTickCount
                0x0000000008005f38       0x20 Middlewares/Third_Party/FreeRTOS/Source/tasks.o
                0x0000000008005f38                xTaskGetTickCount
 .text.xTaskIncrementTick
                0x0000000008005f58      0x180 Middlewares/Third_Party/FreeRTOS/Source/tasks.o
                0x0000000008005f58                xTaskIncrementTick
 .text.vTaskSwitchContext
                0x00000000080060d8       0xbc Middlewares/Third_Party/FreeRTOS/Source/tasks.o
                0x00000000080060d8                vTaskSwitchContext
 .text.vTaskPlaceOnEventList
                0x0000000008006194       0x4c Middlewares/Third_Party/FreeRTOS/Source/tasks.o
                0x0000000008006194                vTaskPlaceOnEventList
 .text.vTaskPlaceOnEventListRestricted
                0x00000000080061e0       0x58 Middlewares/Third_Party/FreeRTOS/Source/tasks.o
                0x00000000080061e0                vTaskPlaceOnEventListRestricted
 .text.xTaskRemoveFromEventList
                0x0000000008006238       0xc8 Middlewares/Third_Party/FreeRTOS/Source/tasks.o
                0x0000000008006238                xTaskRemoveFromEventList
 .text.vTaskInternalSetTimeOutState
                0x0000000008006300       0x2c Middlewares/Third_Party/FreeRTOS/Source/tasks.o
                0x0000000008006300                vTaskInternalSetTimeOutState
 .text.xTaskCheckForTimeOut
                0x000000000800632c       0xc8 Middlewares/Third_Party/FreeRTOS/Source/tasks.o
                0x000000000800632c                xTaskCheckForTimeOut
 .text.vTaskMissedYield
                0x00000000080063f4       0x18 Middlewares/Third_Party/FreeRTOS/Source/tasks.o
                0x00000000080063f4                vTaskMissedYield
 .text.prvIdleTask
                0x000000000800640c       0x30 Middlewares/Third_Party/FreeRTOS/Source/tasks.o
 .text.prvInitialiseTaskLists
                0x000000000800643c       0x80 Middlewares/Third_Party/FreeRTOS/Source/tasks.o
 .text.prvCheckTasksWaitingTermination
                0x00000000080064bc       0x58 Middlewares/Third_Party/FreeRTOS/Source/tasks.o
 .text.prvDeleteTCB
                0x0000000008006514       0x60 Middlewares/Third_Party/FreeRTOS/Source/tasks.o
 .text.prvResetNextTaskUnblockTime
                0x0000000008006574       0x4c Middlewares/Third_Party/FreeRTOS/Source/tasks.o
 .text.xTaskGetSchedulerState
                0x00000000080065c0       0x3c Middlewares/Third_Party/FreeRTOS/Source/tasks.o
                0x00000000080065c0                xTaskGetSchedulerState
 .text.xTaskPriorityDisinherit
                0x00000000080065fc       0xe0 Middlewares/Third_Party/FreeRTOS/Source/tasks.o
                0x00000000080065fc                xTaskPriorityDisinherit
 .text.prvAddCurrentTaskToDelayedList
                0x00000000080066dc       0xa8 Middlewares/Third_Party/FreeRTOS/Source/tasks.o
 .text.xTimerCreateTimerTask
                0x0000000008006784       0x94 Middlewares/Third_Party/FreeRTOS/Source/timers.o
                0x0000000008006784                xTimerCreateTimerTask
 .text.xTimerGenericCommand
                0x0000000008006818       0x9c Middlewares/Third_Party/FreeRTOS/Source/timers.o
                0x0000000008006818                xTimerGenericCommand
 .text.prvProcessExpiredTimer
                0x00000000080068b4       0x84 Middlewares/Third_Party/FreeRTOS/Source/timers.o
 .text.prvTimerTask
                0x0000000008006938       0x24 Middlewares/Third_Party/FreeRTOS/Source/timers.o
 .text.prvProcessTimerOrBlockTask
                0x000000000800695c       0x9c Middlewares/Third_Party/FreeRTOS/Source/timers.o
 .text.prvGetNextExpireTime
                0x00000000080069f8       0x48 Middlewares/Third_Party/FreeRTOS/Source/timers.o
 .text.prvSampleTimeNow
                0x0000000008006a40       0x40 Middlewares/Third_Party/FreeRTOS/Source/timers.o
 .text.prvInsertTimerInActiveList
                0x0000000008006a80       0x84 Middlewares/Third_Party/FreeRTOS/Source/timers.o
 .text.prvProcessReceivedCommands
                0x0000000008006b04      0x16c Middlewares/Third_Party/FreeRTOS/Source/timers.o
 .text.prvSwitchTimerLists
                0x0000000008006c70       0xc4 Middlewares/Third_Party/FreeRTOS/Source/timers.o
 .text.prvCheckForValidListAndQueue
                0x0000000008006d34       0x80 Middlewares/Third_Party/FreeRTOS/Source/timers.o
 .text.pxPortInitialiseStack
                0x0000000008006db4       0x68 Middlewares/Third_Party/FreeRTOS/Source/portable/GCC/ARM_CM7/r0p1/port.o
                0x0000000008006db4                pxPortInitialiseStack
 .text.prvTaskExitError
                0x0000000008006e1c       0x5c Middlewares/Third_Party/FreeRTOS/Source/portable/GCC/ARM_CM7/r0p1/port.o
 *fill*         0x0000000008006e78        0x8 
 .text.SVC_Handler
                0x0000000008006e80       0x28 Middlewares/Third_Party/FreeRTOS/Source/portable/GCC/ARM_CM7/r0p1/port.o
                0x0000000008006e80                SVC_Handler
 .text.prvPortStartFirstTask
                0x0000000008006ea8       0x28 Middlewares/Third_Party/FreeRTOS/Source/portable/GCC/ARM_CM7/r0p1/port.o
 .text.xPortStartScheduler
                0x0000000008006ed0       0xf8 Middlewares/Third_Party/FreeRTOS/Source/portable/GCC/ARM_CM7/r0p1/port.o
                0x0000000008006ed0                xPortStartScheduler
 .text.vPortEnterCritical
                0x0000000008006fc8       0x64 Middlewares/Third_Party/FreeRTOS/Source/portable/GCC/ARM_CM7/r0p1/port.o
                0x0000000008006fc8                vPortEnterCritical
 .text.vPortExitCritical
                0x000000000800702c       0x54 Middlewares/Third_Party/FreeRTOS/Source/portable/GCC/ARM_CM7/r0p1/port.o
                0x000000000800702c                vPortExitCritical
 .text.PendSV_Handler
                0x0000000008007080       0x68 Middlewares/Third_Party/FreeRTOS/Source/portable/GCC/ARM_CM7/r0p1/port.o
                0x0000000008007080                PendSV_Handler
 .text.SysTick_Handler
                0x00000000080070e8       0x44 Middlewares/Third_Party/FreeRTOS/Source/portable/GCC/ARM_CM7/r0p1/port.o
                0x00000000080070e8                SysTick_Handler
 .text.vPortSetupTimerInterrupt
                0x000000000800712c       0x48 Middlewares/Third_Party/FreeRTOS/Source/portable/GCC/ARM_CM7/r0p1/port.o
                0x000000000800712c                vPortSetupTimerInterrupt
 .text.vPortEnableVFP
                0x0000000008007174       0x14 Middlewares/Third_Party/FreeRTOS/Source/portable/GCC/ARM_CM7/r0p1/port.o
 .text.vPortValidateInterruptPriority
                0x0000000008007188       0x84 Middlewares/Third_Party/FreeRTOS/Source/portable/GCC/ARM_CM7/r0p1/port.o
                0x0000000008007188                vPortValidateInterruptPriority
 .text.pvPortMalloc
                0x000000000800720c      0x190 Middlewares/Third_Party/FreeRTOS/Source/portable/MemMang/heap_4.o
                0x000000000800720c                pvPortMalloc
 .text.vPortFree
                0x000000000800739c       0xb8 Middlewares/Third_Party/FreeRTOS/Source/portable/MemMang/heap_4.o
                0x000000000800739c                vPortFree
 .text.prvHeapInit
                0x0000000008007454       0xc4 Middlewares/Third_Party/FreeRTOS/Source/portable/MemMang/heap_4.o
 .text.prvInsertBlockIntoFreeList
                0x0000000008007518       0xb4 Middlewares/Third_Party/FreeRTOS/Source/portable/MemMang/heap_4.o
 .text.__libc_init_array
                0x00000000080075cc       0x48 c:/st/stm32cubeide_1.0.2/stm32cubeide/plugins/com.st.stm32cube.ide.mcu.externaltools.gnu-tools-for-stm32.7-2018-q2-update.win32_1.0.0.201904181610/tools/bin/../lib/gcc/arm-none-eabi/7.3.1/../../../../arm-none-eabi/lib/thumb/v7e-m/fpv4-sp/hard\libc_nano.a(lib_a-init.o)
                0x00000000080075cc                __libc_init_array
 .text.memcpy   0x0000000008007614       0x16 c:/st/stm32cubeide_1.0.2/stm32cubeide/plugins/com.st.stm32cube.ide.mcu.externaltools.gnu-tools-for-stm32.7-2018-q2-update.win32_1.0.0.201904181610/tools/bin/../lib/gcc/arm-none-eabi/7.3.1/../../../../arm-none-eabi/lib/thumb/v7e-m/fpv4-sp/hard\libc_nano.a(lib_a-memcpy-stub.o)
                0x0000000008007614                memcpy
 .text.memset   0x000000000800762a       0x10 c:/st/stm32cubeide_1.0.2/stm32cubeide/plugins/com.st.stm32cube.ide.mcu.externaltools.gnu-tools-for-stm32.7-2018-q2-update.win32_1.0.0.201904181610/tools/bin/../lib/gcc/arm-none-eabi/7.3.1/../../../../arm-none-eabi/lib/thumb/v7e-m/fpv4-sp/hard\libc_nano.a(lib_a-memset.o)
                0x000000000800762a                memset
 *(.glue_7)
 .glue_7        0x000000000800763a        0x0 linker stubs
 *(.glue_7t)
 .glue_7t       0x000000000800763a        0x0 linker stubs
 *(.eh_frame)
 *fill*         0x000000000800763a        0x2 
 .eh_frame      0x000000000800763c        0x0 c:/st/stm32cubeide_1.0.2/stm32cubeide/plugins/com.st.stm32cube.ide.mcu.externaltools.gnu-tools-for-stm32.7-2018-q2-update.win32_1.0.0.201904181610/tools/bin/../lib/gcc/arm-none-eabi/7.3.1/thumb/v7e-m/fpv4-sp/hard/crtbegin.o
 *(.init)
 .init          0x000000000800763c        0x4 c:/st/stm32cubeide_1.0.2/stm32cubeide/plugins/com.st.stm32cube.ide.mcu.externaltools.gnu-tools-for-stm32.7-2018-q2-update.win32_1.0.0.201904181610/tools/bin/../lib/gcc/arm-none-eabi/7.3.1/thumb/v7e-m/fpv4-sp/hard/crti.o
                0x000000000800763c                _init
 .init          0x0000000008007640        0x8 c:/st/stm32cubeide_1.0.2/stm32cubeide/plugins/com.st.stm32cube.ide.mcu.externaltools.gnu-tools-for-stm32.7-2018-q2-update.win32_1.0.0.201904181610/tools/bin/../lib/gcc/arm-none-eabi/7.3.1/thumb/v7e-m/fpv4-sp/hard/crtn.o
 *(.fini)
 .fini          0x0000000008007648        0x4 c:/st/stm32cubeide_1.0.2/stm32cubeide/plugins/com.st.stm32cube.ide.mcu.externaltools.gnu-tools-for-stm32.7-2018-q2-update.win32_1.0.0.201904181610/tools/bin/../lib/gcc/arm-none-eabi/7.3.1/thumb/v7e-m/fpv4-sp/hard/crti.o
                0x0000000008007648                _fini
 .fini          0x000000000800764c        0x8 c:/st/stm32cubeide_1.0.2/stm32cubeide/plugins/com.st.stm32cube.ide.mcu.externaltools.gnu-tools-for-stm32.7-2018-q2-update.win32_1.0.0.201904181610/tools/bin/../lib/gcc/arm-none-eabi/7.3.1/thumb/v7e-m/fpv4-sp/hard/crtn.o
                0x0000000008007654                . = ALIGN (0x4)
                0x0000000008007654                _etext = .

.vfp11_veneer   0x0000000008007654        0x0
 .vfp11_veneer  0x0000000008007654        0x0 linker stubs

.v4_bx          0x0000000008007654        0x0
 .v4_bx         0x0000000008007654        0x0 linker stubs

.iplt           0x0000000008007654        0x0
 .iplt          0x0000000008007654        0x0 c:/st/stm32cubeide_1.0.2/stm32cubeide/plugins/com.st.stm32cube.ide.mcu.externaltools.gnu-tools-for-stm32.7-2018-q2-update.win32_1.0.0.201904181610/tools/bin/../lib/gcc/arm-none-eabi/7.3.1/thumb/v7e-m/fpv4-sp/hard/crtbegin.o

.rodata         0x0000000008007654      0x174
                0x0000000008007654                . = ALIGN (0x4)
 *(.rodata)
 .rodata        0x0000000008007654       0x2e Core/Src/freertos.o
 *fill*         0x0000000008007682        0x2 
 .rodata        0x0000000008007684       0x7e Core/Src/main.o
 *fill*         0x0000000008007702        0x2 
 .rodata        0x0000000008007704        0x5 Middlewares/Third_Party/FreeRTOS/Source/tasks.o
 *fill*         0x0000000008007709        0x3 
 .rodata        0x000000000800770c        0xd Middlewares/Third_Party/FreeRTOS/Source/timers.o
 *(.rodata*)
 *fill*         0x0000000008007719        0x3 
 .rodata.defaultTask_attributes
                0x000000000800771c       0x24 Core/Src/freertos.o
                0x000000000800771c                defaultTask_attributes
 .rodata.myTask02_attributes
                0x0000000008007740       0x24 Core/Src/freertos.o
                0x0000000008007740                myTask02_attributes
 .rodata.usart_rx_dma_queue_id_attributes
                0x0000000008007764       0x18 Core/Src/freertos.o
                0x0000000008007764                usart_rx_dma_queue_id_attributes
 .rodata.STREAM_OFFSET_TAB
                0x000000000800777c        0x8 Core/Src/main.o
 .rodata.myTask03_attributes
                0x0000000008007784       0x24 Core/Src/main.o
                0x0000000008007784                myTask03_attributes
 .rodata.AHBPrescTable
                0x00000000080077a8       0x10 Core/Src/system_stm32f7xx.o
                0x00000000080077a8                AHBPrescTable
 .rodata.APBPrescTable
                0x00000000080077b8        0x8 Core/Src/system_stm32f7xx.o
                0x00000000080077b8                APBPrescTable
 .rodata.STREAM_OFFSET_TAB
                0x00000000080077c0        0x8 Core/Src/usart.o
                0x00000000080077c8                . = ALIGN (0x4)

.ARM.extab      0x00000000080077c8        0x0
                0x00000000080077c8                . = ALIGN (0x4)
 *(.ARM.extab* .gnu.linkonce.armextab.*)
                0x00000000080077c8                . = ALIGN (0x4)

.ARM            0x00000000080077c8        0x8
                0x00000000080077c8                . = ALIGN (0x4)
                0x00000000080077c8                __exidx_start = .
 *(.ARM.exidx*)
 .ARM.exidx     0x00000000080077c8        0x8 c:/st/stm32cubeide_1.0.2/stm32cubeide/plugins/com.st.stm32cube.ide.mcu.externaltools.gnu-tools-for-stm32.7-2018-q2-update.win32_1.0.0.201904181610/tools/bin/../lib/gcc/arm-none-eabi/7.3.1/thumb/v7e-m/fpv4-sp/hard\libgcc.a(_udivmoddi4.o)
                0x00000000080077d0                __exidx_end = .
                0x00000000080077d0                . = ALIGN (0x4)

.rel.dyn        0x00000000080077d0        0x0
 .rel.iplt      0x00000000080077d0        0x0 c:/st/stm32cubeide_1.0.2/stm32cubeide/plugins/com.st.stm32cube.ide.mcu.externaltools.gnu-tools-for-stm32.7-2018-q2-update.win32_1.0.0.201904181610/tools/bin/../lib/gcc/arm-none-eabi/7.3.1/thumb/v7e-m/fpv4-sp/hard/crtbegin.o

.preinit_array  0x00000000080077d0        0x0
                0x00000000080077d0                . = ALIGN (0x4)
                0x00000000080077d0                PROVIDE (__preinit_array_start = .)
 *(.preinit_array*)
                0x00000000080077d0                PROVIDE (__preinit_array_end = .)
                0x00000000080077d0                . = ALIGN (0x4)

.init_array     0x00000000080077d0        0x4
                0x00000000080077d0                . = ALIGN (0x4)
                0x00000000080077d0                PROVIDE (__init_array_start = .)
 *(SORT_BY_NAME(.init_array.*))
 *(.init_array*)
 .init_array    0x00000000080077d0        0x4 c:/st/stm32cubeide_1.0.2/stm32cubeide/plugins/com.st.stm32cube.ide.mcu.externaltools.gnu-tools-for-stm32.7-2018-q2-update.win32_1.0.0.201904181610/tools/bin/../lib/gcc/arm-none-eabi/7.3.1/thumb/v7e-m/fpv4-sp/hard/crtbegin.o
                0x00000000080077d4                PROVIDE (__init_array_end = .)
                0x00000000080077d4                . = ALIGN (0x4)

.fini_array     0x00000000080077d4        0x4
                0x00000000080077d4                . = ALIGN (0x4)
                [!provide]                        PROVIDE (__fini_array_start = .)
 *(SORT_BY_NAME(.fini_array.*))
 *(.fini_array*)
 .fini_array    0x00000000080077d4        0x4 c:/st/stm32cubeide_1.0.2/stm32cubeide/plugins/com.st.stm32cube.ide.mcu.externaltools.gnu-tools-for-stm32.7-2018-q2-update.win32_1.0.0.201904181610/tools/bin/../lib/gcc/arm-none-eabi/7.3.1/thumb/v7e-m/fpv4-sp/hard/crtbegin.o
                [!provide]                        PROVIDE (__fini_array_end = .)
                0x00000000080077d8                . = ALIGN (0x4)
                0x00000000080077d8                _sidata = LOADADDR (.data)

.data           0x0000000020000000        0xc load address 0x00000000080077d8
                0x0000000020000000                . = ALIGN (0x4)
                0x0000000020000000                _sdata = .
 *(.data)
 *(.data*)
 .data.SystemCoreClock
                0x0000000020000000        0x4 Core/Src/system_stm32f7xx.o
                0x0000000020000000                SystemCoreClock
 .data.uwTickFreq
                0x0000000020000004        0x1 Drivers/STM32F7xx_HAL_Driver/Src/stm32f7xx_hal.o
                0x0000000020000004                uwTickFreq
 *fill*         0x0000000020000005        0x3 
 .data.uxCriticalNesting
                0x0000000020000008        0x4 Middlewares/Third_Party/FreeRTOS/Source/portable/GCC/ARM_CM7/r0p1/port.o
                0x000000002000000c                . = ALIGN (0x4)
                0x000000002000000c                _edata = .

.igot.plt       0x000000002000000c        0x0 load address 0x00000000080077e4
 .igot.plt      0x000000002000000c        0x0 c:/st/stm32cubeide_1.0.2/stm32cubeide/plugins/com.st.stm32cube.ide.mcu.externaltools.gnu-tools-for-stm32.7-2018-q2-update.win32_1.0.0.201904181610/tools/bin/../lib/gcc/arm-none-eabi/7.3.1/thumb/v7e-m/fpv4-sp/hard/crtbegin.o
                0x000000002000000c                . = ALIGN (0x4)

.bss            0x000000002000000c     0x4fbc load address 0x00000000080077e4
                0x000000002000000c                _sbss = .
                0x000000002000000c                __bss_start__ = _sbss
 *(.bss)
 .bss           0x000000002000000c       0x1c c:/st/stm32cubeide_1.0.2/stm32cubeide/plugins/com.st.stm32cube.ide.mcu.externaltools.gnu-tools-for-stm32.7-2018-q2-update.win32_1.0.0.201904181610/tools/bin/../lib/gcc/arm-none-eabi/7.3.1/thumb/v7e-m/fpv4-sp/hard/crtbegin.o
 *(.bss*)
 .bss.usart_rx_dma_buffer
                0x0000000020000028      0x1f4 Core/Src/main.o
 .bss.usart_tx_dma_current_len
                0x000000002000021c        0x4 Core/Src/main.o
                0x000000002000021c                usart_tx_dma_current_len
 .bss.old_pos.13775
                0x0000000020000220        0x4 Core/Src/main.o
 .bss.KernelState
                0x0000000020000224        0x4 Middlewares/Third_Party/FreeRTOS/Source/CMSIS_RTOS_V2/cmsis_os2.o
 .bss.Idle_TCB  0x0000000020000228       0x5c Middlewares/Third_Party/FreeRTOS/Source/CMSIS_RTOS_V2/cmsis_os2.o
 .bss.Idle_Stack
                0x0000000020000284      0x200 Middlewares/Third_Party/FreeRTOS/Source/CMSIS_RTOS_V2/cmsis_os2.o
 .bss.Timer_TCB
                0x0000000020000484       0x5c Middlewares/Third_Party/FreeRTOS/Source/CMSIS_RTOS_V2/cmsis_os2.o
 .bss.Timer_Stack
                0x00000000200004e0      0x400 Middlewares/Third_Party/FreeRTOS/Source/CMSIS_RTOS_V2/cmsis_os2.o
 .bss.pxCurrentTCB
                0x00000000200008e0        0x4 Middlewares/Third_Party/FreeRTOS/Source/tasks.o
                0x00000000200008e0                pxCurrentTCB
 .bss.pxReadyTasksLists
                0x00000000200008e4      0x460 Middlewares/Third_Party/FreeRTOS/Source/tasks.o
 .bss.xDelayedTaskList1
                0x0000000020000d44       0x14 Middlewares/Third_Party/FreeRTOS/Source/tasks.o
 .bss.xDelayedTaskList2
                0x0000000020000d58       0x14 Middlewares/Third_Party/FreeRTOS/Source/tasks.o
 .bss.pxDelayedTaskList
                0x0000000020000d6c        0x4 Middlewares/Third_Party/FreeRTOS/Source/tasks.o
 .bss.pxOverflowDelayedTaskList
                0x0000000020000d70        0x4 Middlewares/Third_Party/FreeRTOS/Source/tasks.o
 .bss.xPendingReadyList
                0x0000000020000d74       0x14 Middlewares/Third_Party/FreeRTOS/Source/tasks.o
 .bss.xTasksWaitingTermination
                0x0000000020000d88       0x14 Middlewares/Third_Party/FreeRTOS/Source/tasks.o
 .bss.uxDeletedTasksWaitingCleanUp
                0x0000000020000d9c        0x4 Middlewares/Third_Party/FreeRTOS/Source/tasks.o
 .bss.xSuspendedTaskList
                0x0000000020000da0       0x14 Middlewares/Third_Party/FreeRTOS/Source/tasks.o
 .bss.uxCurrentNumberOfTasks
                0x0000000020000db4        0x4 Middlewares/Third_Party/FreeRTOS/Source/tasks.o
 .bss.xTickCount
                0x0000000020000db8        0x4 Middlewares/Third_Party/FreeRTOS/Source/tasks.o
 .bss.uxTopReadyPriority
                0x0000000020000dbc        0x4 Middlewares/Third_Party/FreeRTOS/Source/tasks.o
 .bss.xSchedulerRunning
                0x0000000020000dc0        0x4 Middlewares/Third_Party/FreeRTOS/Source/tasks.o
 .bss.uxPendedTicks
                0x0000000020000dc4        0x4 Middlewares/Third_Party/FreeRTOS/Source/tasks.o
 .bss.xYieldPending
                0x0000000020000dc8        0x4 Middlewares/Third_Party/FreeRTOS/Source/tasks.o
 .bss.xNumOfOverflows
                0x0000000020000dcc        0x4 Middlewares/Third_Party/FreeRTOS/Source/tasks.o
 .bss.uxTaskNumber
                0x0000000020000dd0        0x4 Middlewares/Third_Party/FreeRTOS/Source/tasks.o
 .bss.xNextTaskUnblockTime
                0x0000000020000dd4        0x4 Middlewares/Third_Party/FreeRTOS/Source/tasks.o
 .bss.xIdleTaskHandle
                0x0000000020000dd8        0x4 Middlewares/Third_Party/FreeRTOS/Source/tasks.o
 .bss.uxSchedulerSuspended
                0x0000000020000ddc        0x4 Middlewares/Third_Party/FreeRTOS/Source/tasks.o
 .bss.xActiveTimerList1
                0x0000000020000de0       0x14 Middlewares/Third_Party/FreeRTOS/Source/timers.o
 .bss.xActiveTimerList2
                0x0000000020000df4       0x14 Middlewares/Third_Party/FreeRTOS/Source/timers.o
 .bss.pxCurrentTimerList
                0x0000000020000e08        0x4 Middlewares/Third_Party/FreeRTOS/Source/timers.o
 .bss.pxOverflowTimerList
                0x0000000020000e0c        0x4 Middlewares/Third_Party/FreeRTOS/Source/timers.o
 .bss.xTimerQueue
                0x0000000020000e10        0x4 Middlewares/Third_Party/FreeRTOS/Source/timers.o
 .bss.xTimerTaskHandle
                0x0000000020000e14        0x4 Middlewares/Third_Party/FreeRTOS/Source/timers.o
 .bss.xLastTime.6727
                0x0000000020000e18        0x4 Middlewares/Third_Party/FreeRTOS/Source/timers.o
 .bss.ucStaticTimerQueueStorage.6778
                0x0000000020000e1c       0xa0 Middlewares/Third_Party/FreeRTOS/Source/timers.o
 .bss.xStaticTimerQueue.6777
                0x0000000020000ebc       0x50 Middlewares/Third_Party/FreeRTOS/Source/timers.o
 .bss.ucMaxSysCallPriority
                0x0000000020000f0c        0x1 Middlewares/Third_Party/FreeRTOS/Source/portable/GCC/ARM_CM7/r0p1/port.o
 *fill*         0x0000000020000f0d        0x3 
 .bss.ulMaxPRIGROUPValue
                0x0000000020000f10        0x4 Middlewares/Third_Party/FreeRTOS/Source/portable/GCC/ARM_CM7/r0p1/port.o
 .bss.ucHeap    0x0000000020000f14     0x3c00 Middlewares/Third_Party/FreeRTOS/Source/portable/MemMang/heap_4.o
 .bss.xStart    0x0000000020004b14        0x8 Middlewares/Third_Party/FreeRTOS/Source/portable/MemMang/heap_4.o
 .bss.pxEnd     0x0000000020004b1c        0x4 Middlewares/Third_Party/FreeRTOS/Source/portable/MemMang/heap_4.o
 .bss.xFreeBytesRemaining
                0x0000000020004b20        0x4 Middlewares/Third_Party/FreeRTOS/Source/portable/MemMang/heap_4.o
 .bss.xMinimumEverFreeBytesRemaining
                0x0000000020004b24        0x4 Middlewares/Third_Party/FreeRTOS/Source/portable/MemMang/heap_4.o
 .bss.xBlockAllocatedBit
                0x0000000020004b28        0x4 Middlewares/Third_Party/FreeRTOS/Source/portable/MemMang/heap_4.o
 *(COMMON)
 COMMON         0x0000000020004b2c       0x10 Core/Src/freertos.o
                0x0000000020004b2c                b
                0x0000000020004b30                defaultTaskHandle
                0x0000000020004b34                usart_rx_dma_queue_idHandle
                0x0000000020004b38                myTask02Handle
 COMMON         0x0000000020004b3c      0x408 Core/Src/main.o
                0x0000000020004b3c                usart_tx_dma_ringbuff
                0x0000000020004b4c                usart_tx_dma_ringbuff_data
                0x0000000020004d40                usart_rx_dma_ringbuff
                0x0000000020004d50                usart_rx_dma_ringbuff_data
 COMMON         0x0000000020004f44       0x40 Core/Src/stm32f7xx_hal_timebase_tim.o
                0x0000000020004f44                htim6
 COMMON         0x0000000020004f84        0x4 Drivers/STM32F7xx_HAL_Driver/Src/stm32f7xx_hal.o
                0x0000000020004f84                uwTick
 COMMON         0x0000000020004f88       0x40 Middlewares/Third_Party/FreeRTOS/Source/queue.o
                0x0000000020004f88                xQueueRegistry
                0x0000000020004fc8                . = ALIGN (0x4)
                0x0000000020004fc8                _ebss = .
                0x0000000020004fc8                __bss_end__ = _ebss

._user_heap_stack
                0x0000000020004fc8     0x2500 load address 0x00000000080077e4
                0x0000000020004fc8                . = ALIGN (0x8)
                0x0000000020004fc8                PROVIDE (end = .)
                [!provide]                        PROVIDE (_end = .)
                0x0000000020005fc8                . = (. + _Min_Heap_Size)
 *fill*         0x0000000020004fc8     0x1000 
                0x00000000200074c8                . = (. + _Min_Stack_Size)
 *fill*         0x0000000020005fc8     0x1500 
                0x00000000200074c8                . = ALIGN (0x8)

/DISCARD/
 libc.a(*)
 libm.a(*)
 libgcc.a(*)

.ARM.attributes
                0x0000000000000000       0x30
 *(.ARM.attributes)
 .ARM.attributes
                0x0000000000000000       0x22 c:/st/stm32cubeide_1.0.2/stm32cubeide/plugins/com.st.stm32cube.ide.mcu.externaltools.gnu-tools-for-stm32.7-2018-q2-update.win32_1.0.0.201904181610/tools/bin/../lib/gcc/arm-none-eabi/7.3.1/thumb/v7e-m/fpv4-sp/hard/crti.o
 .ARM.attributes
                0x0000000000000022       0x34 c:/st/stm32cubeide_1.0.2/stm32cubeide/plugins/com.st.stm32cube.ide.mcu.externaltools.gnu-tools-for-stm32.7-2018-q2-update.win32_1.0.0.201904181610/tools/bin/../lib/gcc/arm-none-eabi/7.3.1/thumb/v7e-m/fpv4-sp/hard/crtbegin.o
 .ARM.attributes
                0x0000000000000056       0x39 Core/Src/dma.o
 .ARM.attributes
                0x000000000000008f       0x39 Core/Src/freertos.o
 .ARM.attributes
                0x00000000000000c8       0x39 Core/Src/gpio.o
 .ARM.attributes
                0x0000000000000101       0x39 Core/Src/main.o
 .ARM.attributes
                0x000000000000013a       0x39 Core/Src/ringbuff.o
 .ARM.attributes
                0x0000000000000173       0x39 Core/Src/stm32f7xx_hal_msp.o
 .ARM.attributes
                0x00000000000001ac       0x39 Core/Src/stm32f7xx_hal_timebase_tim.o
 .ARM.attributes
                0x00000000000001e5       0x39 Core/Src/stm32f7xx_it.o
 .ARM.attributes
                0x000000000000021e       0x39 Core/Src/system_stm32f7xx.o
 .ARM.attributes
                0x0000000000000257       0x39 Core/Src/usart.o
 .ARM.attributes
                0x0000000000000290       0x21 Core/Startup/startup_stm32f746zgtx.o
 .ARM.attributes
                0x00000000000002b1       0x39 Drivers/STM32F7xx_HAL_Driver/Src/stm32f7xx_hal.o
 .ARM.attributes
                0x00000000000002ea       0x39 Drivers/STM32F7xx_HAL_Driver/Src/stm32f7xx_hal_cortex.o
 .ARM.attributes
                0x0000000000000323       0x39 Drivers/STM32F7xx_HAL_Driver/Src/stm32f7xx_hal_gpio.o
 .ARM.attributes
                0x000000000000035c       0x39 Drivers/STM32F7xx_HAL_Driver/Src/stm32f7xx_hal_pwr.o
 .ARM.attributes
                0x0000000000000395       0x39 Drivers/STM32F7xx_HAL_Driver/Src/stm32f7xx_hal_rcc.o
 .ARM.attributes
                0x00000000000003ce       0x39 Drivers/STM32F7xx_HAL_Driver/Src/stm32f7xx_hal_rcc_ex.o
 .ARM.attributes
                0x0000000000000407       0x39 Drivers/STM32F7xx_HAL_Driver/Src/stm32f7xx_hal_tim.o
 .ARM.attributes
                0x0000000000000440       0x39 Drivers/STM32F7xx_HAL_Driver/Src/stm32f7xx_hal_tim_ex.o
 .ARM.attributes
                0x0000000000000479       0x39 Drivers/STM32F7xx_HAL_Driver/Src/stm32f7xx_ll_gpio.o
 .ARM.attributes
                0x00000000000004b2       0x39 Drivers/STM32F7xx_HAL_Driver/Src/stm32f7xx_ll_rcc.o
 .ARM.attributes
                0x00000000000004eb       0x39 Drivers/STM32F7xx_HAL_Driver/Src/stm32f7xx_ll_usart.o
 .ARM.attributes
                0x0000000000000524       0x39 Middlewares/Third_Party/FreeRTOS/Source/CMSIS_RTOS_V2/cmsis_os2.o
 .ARM.attributes
                0x000000000000055d       0x39 Middlewares/Third_Party/FreeRTOS/Source/list.o
 .ARM.attributes
                0x0000000000000596       0x39 Middlewares/Third_Party/FreeRTOS/Source/queue.o
 .ARM.attributes
                0x00000000000005cf       0x39 Middlewares/Third_Party/FreeRTOS/Source/tasks.o
 .ARM.attributes
                0x0000000000000608       0x39 Middlewares/Third_Party/FreeRTOS/Source/timers.o
 .ARM.attributes
                0x0000000000000641       0x39 Middlewares/Third_Party/FreeRTOS/Source/portable/GCC/ARM_CM7/r0p1/port.o
 .ARM.attributes
                0x000000000000067a       0x39 Middlewares/Third_Party/FreeRTOS/Source/portable/MemMang/heap_4.o
 .ARM.attributes
                0x00000000000006b3       0x34 c:/st/stm32cubeide_1.0.2/stm32cubeide/plugins/com.st.stm32cube.ide.mcu.externaltools.gnu-tools-for-stm32.7-2018-q2-update.win32_1.0.0.201904181610/tools/bin/../lib/gcc/arm-none-eabi/7.3.1/../../../../arm-none-eabi/lib/thumb/v7e-m/fpv4-sp/hard\libc_nano.a(lib_a-init.o)
 .ARM.attributes
                0x00000000000006e7       0x34 c:/st/stm32cubeide_1.0.2/stm32cubeide/plugins/com.st.stm32cube.ide.mcu.externaltools.gnu-tools-for-stm32.7-2018-q2-update.win32_1.0.0.201904181610/tools/bin/../lib/gcc/arm-none-eabi/7.3.1/../../../../arm-none-eabi/lib/thumb/v7e-m/fpv4-sp/hard\libc_nano.a(lib_a-memcpy-stub.o)
 .ARM.attributes
                0x000000000000071b       0x34 c:/st/stm32cubeide_1.0.2/stm32cubeide/plugins/com.st.stm32cube.ide.mcu.externaltools.gnu-tools-for-stm32.7-2018-q2-update.win32_1.0.0.201904181610/tools/bin/../lib/gcc/arm-none-eabi/7.3.1/../../../../arm-none-eabi/lib/thumb/v7e-m/fpv4-sp/hard\libc_nano.a(lib_a-memset.o)
 .ARM.attributes
                0x000000000000074f       0x1b c:/st/stm32cubeide_1.0.2/stm32cubeide/plugins/com.st.stm32cube.ide.mcu.externaltools.gnu-tools-for-stm32.7-2018-q2-update.win32_1.0.0.201904181610/tools/bin/../lib/gcc/arm-none-eabi/7.3.1/../../../../arm-none-eabi/lib/thumb/v7e-m/fpv4-sp/hard\libc_nano.a(lib_a-strlen.o)
 .ARM.attributes
                0x000000000000076a       0x22 c:/st/stm32cubeide_1.0.2/stm32cubeide/plugins/com.st.stm32cube.ide.mcu.externaltools.gnu-tools-for-stm32.7-2018-q2-update.win32_1.0.0.201904181610/tools/bin/../lib/gcc/arm-none-eabi/7.3.1/thumb/v7e-m/fpv4-sp/hard\libgcc.a(_aeabi_uldivmod.o)
 .ARM.attributes
                0x000000000000078c       0x34 c:/st/stm32cubeide_1.0.2/stm32cubeide/plugins/com.st.stm32cube.ide.mcu.externaltools.gnu-tools-for-stm32.7-2018-q2-update.win32_1.0.0.201904181610/tools/bin/../lib/gcc/arm-none-eabi/7.3.1/thumb/v7e-m/fpv4-sp/hard\libgcc.a(_udivmoddi4.o)
 .ARM.attributes
                0x00000000000007c0       0x22 c:/st/stm32cubeide_1.0.2/stm32cubeide/plugins/com.st.stm32cube.ide.mcu.externaltools.gnu-tools-for-stm32.7-2018-q2-update.win32_1.0.0.201904181610/tools/bin/../lib/gcc/arm-none-eabi/7.3.1/thumb/v7e-m/fpv4-sp/hard\libgcc.a(_dvmd_tls.o)
 .ARM.attributes
                0x00000000000007e2       0x22 c:/st/stm32cubeide_1.0.2/stm32cubeide/plugins/com.st.stm32cube.ide.mcu.externaltools.gnu-tools-for-stm32.7-2018-q2-update.win32_1.0.0.201904181610/tools/bin/../lib/gcc/arm-none-eabi/7.3.1/thumb/v7e-m/fpv4-sp/hard/crtn.o
OUTPUT(F7_UART.elf elf32-littlearm)

.debug_info     0x0000000000000000    0x1d5ff
 .debug_info    0x0000000000000000      0xba6 Core/Src/dma.o
 .debug_info    0x0000000000000ba6      0xec1 Core/Src/freertos.o
 .debug_info    0x0000000000001a67      0x55e Core/Src/gpio.o
 .debug_info    0x0000000000001fc5     0x2164 Core/Src/main.o
 .debug_info    0x0000000000004129      0xd16 Core/Src/ringbuff.o
 .debug_info    0x0000000000004e3f      0x644 Core/Src/stm32f7xx_hal_msp.o
 .debug_info    0x0000000000005483      0xbe7 Core/Src/stm32f7xx_hal_timebase_tim.o
 .debug_info    0x000000000000606a      0x76d Core/Src/stm32f7xx_it.o
 .debug_info    0x00000000000067d7      0x73d Core/Src/system_stm32f7xx.o
 .debug_info    0x0000000000006f14     0x11a9 Core/Src/usart.o
 .debug_info    0x00000000000080bd       0x22 Core/Startup/startup_stm32f746zgtx.o
 .debug_info    0x00000000000080df      0x9c4 Drivers/STM32F7xx_HAL_Driver/Src/stm32f7xx_hal.o
 .debug_info    0x0000000000008aa3     0x104a Drivers/STM32F7xx_HAL_Driver/Src/stm32f7xx_hal_cortex.o
 .debug_info    0x0000000000009aed      0x7dc Drivers/STM32F7xx_HAL_Driver/Src/stm32f7xx_hal_gpio.o
 .debug_info    0x000000000000a2c9      0x9b4 Drivers/STM32F7xx_HAL_Driver/Src/stm32f7xx_hal_pwr.o
 .debug_info    0x000000000000ac7d      0x926 Drivers/STM32F7xx_HAL_Driver/Src/stm32f7xx_hal_rcc.o
 .debug_info    0x000000000000b5a3      0x7ad Drivers/STM32F7xx_HAL_Driver/Src/stm32f7xx_hal_rcc_ex.o
 .debug_info    0x000000000000bd50     0x25a0 Drivers/STM32F7xx_HAL_Driver/Src/stm32f7xx_hal_tim.o
 .debug_info    0x000000000000e2f0     0x121c Drivers/STM32F7xx_HAL_Driver/Src/stm32f7xx_hal_tim_ex.o
 .debug_info    0x000000000000f50c      0x942 Drivers/STM32F7xx_HAL_Driver/Src/stm32f7xx_ll_gpio.o
 .debug_info    0x000000000000fe4e      0xd84 Drivers/STM32F7xx_HAL_Driver/Src/stm32f7xx_ll_rcc.o
 .debug_info    0x0000000000010bd2      0x7e0 Drivers/STM32F7xx_HAL_Driver/Src/stm32f7xx_ll_usart.o
 .debug_info    0x00000000000113b2     0x4062 Middlewares/Third_Party/FreeRTOS/Source/CMSIS_RTOS_V2/cmsis_os2.o
 .debug_info    0x0000000000015414      0xac5 Middlewares/Third_Party/FreeRTOS/Source/list.o
 .debug_info    0x0000000000015ed9     0x22e8 Middlewares/Third_Party/FreeRTOS/Source/queue.o
 .debug_info    0x00000000000181c1     0x294f Middlewares/Third_Party/FreeRTOS/Source/tasks.o
 .debug_info    0x000000000001ab10     0x1a21 Middlewares/Third_Party/FreeRTOS/Source/timers.o
 .debug_info    0x000000000001c531      0x4e4 Middlewares/Third_Party/FreeRTOS/Source/portable/GCC/ARM_CM7/r0p1/port.o
 .debug_info    0x000000000001ca15      0xbea Middlewares/Third_Party/FreeRTOS/Source/portable/MemMang/heap_4.o

.debug_abbrev   0x0000000000000000     0x3c12
 .debug_abbrev  0x0000000000000000      0x1a5 Core/Src/dma.o
 .debug_abbrev  0x00000000000001a5      0x21d Core/Src/freertos.o
 .debug_abbrev  0x00000000000003c2      0x134 Core/Src/gpio.o
 .debug_abbrev  0x00000000000004f6      0x3c8 Core/Src/main.o
 .debug_abbrev  0x00000000000008be      0x286 Core/Src/ringbuff.o
 .debug_abbrev  0x0000000000000b44      0x112 Core/Src/stm32f7xx_hal_msp.o
 .debug_abbrev  0x0000000000000c56      0x19d Core/Src/stm32f7xx_hal_timebase_tim.o
 .debug_abbrev  0x0000000000000df3      0x169 Core/Src/stm32f7xx_it.o
 .debug_abbrev  0x0000000000000f5c      0x147 Core/Src/system_stm32f7xx.o
 .debug_abbrev  0x00000000000010a3      0x1d0 Core/Src/usart.o
 .debug_abbrev  0x0000000000001273       0x12 Core/Startup/startup_stm32f746zgtx.o
 .debug_abbrev  0x0000000000001285      0x1c7 Drivers/STM32F7xx_HAL_Driver/Src/stm32f7xx_hal.o
 .debug_abbrev  0x000000000000144c      0x2fa Drivers/STM32F7xx_HAL_Driver/Src/stm32f7xx_hal_cortex.o
 .debug_abbrev  0x0000000000001746      0x1c9 Drivers/STM32F7xx_HAL_Driver/Src/stm32f7xx_hal_gpio.o
 .debug_abbrev  0x000000000000190f      0x1b6 Drivers/STM32F7xx_HAL_Driver/Src/stm32f7xx_hal_pwr.o
 .debug_abbrev  0x0000000000001ac5      0x21a Drivers/STM32F7xx_HAL_Driver/Src/stm32f7xx_hal_rcc.o
 .debug_abbrev  0x0000000000001cdf      0x1ad Drivers/STM32F7xx_HAL_Driver/Src/stm32f7xx_hal_rcc_ex.o
 .debug_abbrev  0x0000000000001e8c      0x230 Drivers/STM32F7xx_HAL_Driver/Src/stm32f7xx_hal_tim.o
 .debug_abbrev  0x00000000000020bc      0x21e Drivers/STM32F7xx_HAL_Driver/Src/stm32f7xx_hal_tim_ex.o
 .debug_abbrev  0x00000000000022da      0x212 Drivers/STM32F7xx_HAL_Driver/Src/stm32f7xx_ll_gpio.o
 .debug_abbrev  0x00000000000024ec      0x1d2 Drivers/STM32F7xx_HAL_Driver/Src/stm32f7xx_ll_rcc.o
 .debug_abbrev  0x00000000000026be      0x1b1 Drivers/STM32F7xx_HAL_Driver/Src/stm32f7xx_ll_usart.o
 .debug_abbrev  0x000000000000286f      0x3a0 Middlewares/Third_Party/FreeRTOS/Source/CMSIS_RTOS_V2/cmsis_os2.o
 .debug_abbrev  0x0000000000002c0f      0x1cf Middlewares/Third_Party/FreeRTOS/Source/list.o
 .debug_abbrev  0x0000000000002dde      0x354 Middlewares/Third_Party/FreeRTOS/Source/queue.o
 .debug_abbrev  0x0000000000003132      0x350 Middlewares/Third_Party/FreeRTOS/Source/tasks.o
 .debug_abbrev  0x0000000000003482      0x2d7 Middlewares/Third_Party/FreeRTOS/Source/timers.o
 .debug_abbrev  0x0000000000003759      0x21b Middlewares/Third_Party/FreeRTOS/Source/portable/GCC/ARM_CM7/r0p1/port.o
 .debug_abbrev  0x0000000000003974      0x29e Middlewares/Third_Party/FreeRTOS/Source/portable/MemMang/heap_4.o

.debug_aranges  0x0000000000000000     0x17c8
 .debug_aranges
                0x0000000000000000       0x40 Core/Src/dma.o
 .debug_aranges
                0x0000000000000040       0x30 Core/Src/freertos.o
 .debug_aranges
                0x0000000000000070       0x20 Core/Src/gpio.o
 .debug_aranges
                0x0000000000000090      0x170 Core/Src/main.o
 .debug_aranges
                0x0000000000000200       0x88 Core/Src/ringbuff.o
 .debug_aranges
                0x0000000000000288       0x20 Core/Src/stm32f7xx_hal_msp.o
 .debug_aranges
                0x00000000000002a8       0x30 Core/Src/stm32f7xx_hal_timebase_tim.o
 .debug_aranges
                0x00000000000002d8       0x70 Core/Src/stm32f7xx_it.o
 .debug_aranges
                0x0000000000000348       0x28 Core/Src/system_stm32f7xx.o
 .debug_aranges
                0x0000000000000370       0xb0 Core/Src/usart.o
 .debug_aranges
                0x0000000000000420       0x28 Core/Startup/startup_stm32f746zgtx.o
 .debug_aranges
                0x0000000000000448      0x100 Drivers/STM32F7xx_HAL_Driver/Src/stm32f7xx_hal.o
 .debug_aranges
                0x0000000000000548      0x118 Drivers/STM32F7xx_HAL_Driver/Src/stm32f7xx_hal_cortex.o
 .debug_aranges
                0x0000000000000660       0x58 Drivers/STM32F7xx_HAL_Driver/Src/stm32f7xx_hal_gpio.o
 .debug_aranges
                0x00000000000006b8       0xa0 Drivers/STM32F7xx_HAL_Driver/Src/stm32f7xx_hal_pwr.o
 .debug_aranges
                0x0000000000000758       0x88 Drivers/STM32F7xx_HAL_Driver/Src/stm32f7xx_hal_rcc.o
 .debug_aranges
                0x00000000000007e0       0x50 Drivers/STM32F7xx_HAL_Driver/Src/stm32f7xx_hal_rcc_ex.o
 .debug_aranges
                0x0000000000000830      0x3b8 Drivers/STM32F7xx_HAL_Driver/Src/stm32f7xx_hal_tim.o
 .debug_aranges
                0x0000000000000be8      0x160 Drivers/STM32F7xx_HAL_Driver/Src/stm32f7xx_hal_tim_ex.o
 .debug_aranges
                0x0000000000000d48       0x70 Drivers/STM32F7xx_HAL_Driver/Src/stm32f7xx_ll_gpio.o
 .debug_aranges
                0x0000000000000db8      0x220 Drivers/STM32F7xx_HAL_Driver/Src/stm32f7xx_ll_rcc.o
 .debug_aranges
                0x0000000000000fd8       0x88 Drivers/STM32F7xx_HAL_Driver/Src/stm32f7xx_ll_usart.o
 .debug_aranges
                0x0000000000001060      0x228 Middlewares/Third_Party/FreeRTOS/Source/CMSIS_RTOS_V2/cmsis_os2.o
 .debug_aranges
                0x0000000000001288       0x40 Middlewares/Third_Party/FreeRTOS/Source/list.o
 .debug_aranges
                0x00000000000012c8      0x158 Middlewares/Third_Party/FreeRTOS/Source/queue.o
 .debug_aranges
                0x0000000000001420      0x1f8 Middlewares/Third_Party/FreeRTOS/Source/tasks.o
 .debug_aranges
                0x0000000000001618       0xe0 Middlewares/Third_Party/FreeRTOS/Source/timers.o
 .debug_aranges
                0x00000000000016f8       0x80 Middlewares/Third_Party/FreeRTOS/Source/portable/GCC/ARM_CM7/r0p1/port.o
 .debug_aranges
                0x0000000000001778       0x50 Middlewares/Third_Party/FreeRTOS/Source/portable/MemMang/heap_4.o

.debug_ranges   0x0000000000000000     0x1600
 .debug_ranges  0x0000000000000000       0x30 Core/Src/dma.o
 .debug_ranges  0x0000000000000030       0x20 Core/Src/freertos.o
 .debug_ranges  0x0000000000000050       0x10 Core/Src/gpio.o
 .debug_ranges  0x0000000000000060      0x160 Core/Src/main.o
 .debug_ranges  0x00000000000001c0       0x78 Core/Src/ringbuff.o
 .debug_ranges  0x0000000000000238       0x10 Core/Src/stm32f7xx_hal_msp.o
 .debug_ranges  0x0000000000000248       0x20 Core/Src/stm32f7xx_hal_timebase_tim.o
 .debug_ranges  0x0000000000000268       0x60 Core/Src/stm32f7xx_it.o
 .debug_ranges  0x00000000000002c8       0x18 Core/Src/system_stm32f7xx.o
 .debug_ranges  0x00000000000002e0       0xa0 Core/Src/usart.o
 .debug_ranges  0x0000000000000380       0x20 Core/Startup/startup_stm32f746zgtx.o
 .debug_ranges  0x00000000000003a0       0xf0 Drivers/STM32F7xx_HAL_Driver/Src/stm32f7xx_hal.o
 .debug_ranges  0x0000000000000490      0x108 Drivers/STM32F7xx_HAL_Driver/Src/stm32f7xx_hal_cortex.o
 .debug_ranges  0x0000000000000598       0x48 Drivers/STM32F7xx_HAL_Driver/Src/stm32f7xx_hal_gpio.o
 .debug_ranges  0x00000000000005e0       0x90 Drivers/STM32F7xx_HAL_Driver/Src/stm32f7xx_hal_pwr.o
 .debug_ranges  0x0000000000000670       0x78 Drivers/STM32F7xx_HAL_Driver/Src/stm32f7xx_hal_rcc.o
 .debug_ranges  0x00000000000006e8       0x40 Drivers/STM32F7xx_HAL_Driver/Src/stm32f7xx_hal_rcc_ex.o
 .debug_ranges  0x0000000000000728      0x3a8 Drivers/STM32F7xx_HAL_Driver/Src/stm32f7xx_hal_tim.o
 .debug_ranges  0x0000000000000ad0      0x150 Drivers/STM32F7xx_HAL_Driver/Src/stm32f7xx_hal_tim_ex.o
 .debug_ranges  0x0000000000000c20       0x60 Drivers/STM32F7xx_HAL_Driver/Src/stm32f7xx_ll_gpio.o
 .debug_ranges  0x0000000000000c80      0x210 Drivers/STM32F7xx_HAL_Driver/Src/stm32f7xx_ll_rcc.o
 .debug_ranges  0x0000000000000e90       0x78 Drivers/STM32F7xx_HAL_Driver/Src/stm32f7xx_ll_usart.o
 .debug_ranges  0x0000000000000f08      0x218 Middlewares/Third_Party/FreeRTOS/Source/CMSIS_RTOS_V2/cmsis_os2.o
 .debug_ranges  0x0000000000001120       0x30 Middlewares/Third_Party/FreeRTOS/Source/list.o
 .debug_ranges  0x0000000000001150      0x148 Middlewares/Third_Party/FreeRTOS/Source/queue.o
 .debug_ranges  0x0000000000001298      0x1e8 Middlewares/Third_Party/FreeRTOS/Source/tasks.o
 .debug_ranges  0x0000000000001480       0xd0 Middlewares/Third_Party/FreeRTOS/Source/timers.o
 .debug_ranges  0x0000000000001550       0x70 Middlewares/Third_Party/FreeRTOS/Source/portable/GCC/ARM_CM7/r0p1/port.o
 .debug_ranges  0x00000000000015c0       0x40 Middlewares/Third_Party/FreeRTOS/Source/portable/MemMang/heap_4.o

.debug_macro    0x0000000000000000    0x2a857
 .debug_macro   0x0000000000000000      0x242 Core/Src/dma.o
 .debug_macro   0x0000000000000242      0xa60 Core/Src/dma.o
 .debug_macro   0x0000000000000ca2      0x183 Core/Src/dma.o
 .debug_macro   0x0000000000000e25       0x2e Core/Src/dma.o
 .debug_macro   0x0000000000000e53       0x3b Core/Src/dma.o
 .debug_macro   0x0000000000000e8e       0x22 Core/Src/dma.o
 .debug_macro   0x0000000000000eb0       0x8e Core/Src/dma.o
 .debug_macro   0x0000000000000f3e       0x51 Core/Src/dma.o
 .debug_macro   0x0000000000000f8f       0xef Core/Src/dma.o
 .debug_macro   0x000000000000107e       0x6a Core/Src/dma.o
 .debug_macro   0x00000000000010e8      0x1df Core/Src/dma.o
 .debug_macro   0x00000000000012c7       0x1c Core/Src/dma.o
 .debug_macro   0x00000000000012e3       0x22 Core/Src/dma.o
 .debug_macro   0x0000000000001305       0xdf Core/Src/dma.o
 .debug_macro   0x00000000000013e4     0x12cd Core/Src/dma.o
 .debug_macro   0x00000000000026b1      0x11f Core/Src/dma.o
 .debug_macro   0x00000000000027d0       0x19 Core/Src/dma.o
 .debug_macro   0x00000000000027e9    0x1882d Core/Src/dma.o
 .debug_macro   0x000000000001b016       0x43 Core/Src/dma.o
 .debug_macro   0x000000000001b059     0x363d Core/Src/dma.o
 .debug_macro   0x000000000001e696      0x174 Core/Src/dma.o
 .debug_macro   0x000000000001e80a       0x61 Core/Src/dma.o
 .debug_macro   0x000000000001e86b     0x18ad Core/Src/dma.o
 .debug_macro   0x0000000000020118      0x6c4 Core/Src/dma.o
 .debug_macro   0x00000000000207dc      0x103 Core/Src/dma.o
 .debug_macro   0x00000000000208df      0x117 Core/Src/dma.o
 .debug_macro   0x00000000000209f6      0x1fe Core/Src/dma.o
 .debug_macro   0x0000000000020bf4       0x27 Core/Src/dma.o
 .debug_macro   0x0000000000020c1b      0x24f Core/Src/dma.o
 .debug_macro   0x0000000000020e6a       0x41 Core/Src/dma.o
 .debug_macro   0x0000000000020eab       0x58 Core/Src/dma.o
 .debug_macro   0x0000000000020f03      0x236 Core/Src/dma.o
 .debug_macro   0x0000000000021139      0x14f Core/Src/dma.o
 .debug_macro   0x0000000000021288      0x25b Core/Src/dma.o
 .debug_macro   0x00000000000214e3       0x12 Core/Src/dma.o
 .debug_macro   0x00000000000214f5      0x22c Core/Src/dma.o
 .debug_macro   0x0000000000021721       0x5a Core/Src/dma.o
 .debug_macro   0x000000000002177b       0xa5 Core/Src/dma.o
 .debug_macro   0x0000000000021820      0x12f Core/Src/dma.o
 .debug_macro   0x000000000002194f      0x108 Core/Src/dma.o
 .debug_macro   0x0000000000021a57       0x35 Core/Src/dma.o
 .debug_macro   0x0000000000021a8c      0x9e2 Core/Src/dma.o
 .debug_macro   0x000000000002246e       0x59 Core/Src/dma.o
 .debug_macro   0x00000000000224c7      0x14e Core/Src/dma.o
 .debug_macro   0x0000000000022615      0x2c6 Core/Src/dma.o
 .debug_macro   0x00000000000228db      0xb85 Core/Src/dma.o
 .debug_macro   0x0000000000023460      0x246 Core/Src/dma.o
 .debug_macro   0x00000000000236a6      0x1a7 Core/Src/dma.o
 .debug_macro   0x000000000002384d      0x221 Core/Src/dma.o
 .debug_macro   0x0000000000023a6e       0x61 Core/Src/dma.o
 .debug_macro   0x0000000000023acf      0x130 Core/Src/dma.o
 .debug_macro   0x0000000000023bff      0x149 Core/Src/dma.o
 .debug_macro   0x0000000000023d48      0x1e6 Core/Src/dma.o
 .debug_macro   0x0000000000023f2e       0xee Core/Src/dma.o
 .debug_macro   0x000000000002401c      0x130 Core/Src/dma.o
 .debug_macro   0x000000000002414c      0x392 Core/Src/freertos.o
 .debug_macro   0x00000000000244de      0x122 Core/Src/freertos.o
 .debug_macro   0x0000000000024600      0x15a Core/Src/freertos.o
 .debug_macro   0x000000000002475a       0xc2 Core/Src/freertos.o
 .debug_macro   0x000000000002481c       0x10 Core/Src/freertos.o
 .debug_macro   0x000000000002482c       0x1f Core/Src/freertos.o
 .debug_macro   0x000000000002484b      0x47f Core/Src/freertos.o
 .debug_macro   0x0000000000024cca       0xb5 Core/Src/freertos.o
 .debug_macro   0x0000000000024d7f       0x8c Core/Src/freertos.o
 .debug_macro   0x0000000000024e0b       0x5f Core/Src/freertos.o
 .debug_macro   0x0000000000024e6a       0x74 Core/Src/freertos.o
 .debug_macro   0x0000000000024ede       0xdd Core/Src/freertos.o
 .debug_macro   0x0000000000024fbb       0x46 Core/Src/freertos.o
 .debug_macro   0x0000000000025001       0x18 Core/Src/freertos.o
 .debug_macro   0x0000000000025019       0x3c Core/Src/freertos.o
 .debug_macro   0x0000000000025055       0x34 Core/Src/freertos.o
 .debug_macro   0x0000000000025089       0x52 Core/Src/freertos.o
 .debug_macro   0x00000000000250db       0x1f Core/Src/freertos.o
 .debug_macro   0x00000000000250fa       0x43 Core/Src/freertos.o
 .debug_macro   0x000000000002513d       0x20 Core/Src/freertos.o
 .debug_macro   0x000000000002515d      0x1a3 Core/Src/freertos.o
 .debug_macro   0x0000000000025300      0x32a Core/Src/freertos.o
 .debug_macro   0x000000000002562a       0x10 Core/Src/freertos.o
 .debug_macro   0x000000000002563a       0x35 Core/Src/freertos.o
 .debug_macro   0x000000000002566f       0x20 Core/Src/freertos.o
 .debug_macro   0x000000000002568f       0x10 Core/Src/freertos.o
 .debug_macro   0x000000000002569f      0x242 Core/Src/gpio.o
 .debug_macro   0x00000000000258e1      0x4de Core/Src/main.o
 .debug_macro   0x0000000000025dbf      0x122 Core/Src/main.o
 .debug_macro   0x0000000000025ee1       0x1c Core/Src/main.o
 .debug_macro   0x0000000000025efd       0x10 Core/Src/main.o
 .debug_macro   0x0000000000025f0d       0x10 Core/Src/main.o
 .debug_macro   0x0000000000025f1d       0x1c Core/Src/main.o
 .debug_macro   0x0000000000025f39       0x52 Core/Src/main.o
 .debug_macro   0x0000000000025f8b       0x40 Core/Src/main.o
 .debug_macro   0x0000000000025fcb       0x10 Core/Src/main.o
 .debug_macro   0x0000000000025fdb       0x40 Core/Src/main.o
 .debug_macro   0x000000000002601b       0xd7 Core/Src/main.o
 .debug_macro   0x00000000000260f2       0x1c Core/Src/main.o
 .debug_macro   0x000000000002610e       0x3d Core/Src/main.o
 .debug_macro   0x000000000002614b       0x16 Core/Src/main.o
 .debug_macro   0x0000000000026161      0x145 Core/Src/main.o
 .debug_macro   0x00000000000262a6       0x22 Core/Src/main.o
 .debug_macro   0x00000000000262c8       0x10 Core/Src/main.o
 .debug_macro   0x00000000000262d8      0x241 Core/Src/main.o
 .debug_macro   0x0000000000026519       0x16 Core/Src/main.o
 .debug_macro   0x000000000002652f       0x10 Core/Src/main.o
 .debug_macro   0x000000000002653f       0x41 Core/Src/main.o
 .debug_macro   0x0000000000026580      0x1e1 Core/Src/main.o
 .debug_macro   0x0000000000026761      0x156 Core/Src/ringbuff.o
 .debug_macro   0x00000000000268b7      0x238 Core/Src/stm32f7xx_hal_msp.o
 .debug_macro   0x0000000000026aef      0x1cf Core/Src/stm32f7xx_hal_timebase_tim.o
 .debug_macro   0x0000000000026cbe      0x2aa Core/Src/stm32f7xx_it.o
 .debug_macro   0x0000000000026f68      0x1d5 Core/Src/system_stm32f7xx.o
 .debug_macro   0x000000000002713d      0x242 Core/Src/usart.o
 .debug_macro   0x000000000002737f      0x1f3 Drivers/STM32F7xx_HAL_Driver/Src/stm32f7xx_hal.o
 .debug_macro   0x0000000000027572      0x1cf Drivers/STM32F7xx_HAL_Driver/Src/stm32f7xx_hal_cortex.o
 .debug_macro   0x0000000000027741      0x205 Drivers/STM32F7xx_HAL_Driver/Src/stm32f7xx_hal_gpio.o
 .debug_macro   0x0000000000027946      0x1ed Drivers/STM32F7xx_HAL_Driver/Src/stm32f7xx_hal_pwr.o
 .debug_macro   0x0000000000027b33      0x1f3 Drivers/STM32F7xx_HAL_Driver/Src/stm32f7xx_hal_rcc.o
 .debug_macro   0x0000000000027d26      0x1cf Drivers/STM32F7xx_HAL_Driver/Src/stm32f7xx_hal_rcc_ex.o
 .debug_macro   0x0000000000027ef5      0x1d0 Drivers/STM32F7xx_HAL_Driver/Src/stm32f7xx_hal_tim.o
 .debug_macro   0x00000000000280c5      0x1cf Drivers/STM32F7xx_HAL_Driver/Src/stm32f7xx_hal_tim_ex.o
 .debug_macro   0x0000000000028294      0x211 Drivers/STM32F7xx_HAL_Driver/Src/stm32f7xx_ll_gpio.o
 .debug_macro   0x00000000000284a5      0x143 Drivers/STM32F7xx_HAL_Driver/Src/stm32f7xx_ll_gpio.o
 .debug_macro   0x00000000000285e8      0x22c Drivers/STM32F7xx_HAL_Driver/Src/stm32f7xx_ll_rcc.o
 .debug_macro   0x0000000000028814      0xb7f Drivers/STM32F7xx_HAL_Driver/Src/stm32f7xx_ll_rcc.o