stm32f7xx_ll_usart.h:2462:26:LL_USART_IsActiveFlag_IDLE	16	static
stm32f7xx_ll_usart.h:2484:26:LL_USART_IsActiveFlag_TC	16	static
stm32f7xx_ll_usart.h:2495:26:LL_USART_IsActiveFlag_TXE	16	static
stm32f7xx_ll_usart.h:2708:22:LL_USART_ClearFlag_IDLE	16	static
stm32f7xx_ll_usart.h:2813:22:LL_USART_EnableIT_IDLE	16	static
stm32f7xx_ll_usart.h:3107:26:LL_USART_IsEnabledIT_IDLE	16	static
stm32f7xx_ll_usart.h:3258:22:LL_USART_EnableDMAReq_RX	16	static
stm32f7xx_ll_usart.h:3416:22:LL_USART_TransmitData8	16	static
stm32f7xx_ll_dma.h:498:22:LL_DMA_EnableStream	16	static
stm32f7xx_ll_dma.h:972:22:LL_DMA_SetDataLength	24	static
stm32f7xx_ll_dma.h:994:26:LL_DMA_GetDataLength	16	static
stm32f7xx_ll_dma.h:1460:22:LL_DMA_SetMemoryAddress	24	static
stm32f7xx_ll_dma.h:1483:22:LL_DMA_SetPeriphAddress	24	static
stm32f7xx_ll_dma.h:1728:26:LL_DMA_IsActiveFlag_HT5	16	static
stm32f7xx_ll_dma.h:1816:26:LL_DMA_IsActiveFlag_TC5	16	static
stm32f7xx_ll_dma.h:2168:22:LL_DMA_ClearFlag_HT5	16	static
stm32f7xx_ll_dma.h:2256:22:LL_DMA_ClearFlag_TC5	16	static
stm32f7xx_ll_dma.h:2570:22:LL_DMA_EnableIT_HT	16	static
stm32f7xx_ll_dma.h:2610:22:LL_DMA_EnableIT_TC	16	static
stm32f7xx_ll_dma.h:2770:26:LL_DMA_IsEnabledIT_HT	16	static
stm32f7xx_ll_dma.h:2810:26:LL_DMA_IsEnabledIT_TC	16	static
main.c:74:5:main	8	static
main.c:141:6:SystemClock_Config	216	static
main.c:191:6:DMA1_Stream5_IRQHandlerX	16	static
main.c:209:6:USART2_IRQHandlerX	16	static
main.c:220:6:usart_send_string	16	static
main.c:224:6:usart_process_data	24	static
main.c:241:6:usart_rx_check	16	static
main.c:270:6:usart_rx_dma_thread	24	static
main.c:298:6:HAL_TIM_PeriodElapsedCallback	16	static
main.c:315:6:Error_Handler	4	static
