stm32f7xx_ll_usart.h:2462:26:LL_USART_IsActiveFlag_IDLE	16	static
stm32f7xx_ll_usart.h:2484:26:LL_USART_IsActiveFlag_TC	16	static
stm32f7xx_ll_usart.h:2495:26:LL_USART_IsActiveFlag_TXE	16	static
stm32f7xx_ll_usart.h:2708:22:LL_USART_ClearFlag_IDLE	16	static
stm32f7xx_ll_usart.h:2813:22:LL_USART_EnableIT_IDLE	16	static
stm32f7xx_ll_usart.h:3107:26:LL_USART_IsEnabledIT_IDLE	16	static
stm32f7xx_ll_usart.h:3258:22:LL_USART_EnableDMAReq_RX	16	static
stm32f7xx_ll_usart.h:3291:22:LL_USART_EnableDMAReq_TX	16	static
stm32f7xx_ll_usart.h:3416:22:LL_USART_TransmitData8	16	static
stm32f7xx_ll_dma.h:498:22:LL_DMA_EnableStream	16	static
stm32f7xx_ll_dma.h:518:22:LL_DMA_DisableStream	16	static
stm32f7xx_ll_dma.h:972:22:LL_DMA_SetDataLength	24	static
stm32f7xx_ll_dma.h:994:26:LL_DMA_GetDataLength	16	static
stm32f7xx_ll_dma.h:1460:22:LL_DMA_SetMemoryAddress	24	static
stm32f7xx_ll_dma.h:1483:22:LL_DMA_SetPeriphAddress	24	static
stm32f7xx_ll_dma.h:1728:26:LL_DMA_IsActiveFlag_HT5	16	static
stm32f7xx_ll_dma.h:1805:26:LL_DMA_IsActiveFlag_TC4	16	static
stm32f7xx_ll_dma.h:1816:26:LL_DMA_IsActiveFlag_TC5	16	static
stm32f7xx_ll_dma.h:2157:22:LL_DMA_ClearFlag_HT4	16	static
stm32f7xx_ll_dma.h:2168:22:LL_DMA_ClearFlag_HT5	16	static
stm32f7xx_ll_dma.h:2245:22:LL_DMA_ClearFlag_TC4	16	static
stm32f7xx_ll_dma.h:2256:22:LL_DMA_ClearFlag_TC5	16	static
stm32f7xx_ll_dma.h:2333:22:LL_DMA_ClearFlag_TE4	16	static
stm32f7xx_ll_dma.h:2421:22:LL_DMA_ClearFlag_DME4	16	static
stm32f7xx_ll_dma.h:2509:22:LL_DMA_ClearFlag_FE4	16	static
stm32f7xx_ll_dma.h:2570:22:LL_DMA_EnableIT_HT	16	static
stm32f7xx_ll_dma.h:2610:22:LL_DMA_EnableIT_TC	16	static
stm32f7xx_ll_dma.h:2770:26:LL_DMA_IsEnabledIT_HT	16	static
stm32f7xx_ll_dma.h:2810:26:LL_DMA_IsEnabledIT_TC	16	static
main.c:91:5:main	8	static
main.c:169:6:SystemClock_Config	216	static
main.c:219:6:DMA1_Stream5_IRQHandlerX	16	static
main.c:237:6:DMA1_Stream4_IRQHandlerX	8	static
main.c:249:6:USART2_IRQHandlerX	16	static
main.c:261:1:usart_start_tx_dma_transfer	24	static,ignoring_inline_asm
main.c:299:6:usart_send_string	16	static
main.c:305:6:usart_process_data	16	static
main.c:324:6:usart_process_data2	24	static
main.c:343:9:find_str_end	24	static
main.c:363:6:usart_rx_check	16	static
main.c:388:6:usart_rx_dma_thread	24	static
main.c:416:6:HAL_TIM_PeriodElapsedCallback	16	static
main.c:433:6:Error_Handler	4	static
